
 Start         Length     Name                   Class
 0001:00000000 000642C0H .text                   CODE
 0002:00000000 000065D4H .data                   DATA
 0002:000065D4 00004285H .bss                    BSS


Detailed map of segments

 0001:00000000 000051FC C=CODE     S=.text    G=(none)   M=System   ACBP=A9
 0001:000051FC 00000174 C=CODE     S=.text    G=(none)   M=SysInit  ACBP=A9
 0001:00005370 000007EC C=CODE     S=.text    G=(none)   M=Windows  ACBP=A9
 0001:00005B5C 00001D0F C=CODE     S=.text    G=(none)   M=ELeaks   ACBP=A9
 0001:0000786C 000002F0 C=CODE     S=.text    G=(none)   M=SysConst ACBP=A9
 0001:00007B5C 000064B0 C=CODE     S=.text    G=(none)   M=SysUtils ACBP=A9
 0001:0000E00C 00000038 C=CODE     S=.text    G=(none)   M=Messages ACBP=A9
 0001:0000E044 00000038 C=CODE     S=.text    G=(none)   M=ActiveX  ACBP=A9
 0001:0000E07C 00000098 C=CODE     S=.text    G=(none)   M=Consts   ACBP=A9
 0001:0000E114 00000468 C=CODE     S=.text    G=(none)   M=TypInfo  ACBP=A9
 0001:0000E57C 0000352F C=CODE     S=.text    G=(none)   M=Classes  ACBP=A9
 0001:00011AAC 00000038 C=CODE     S=.text    G=(none)   M=ETypes   ACBP=A9
 0001:00011AE4 00002944 C=CODE     S=.text    G=(none)   M=EConsts  ACBP=A9
 0001:00014428 00003E78 C=CODE     S=.text    G=(none)   M=ECore    ACBP=A9
 0001:000182A0 000045AC C=CODE     S=.text    G=(none)   M=EDebug   ACBP=A9
 0001:0001C84C 00000040 C=CODE     S=.text    G=(none)   M=ShellAPI ACBP=A9
 0001:0001C88C 000000A0 C=CODE     S=.text    G=(none)   M=WinSock  ACBP=A9
 0001:0001C92C 000014F8 C=CODE     S=.text    G=(none)   M=EHook    ACBP=A9
 0001:0001DE24 000000E8 C=CODE     S=.text    G=(none)   M=ELang    ACBP=A9
 0001:0001DF0C 00001588 C=CODE     S=.text    G=(none)   M=ESockets ACBP=A9
 0001:0001F494 00007A10 C=CODE     S=.text    G=(none)   M=EZlib    ACBP=A9
 0001:00026EA4 00000AFC C=CODE     S=.text    G=(none)   M=EHash    ACBP=A9
 0001:000279A0 00000354 C=CODE     S=.text    G=(none)   M=EEncrypt ACBP=A9
 0001:00027CF4 000002DC C=CODE     S=.text    G=(none)   M=EBase64  ACBP=A9
 0001:00027FD0 00000190 C=CODE     S=.text    G=(none)   M=EZip     ACBP=A9
 0001:00028160 0000715C C=CODE     S=.text    G=(none)   M=EWebTools ACBP=A9
 0001:0002F2BC 000005A8 C=CODE     S=.text    G=(none)   M=EXMLBuilder ACBP=A9
 0001:0002F864 00004228 C=CODE     S=.text    G=(none)   M=ELogManager ACBP=A9
 0001:00033A8C 0000132C C=CODE     S=.text    G=(none)   M=EListView ACBP=A9
 0001:00034DB8 00007434 C=CODE     S=.text    G=(none)   M=EDisAsm  ACBP=A9
 0001:0003C1EC 00027920 C=CODE     S=.text    G=(none)   M=ExceptionLog ACBP=A9
 0001:00063B0C 00000530 C=CODE     S=.text    G=(none)   M=IfStatements ACBP=A9
 0002:00000000 000000A6 C=DATA     S=.data    G=DGROUP   M=System   ACBP=A9
 0002:000000A8 00000018 C=DATA     S=.data    G=DGROUP   M=SysInit  ACBP=A9
 0002:000000C0 00000014 C=DATA     S=.data    G=DGROUP   M=ELeaks   ACBP=A9
 0002:000000D4 0000022C C=DATA     S=.data    G=DGROUP   M=SysUtils ACBP=A9
 0002:00000300 0000000C C=DATA     S=.data    G=DGROUP   M=TypInfo  ACBP=A9
 0002:0000030C 00000044 C=DATA     S=.data    G=DGROUP   M=Classes  ACBP=A9
 0002:00000350 00000908 C=DATA     S=.data    G=DGROUP   M=EConsts  ACBP=A9
 0002:00000C58 00000044 C=DATA     S=.data    G=DGROUP   M=ECore    ACBP=A9
 0002:00000C9C 0000004C C=DATA     S=.data    G=DGROUP   M=EDebug   ACBP=A9
 0002:00000CE8 000001A0 C=DATA     S=.data    G=DGROUP   M=EHook    ACBP=A9
 0002:00000E88 00000001 C=DATA     S=.data    G=DGROUP   M=ESockets ACBP=A9
 0002:00000E8C 00000E5C C=DATA     S=.data    G=DGROUP   M=EZlib    ACBP=A9
 0002:00001CE8 00000212 C=DATA     S=.data    G=DGROUP   M=EHash    ACBP=A9
 0002:00001EFC 000000C0 C=DATA     S=.data    G=DGROUP   M=EBase64  ACBP=A9
 0002:00001FBC 00002B8C C=DATA     S=.data    G=DGROUP   M=EWebTools ACBP=A9
 0002:00004B48 00000020 C=DATA     S=.data    G=DGROUP   M=EXMLBuilder ACBP=A9
 0002:00004B68 00000020 C=DATA     S=.data    G=DGROUP   M=ELogManager ACBP=A9
 0002:00004B88 000012D5 C=DATA     S=.data    G=DGROUP   M=EDisAsm  ACBP=A9
 0002:00005E60 0000055C C=DATA     S=.data    G=DGROUP   M=ExceptionLog ACBP=A9
 0002:00007000 000004CC C=BSS      S=.bss     G=DGROUP   M=System   ACBP=A9
 0002:000074CC 00000018 C=BSS      S=.bss     G=DGROUP   M=SysInit  ACBP=A9
 0002:000074E4 00000004 C=BSS      S=.bss     G=DGROUP   M=Windows  ACBP=A9
 0002:000074E8 00000054 C=BSS      S=.bss     G=DGROUP   M=ELeaks   ACBP=A9
 0002:0000753C 00000004 C=BSS      S=.bss     G=DGROUP   M=SysConst ACBP=A9
 0002:00007540 00000118 C=BSS      S=.bss     G=DGROUP   M=SysUtils ACBP=A9
 0002:00007658 00000004 C=BSS      S=.bss     G=DGROUP   M=Messages ACBP=A9
 0002:0000765C 00000004 C=BSS      S=.bss     G=DGROUP   M=ActiveX  ACBP=A9
 0002:00007660 00000004 C=BSS      S=.bss     G=DGROUP   M=Consts   ACBP=A9
 0002:00007664 00000004 C=BSS      S=.bss     G=DGROUP   M=TypInfo  ACBP=A9
 0002:00007668 00000038 C=BSS      S=.bss     G=DGROUP   M=Classes  ACBP=A9
 0002:000076A0 00000004 C=BSS      S=.bss     G=DGROUP   M=ETypes   ACBP=A9
 0002:000076A4 00000004 C=BSS      S=.bss     G=DGROUP   M=EConsts  ACBP=A9
 0002:000076A8 00000009 C=BSS      S=.bss     G=DGROUP   M=ECore    ACBP=A9
 0002:000076B4 00000004 C=BSS      S=.bss     G=DGROUP   M=EDebug   ACBP=A9
 0002:000076B8 00000004 C=BSS      S=.bss     G=DGROUP   M=ShellAPI ACBP=A9
 0002:000076BC 00000004 C=BSS      S=.bss     G=DGROUP   M=WinSock  ACBP=A9
 0002:000076C0 00000010 C=BSS      S=.bss     G=DGROUP   M=EHook    ACBP=A9
 0002:000076D0 00000004 C=BSS      S=.bss     G=DGROUP   M=ELang    ACBP=A9
 0002:000076D4 00000004 C=BSS      S=.bss     G=DGROUP   M=ESockets ACBP=A9
 0002:000076D8 00002890 C=BSS      S=.bss     G=DGROUP   M=EZlib    ACBP=A9
 0002:00009F68 00000404 C=BSS      S=.bss     G=DGROUP   M=EHash    ACBP=A9
 0002:0000A36C 0000001C C=BSS      S=.bss     G=DGROUP   M=EEncrypt ACBP=A9
 0002:0000A388 00000004 C=BSS      S=.bss     G=DGROUP   M=EBase64  ACBP=A9
 0002:0000A38C 00000004 C=BSS      S=.bss     G=DGROUP   M=EZip     ACBP=A9
 0002:0000A390 00000048 C=BSS      S=.bss     G=DGROUP   M=EWebTools ACBP=A9
 0002:0000A3D8 00000004 C=BSS      S=.bss     G=DGROUP   M=EXMLBuilder ACBP=A9
 0002:0000A3DC 00000004 C=BSS      S=.bss     G=DGROUP   M=ELogManager ACBP=A9
 0002:0000A3E0 00000004 C=BSS      S=.bss     G=DGROUP   M=EListView ACBP=A9
 0002:0000A3E4 00000004 C=BSS      S=.bss     G=DGROUP   M=EDisAsm  ACBP=A9
 0002:0000A3E8 00000E78 C=BSS      S=.bss     G=DGROUP   M=ExceptionLog ACBP=A9
 0002:0000B260 00000024 C=BSS      S=.bss     G=DGROUP   M=IfStatements ACBP=A9


  Address         Publics by Name

 0002:00000FE0       .
 0002:000096DC       .
 0002:00001150       .
 0002:00000F3C       .
 0001:00025028       .
 0002:0000127C       .
 0002:000076DC       .
 0002:00000F24       .
 0001:000215C0       .
 0002:00000F1C       .
 0001:0000D584       .
 0001:000214F8       .
 0002:00000F10       .
 0001:000210EC       .
 0002:00000EB4       .
 0001:0001FBD8       .
 0002:00000F90       .
 0002:00000064       .
 0001:00004978       .
 0001:00004564       .
 0002:0000753C       .1
 0002:000076A0       .1
 0002:000074DC       .1
 0002:000076C0       .1
 0002:00007660       .1
 0002:000076D0       .1
 0002:0000A36C       .1
 0002:0000A388       .1
 0002:000076BC       .1
 0002:00007658       .1
 0002:00009F68       .1
 0002:00007500       .1
 0002:000076B8       .1
 0002:0000A3E4       .2
 0002:000076D8       .2
 0002:0000A3E0       .2
 0002:0000A40C       .21
 0002:0000A38C       .3
 0002:000074E4       .3
 0002:0000A3D8       .3
 0002:0000A3DC       .3
 0002:0000765C       .3
 0002:00007428       .3
 0002:000076AC       .4
 0002:000076D4       .4
 0002:00007648       .44
 0002:00007664       .5
 0002:000076A4       .5
 0002:0000A390       .7
 0002:0000766C       .84
 0002:000076B4       .92
 0001:000019B0       @AbstractError
 0001:0000339C       @AddRef
 0001:000032DC       @AddRefArray
 0001:000032B0       @AddRefRecord
 0001:00001EE4       @AfterConstruction
 0001:000049C1       @Append
 0001:00001DD4       @AsClass
 0001:000028D4       @Assert
 0001:00004766       @Assign
 0001:00001A48       @AStrCmp
 0001:00001EEC       @BeforeDestruction
 0001:00001E20       @CallDynaInst
 0001:00004540       @CheckAutoResult
 0001:00001E8C       @ClassCreate
 0001:00001EDC       @ClassDestroy
 0001:00004808       @Close
 0001:00001700       @Copy
 0001:000034C4       @CopyArray
 0001:000033A8       @CopyRecord
 0001:00021F6C       @deflateInit2_
 0001:000035CC       @Dispose
 0001:00002414       @DoneExcept
 0001:00003F24       @DynArrayAddRef
 0001:00003EFC       @DynArrayAsg
 0001:00003EC0       @DynArrayClear
 0001:00003D00       @DynArrayHigh
 0001:00003CF8       @DynArrayLength
 0001:00003EB4       @DynArraySetLength
 0001:00002508       @ExceptionHandler
 0001:00001AB8       @FillChar
 0001:000211B8       @fill_fopen_filefunc
 0001:000032A4       @Finalize
 0001:000031BC       @FinalizeArray
 0001:00003190       @FinalizeRecord
 0001:000047E1       @Flush
 0001:00001CB8       @FpuInit
 0001:00001BF4       @FpuMaskInit
 0001:000015E0       @FreeMem
 0001:000015C8       @GetMem
 0001:00005274       @GetTls
 0001:000216F0       @get_crc_table
 0001:000028BC       @Halt
 0001:0000279C       @Halt0
 0001:00001FF8       @HandleAnyException
 0001:000022E4       @HandleAutoException
 0001:000022AC       @HandleFinally
 0001:00002124       @HandleOnException
 0001:00023660       @inflateInit2_
 0001:000230A8       @inflate_fast
 0001:00024BB8       @inflate_table
 0001:00005304       @InitExe
 0001:00003184       @Initialize
 0001:000030F0       @InitializeArray
 0001:000030C4       @InitializeRecord
 0001:000026F8       @InitImports
 0001:000026DC       @InitResStringImports
 0001:00001744       @Insert
 0001:00004534       @IntfAddRef
 0001:00004500       @IntfClear
 0001:00004518       @IntfCopy
 0001:00001DBC       @IsClass
 0001:00001BC4       @isNECWindows
 0001:00002DC4       @LStrAddRef
 0001:00002998       @LStrArrayClr
 0001:000029C8       @LStrAsg
 0001:00002C18       @LStrCat
 0001:00002C5C       @LStrCat3
 0001:00002CD0       @LStrCatN
 0001:00002974       @LStrClr
 0001:00002D20       @LStrCmp
 0001:00002E18       @LStrCopy
 0001:00002E58       @LStrDelete
 0001:00002BA4       @LStrFromArray
 0001:00002B1C       @LStrFromChar
 0001:00002B2C       @LStrFromPChar
 0001:00002A5C       @LStrFromPCharLen
 0001:00002B5C       @LStrFromPWChar
 0001:00002A8C       @LStrFromPWCharLen
 0001:00002B98       @LStrFromString
 0001:00002BBC       @LStrFromWArray
 0001:00002BD8       @LStrFromWStr
 0001:00002EA0       @LStrInsert
 0001:00002A0C       @LStrLAsg
 0001:00002C10       @LStrLen
 0001:00002EFC       @LStrPos
 0001:00002F44       @LStrSetLength
 0001:00002DD4       @LStrToPChar
 0001:00002BEC       @LStrToString
 0001:000035B8       @New
 0001:00002A38       @NewAnsiString
 0001:00001934       @Pos
 0001:00004B40       @Pow10
 0001:000019FC       @PStrCpy
 0001:000019CC       @PStrNCat
 0001:00001A18       @PStrNCpy
 0001:000023C0       @RaiseAgain
 0001:000023A4       @RaiseExcept
 0001:00001AD8       @RandInt
 0001:00004844       @ReadChar
 0001:000048C3       @ReadCString
 0001:00004950       @ReadLn
 0001:00002FD0       @ReadLString
 0001:000048B8       @ReadString
 0001:000015F8       @ReallocMem
 0001:000049B3       @ResetText
 0001:000049BA       @RewritText
 0001:00001988       @ROUND
 0001:000028C8       @RunError
 0001:00001974       @SetLength
 0001:000026AC       @StartExe
 0001:00001994       @TRUNC
 0001:00002444       @TryFinallyExit
 0001:00003AD4       @ValInt64
 0001:00001AF0       @ValLong
 0001:00003AB0       @VarAddRef
 0001:00003978       @VarCast
 0001:00003720       @VarClear
 0001:00003AA8       @VarClr
 0001:00003764       @VarCopy
 0001:00003A6C       @VarToLStr
 0001:00004AA7       @Write0Char
 0001:00004B10       @Write0CString
 0001:00002FA8       @Write0LString
 0001:00004A6C       @Write0String
 0001:000049C8       @WriteBytes
 0001:00004AF9       @WriteChar
 0001:00004B14       @WriteCString
 0001:00004A93       @WriteLn
 0001:00002FB0       @WriteLString
 0001:00004A33       @WriteSpaces
 0001:00004A76       @WriteString
 0001:000030A4       @WStrAddRef
 0001:0000305C       @WStrArrayClr
 0001:00003080       @WStrAsg
 0001:00003044       @WStrClr
 0001:000047BC       @_Flush
 0001:000016D0       @_IOTest
 0001:00004E5A       @_lldiv
 0001:00004ED2       @_lldivo
 0001:00004F4D       @_llmod
 0001:00004FC7       @_llmodo
 0001:00004E14       @_llmul
 0001:00004E37       @_llmulo
 0001:00005047       @_llshl
 0001:00004F04       @_lludiv
 0001:00004FF9       @_llumod
 0001:0000507F       @_llushr
 0001:00026228       @_tr_align
 0001:000264F4       @_tr_flush_block
 0001:0002502C       @_tr_init
 0001:0002616C       @_tr_stored_block
 0001:0000BC78       Abort
 0001:0000C028       AbstractErrorHandler
 0002:0000701C       AbstractErrorProc
 0002:00000148       AccessMode
 0001:00056750       AccessViolationModuleInLongFormat
 0001:0004D174       ActicatePage
 0002:0000A57C       ActivateEurekaLog
 0001:0000E074       ActiveX
 0001:00029A7C       AddAuthenticationToURL
 0001:00000300       AddBlockAfter
 0001:0005C764       AddCallerCallStack
 0001:00050FE8       AddColor
 0001:00048DC0       AddCustomHeadersToLog
 0001:00048C64       AddCustomHeaderToLog
 0001:0001EBA8       AddDNS
 0002:000074FC       AddLeak
 0001:000479B8       AddModule
 0001:0000433C       AddModuleUnloadProc
 0001:0000434C       AddModuleUnloadProc
 0001:00041D70       AddNewProcess
 0001:00042138       AddNewProcessEx
 0001:0001CEF4       AddrSize
 0001:000555C0       AddStr
 0001:00011630       AddThread
 0001:00047B38       AddToStack
 0001:00031008       AddValueField
 0001:0001F9F0       AddZipFile
 0001:0004D0C4       AdjustDialog
 0001:0004A5A4       AdjustFlatStyle
 0001:000211F0       adler32
 0001:00051BC8       AfterScreenshot
 0001:000518DC       AfterScreenshotToStream
 0002:00007518       AllocatedList_End
 0002:00007510       AllocatedList_Lock
 0002:00007514       AllocatedList_Start
 0001:000115A8       AllocateWindow
 0001:00008720       AllocMem
 0002:00007420       AllocMemCount
 0002:00007424       AllocMemSize
 0002:00004B28       AlphaNumerics
 0001:00008830       AnsiCompareText
 0001:0000C7BC       AnsiPos
 0001:00008868       AnsiStrIComp
 0001:0000C7F4       AnsiStrPos
 0001:0000C894       AnsiStrRScan
 0001:0000C8BC       AnsiStrScan
 0001:00003800       AnyChangeType
 0001:0000A02C       AppendChars
 0001:0000A3F4       AppendFormat
 0001:0000A090       AppendNumber
 0001:0000A070       AppendString
 0001:0004818C       ApplicationRestore
 0001:00006548       AreTheSameLeak
 0001:00046AA0       ASMAssigned
 0002:00000D88       AsmConst
 0001:0004BB40       AssemblerDialogProc
 0001:0003DCAC       AssemblerToRTF
 0001:0000C00C       AssertErrorHandler
 0002:00007018       AssertErrorProc
 0001:0000E378       AssignLongStr
 0001:0004F59C       AssignOnCloseData
 0001:000495D4       AssignPriority
 0001:0004F3FC       AssignRequestData
 0001:0001C6E4       AssignValidDebugInfo
 0001:0000E3CC       AssignWideStr
 0001:00052A10       AttachedFile
 0001:00052C6C       AttachedFiles
 0002:0000A400       AttachedFilesRequest
 0001:000582FC       AttrToString
 0002:0000A584       AutoCloseTimer
 0001:00048B38       AutoCloseTimerProc
 0002:00007474       avail
 0001:00009154       BackfillGetDiskFreeSpaceEx
 0001:00027E14       Base64Decode
 0001:00027EF4       Base64DecodeStr
 0001:00027F5C       Base64DecodeString
 0001:00027D58       Base64Encode
 0001:000525E8       Base64EncodeFromFile
 0001:00027EA8       Base64EncodeStr
 0001:00027F54       Base64EncodeString
 0001:00027F64       Base64EncodeToString
 0001:0000C550       Beep
 0001:00005808       BeginPaint
 0001:00002928       BeginThread
 0001:0001639C       BinToStr
 0001:00005710       BitBlt
 0002:0000744C       blockDescBlockList
 0002:00007450       blockDescFreeList
 0001:00055150       BlockingSendInternetMessage
 0002:000000C4       BlockOverFoot
 0002:000000C0       BlockOverHead
 0002:00000300       BooleanIdents
 0001:000423CC       BuildListPS
 0001:00042294       BuildListTH
 0002:00005E48       ByteRegs1
 0002:00005E4C       ByteRegs2
 0001:00051150       BytesPerScanline
 0001:00050BBC       BytesSwap
 0001:0000C634       ByteToCharIndex
 0001:0000C60C       ByteToCharLen
 0001:0000C5D0       ByteType
 0001:0000C558       ByteTypeTest
 0002:0000A780       Cached_LogFile
 0001:0006024C       CalcAddr
 0001:00050BEC       CalcCRC
 0001:00027D20       CalcDecodedSize
 0001:00044BC0       CalcDuplicatedException
 0001:00027CF4       CalcEncodedSize
 0001:0001D250       CalculateRelocatedAsmSize
 0001:00045CBC       CallAttachedFilesRequest
 0001:00045D2C       CallAttachedFilesRequestEvents
 0001:00045E60       CallCustomButtonClickEvent
 0001:00045ECC       CallCustomButtonClickEvents
 0001:00045BEC       CallCustomDataRequest
 0001:00045C5C       CallCustomDataRequestEvents
 0001:00045D90       CallCustomWebFieldsRequest
 0001:00045E00       CallCustomWebFieldsRequestEvents
 0001:00005C04       CallerOfReallocMem
 0001:0006079C       CallEurekaLog
 0001:000458F0       CallExceptionActionNotify
 0001:00058C08       CallExceptionActionNotify_atSavedLogFile
 0001:00058BE4       CallExceptionActionNotify_atSavingLogFile
 0001:00053F90       CallExceptionActionNotify_atSendingEmail
 0001:00053FD8       CallExceptionActionNotify_atSendingWebMessage
 0001:00053FB4       CallExceptionActionNotify_atSentEmail
 0001:00053FFC       CallExceptionActionNotify_atSentWebMessage
 0001:00058EC8       CallExceptionActionNotify_atShowedExceptionInfo
 0001:00058EA4       CallExceptionActionNotify_atShowingExceptionInfo
 0001:000504EC       CallExceptionActionNotify_atTerminating
 0001:00045A64       CallExceptionErrorNotify
 0001:00058C2C       CallExceptionErrorNotify_atSavedLogFile
 0001:00054020       CallExceptionErrorNotify_atSentEmail
 0001:00054044       CallExceptionErrorNotify_atSentWebMessage
 0001:000456F8       CallExceptionNotify
 0001:00045764       CallExceptionNotifyEvents
 0002:00006388       CallFromCOMObject
 0001:000457C8       CallHandledExceptionNotify
 0001:00045834       CallHandledExceptionNotifyEvents
 0001:00045C68       CallModuleEvent_AttachedFilesRequest
 0001:00045E0C       CallModuleEvent_CustomButtonClickNotify
 0001:00045B98       CallModuleEvent_CustomDataRequest
 0001:00045D38       CallModuleEvent_CustomWebFieldsRequest
 0001:00045840       CallModuleEvent_ExceptionActionNotify
 0001:000459B8       CallModuleEvent_ExceptionErrorNotify
 0001:000456A8       CallModuleEvent_ExceptionNotify
 0001:00045770       CallModuleEvent_HandledExceptionNotify
 0001:00045ED8       CallModuleEvent_PasswordRequest
 0001:00045B2C       CallPasswordRequest
 0001:00047E1C       CallStackByAddresses
 0001:0004C00C       CallStackDialogProc
 0001:00058EEC       CallWriteIntraWebText
 0001:0005EE04       Call_HookedExceptionObject
 0001:0005EBA0       Call_HookedRaise
 0001:0005EE30       Call_HookedRtlUnwind
 0001:0005075C       CalsCoordinates
 0002:0000A535       CanAttachScreenshot
 0002:0000A531       CanAttachScreenshot_Show
 0001:00060110       CanCallUnhandledException
 0002:0000A536       CanCopy
 0002:0000A532       CanCopy_Show
 0001:00046884       CanExit
 0002:0000A4F9       CanHookLibraries
 0002:0000635C       CannotProcessMessagesExceptions
 0002:0000A704       CannotUseThread
 0001:0005C7D8       CanPauseThisThread
 0002:0000A530       CanSendError_Show
 0002:0000A534       CanSendMessage
 0002:0000A533       CanSupport_Show
 0002:0000A7B0       CaptionFontName
 0002:0000A9EC       CAPTION_HEIGHT
 0002:00001EFC       cBase64Codec
 0002:00001F3C       cBase64Codec
 0001:0004A000       CenterOnActiveWndMonitor
 0001:00048AB8       CenterWindow
 0002:0000A4C0       CGIHandleException_D5Down
 0002:0000A468       CGIOutputFile
 0002:000073E8       ChangeAnyProc
 0001:00008CB0       ChangeFileExt
 0001:000625C4       ChangeFinalizationOrder
 0001:0004F510       ChangeLogUserEmail
 0001:0000386C       ChangeSourceAny
 0001:00000134       CharNext
 0002:00004B68       chars
 0001:0000C6F8       CharToByteIndex
 0001:0000C75C       CharToByteLen
 0001:00062D84       CheckCrc32
 0001:000155F0       CheckDirectoryExists
 0001:000299E8       CheckError
 0001:0001D824       CheckFail
 0001:000623CC       CheckForMemoryLeaks
 0001:000438BC       CheckForResult
 0001:0001543C       CheckIntoIDE
 0001:00001F74       CheckJmp
 0001:00015360       CheckKey
 0001:0003CCFC       CheckMagicCode
 0001:00006298       CheckOurPointer
 0002:00007674       ClassAliasList
 0001:00011A38       Classes
 0002:00007670       ClassList
 0002:000073E4       ClearAnyProc
 0001:000407F8       ClearInternalError
 0002:0000A955       ClickLinkActive
 0001:00034398       ClickOnSign
 0001:0003EB48       CloneObject
 0001:00005810       CloseClipboard
 0001:000000D4       CloseHandle
 0001:000053B0       CloseHandle
 0001:00044BA4       CloseLogFile
 0001:0003CCA0       ClosePrinter
 0001:00052934       CloseSendDialog
 0001:0001C88C       closesocket
 0001:0001FBB0       CloseZipFile
 0002:00007030       CmdLine
 0002:0000702C       CmdShow
 0002:000063A4       ColIdx
 0002:0000A988       ColWidths
 0001:00005718       CombineRgn
 0001:000005E0       Commit
 0002:00007490       committedRoot
 0001:00051820       CommonSaveToStream
 0001:00046C64       CompareEurekaFunctions
 0001:0004183C       CompareModulesFunctions
 0001:00041BC8       CompareProcessesFunctions
 0001:000053B8       CompareString
 0001:000087B8       CompareText
 0001:00057180       CompleteIP
 0001:0002B698       CompleteNumber
 0001:00030220       CompleteStr
 0001:0003D298       CompleteStr
 0001:00058350       CompleteString
 0001:00026FAC       Compress
 0001:000215AC       compressBound
 0001:0003E648       ComputerName
 0001:00017EDC       ComputerName
 0001:0001C894       connect
 0001:0000E10C       Consts
 0001:0000BA68       ConvertAddr
 0001:00005E98       ConvertAddress
 0001:00014C78       ConvertAddress
 0001:0000A180       ConvertEraString
 0001:000086A8       ConvertError
 0001:000086C0       ConvertErrorFmt
 0001:0002F97C       ConvertNotDosText
 0001:0002849C       ConvertSpecialHTMLChars
 0001:0000A2EC       ConvertYearString
 0001:00003D08       CopyArray
 0001:00005A60       CopyMemory
 0001:00005818       CopyRect
 0001:000461CC       CopyStrings
 0001:00006AD8       CountAllLeaks
 0001:0000C684       CountChars
 0001:0004CE98       CPUDialogProc
 0001:0003E048       CPUToRTF
 0002:00001CE8       Crc16Tab
 0001:00021704       crc32
 0002:00009F6C       crc_table
 0002:00001EE8       crc_table_computed
 0001:00051364       Create8bitBitmap
 0001:0000BF50       CreateAssertException
 0001:0000C0E8       CreateAVObject
 0001:00005720       CreateBitmap
 0001:00005728       CreateCompatibleBitmap
 0001:00005730       CreateCompatibleDC
 0001:00005B0C       CreateDialog
 0001:0004874C       CreateDialogFonts
 0001:00005820       CreateDialogParam
 0001:00005738       CreateDIBSection
 0001:0000925C       CreateDir
 0001:000053C0       CreateDirectory
 0001:000053C8       CreateEvent
 0001:00049888       CreateExceptionReport
 0001:000053D0       CreateFile
 0001:000000DC       CreateFileA
 0001:000053D8       CreateFileMapping
 0001:00005740       CreateFont
 0001:00005748       CreateFontIndirect
 0001:00058EF8       CreateGeneralText
 0001:00042CAC       CreateHTMLByLayout
 0001:000452D8       CreateHTMLFile
 0001:0000BE8C       CreateInOutError
 0001:00049B6C       CreateLeakReport
 0001:0005A184       CreateLogText
 0001:0001EFCC       CreateMXQuery
 0001:00050F84       CreateOctreeNode
 0001:00005750       CreatePalette
 0001:000053E0       CreateProcess
 0001:00005758       CreateRectRgn
 0001:00005760       CreateRectRgnIndirect
 0001:00005768       CreateSolidBrush
 0001:00043084       CreateTemplateFile
 0001:0000013C       CreateThread
 0001:00049D0C       CreateThreadStr
 0001:00053A90       CreateTmpLogFile
 0001:0003F00C       CreateVirtualFile
 0001:00005AD8       CreateWindow
 0001:00005828       CreateWindowEx
 0001:000453A4       CreateXMLLogCopy
 0001:00054068       CreateZIPFile
 0001:0001F95C       CreateZipFile
 0001:000618C0       Create_EurekaLogUnitsList
 0002:00000C58       CriticalError
 0002:00006380       CriticalExceptObject
 0002:00007488       curAlloc
 0002:00007548       CurrencyDecimals
 0002:00007544       CurrencyFormat
 0002:00007540       CurrencyString
 0002:0000A4E8       CurrentAsmErrorLine
 0002:0000A4F0       CurrentAsmErrorText
 0002:0000A4F4       CurrentCPUErrorText
 0002:0000A588       CurrentDialog
 0001:000602C0       CurrentEurekaLogOptions
 0002:0000A4EC       CurrentGeneralErrorText
 0002:0000A464       CurrentOptions
 0002:0000A5A0       CurrentProcessWindowsList
 0002:0000A554       CurrentRequestValue
 0002:0000636C       CurrentStackList
 0001:0000A018       CurrentYear
 0002:0000A408       CustomButtonClickNotify
 0002:0000A3FC       CustomDataRequest
 0002:0000A520       CustomExceptMessage
 0002:0000A404       CustomWebFieldsRequest
 0002:0000A370       CV
 0002:00000028       cwChop
 0002:00007549       DateSeparator
 0001:0000ABC4       DateTimeToStr
 0001:0000AB68       DateTimeToString
 0001:00009AD0       DateTimeToTimeStamp
 0001:00009FA0       DayOfWeek
 0002:0000A59C       DbgSection
 0002:00000008       DebugHook
 0002:0000A6DC       DebugHook_Assigned
 0001:00055610       DebugToStr
 0002:00007547       DecimalSeparator
 0001:00009F10       DecodeDate
 0001:00019C8C       DecodeNameString
 0001:00009BF8       DecodeTime
 0001:00000674       Decommit
 0001:00000C90       DecommitFree
 0002:00007464       decommittedRoot
 0001:00027BF8       Decrypt
 0002:00000000       Default8087CW
 0001:0002253C       deflate
 0001:00022800       deflateEnd
 0001:00021F50       deflateInit_
 0002:000001F8       DefLongDayNames
 0002:000001AC       DefLongMonthNames
 0002:000001DC       DefShortDayNames
 0002:0000017C       DefShortMonthNames
 0001:00005830       DefWindowProc
 0001:00000330       DeleteBlock
 0001:000053E8       DeleteCriticalSection
 0001:000002A0       DeleteCriticalSection
 0001:00005770       DeleteDC
 0001:000541D8       DeleteExtraFiles
 0001:000053F0       DeleteFile
 0001:00008C48       DeleteFile
 0001:00000AD8       DeleteFree
 0001:00005778       DeleteObject
 0001:00050E90       DeleteTree
 0001:0003F178       DeleteVirtualFile
 0001:00048994       DestroyDialogFonts
 0001:00005838       DestroyWindow
 0002:0000A9C8       DetailsActive
 0001:0004A5E4       DetailsState
 0001:00005840       DialogBoxParam
 0002:0000A9D4       DialogHeight
 0002:0000A6EC       DialogType
 0002:00000054       dig
 0002:00000C5C       Digits
 0001:00043060       DirectoryExists
 0001:000075AC       DisableMemoryLeaksCheck
 0001:00005848       DispatchMessage
 0001:0000868C       DivMod
 0001:00048404       DlgTemplate
 0002:000076C8       DllList
 0001:00009C90       DoEncodeDate
 0001:00009B10       DoEncodeTime
 0001:00007798       Done
 0001:0001F400       Done
 0001:00063698       Done
 0001:0001DCF8       Done
 0001:00018218       Done
 0001:000615A8       DoneCheckFreeze
 0002:0000A4B8       DoneExcept
 0001:00062578       DoneExceptAddr
 0001:0000C48C       DoneExceptions
 0001:000294C4       DoneLib
 0001:00007338       DoneShareMem
 0002:00000308       DotSep
 0001:0000F6F8       DoWrite
 0001:00033B5C       DrawBmp
 0001:000346E8       DrawBottom
 0001:0004F32C       DrawButton
 0001:0004F1C0       DrawClickHere
 0001:0004F13C       DrawControl
 0001:00034670       DrawFrame
 0001:00005850       DrawIconEx
 0001:00034790       DrawItem
 0001:0003473C       DrawLine
 0001:0004D454       DrawSupportLink
 0001:00005858       DrawText
 0002:0000A537       DuplicatedException
 0001:000053F8       DuplicateHandle
 0001:00003D20       DynArrayClear
 0001:00003D28       DynArraySetLength
 0001:00027FC8       EBase64
 0001:00014420       EConsts
 0001:00018270       ECore
 0001:0001C844       EDebug
 0001:0003C1E4       EDisAsm
 0001:00027CEC       EEncrypt
 0001:00027998       EHash
 0001:0000BE60       EHeapException.FreeInstance
 0001:0001DDF4       EHook
 0001:0002FEB4       ElaborateString
 0001:00029CA8       ElaborateURL
 0001:00029E10       ElaborateWebPage
 0001:0001DF04       ELang
 0001:00007858       ELeaks
 0001:00034DB0       EListView
 0001:00033A84       ELogManager
 0001:00005860       EmptyClipboard
 0002:00007410       EmptyParam
 0002:000000D4       EmptyStr
 0002:00000358       EMsgs
 0001:00007420       EnableMemoryLeaksCheck
 0001:00005868       EnableWindow
 0001:00050DB4       Encode
 0001:00009D58       EncodeDate
 0002:00004B48       EncodedChars
 0001:00009B80       EncodeTime
 0001:00053BF4       EncodeURL
 0001:00005870       EndDialog
 0001:00005878       EndPaint
 0001:0000296C       EndThread
 0001:00000290       EnterCriticalSection
 0001:00005400       EnterCriticalSection
 0001:00005408       EnumCalendarInfoA
 0001:0000B6B4       EnumEraNames
 0001:0000B6F0       EnumEraYearOffsets
 0001:0003CC90       EnumPrinters
 0001:00005410       EnumSystemLocales
 0001:00005880       EnumWindows
 0001:00040C0C       EnumWindowsProc
 0001:00040AA0       EnumWindowsProc
 0001:00040AF8       EnumWindowsProc
 0001:000191D8       Eof
 0002:0000760C       EraNames
 0001:0000AE44       EraToYear
 0002:00007628       EraYearOffsets
 0002:0000004C       errCaption
 0001:00007200       Error
 0001:00051C94       Error
 0001:0000168C       Error
 0002:0000703C       ErrorAddr
 0001:0000BF0C       ErrorHandler
 0002:00000214       ErrorMap
 0002:00007004       ErrorProc
 0002:00000B30       EShowOptions
 0001:0001F460       ESockets
 0001:00011ADC       ETypes
 0002:00000350       EurekaLogCurrentVersion
 0002:0000A550       EurekaLogList
 0001:00052544       EurekaLogSendEmail
 0002:00005E64       EurekaLogUnits
 0002:0000A578       EurekaLogUnitsList
 0001:00046698       EurekaLog_AttachedFilesRequestEvent
 0001:0005F464       EurekaLog_CallCreateThread
 0001:0005ECBC       EurekaLog_CallExceptObject
 0001:0005F59C       EurekaLog_CallExitThread
 0001:0005EB6C       EurekaLog_CallGeneralRaise
 0001:0005F4F8       EurekaLog_CallResumeThread
 0001:000467E0       EurekaLog_CustomButtonClickEvent
 0001:000465F4       EurekaLog_CustomDataRequestEventEx
 0001:0004673C       EurekaLog_CustomWebFieldsRequestEvent
 0001:000464AC       EurekaLog_ExceptionActionNotifyEvent
 0001:00046550       EurekaLog_ExceptionErrorNotifyEvent
 0001:00046364       EurekaLog_ExceptionNotifyEvent
 0001:00046408       EurekaLog_HandledExceptionNotifyEvent
 0001:00046250       EurekaLog_PasswordRequestEvent
 0001:00046294       EurekaLog_PasswordRequestEventEx
 0002:000008B8       EVals
 0002:00000BF0       EVariablesOptions
 0001:0002F2B4       EWebTools
 0001:0000BA50       ExceptAddr
 0002:00007008       ExceptClsProc
 0001:0000C3B0       ExceptHandler
 0001:0000BCD4       Exception.Create
 0001:0000BD10       Exception.CreateFmt
 0001:0000BD90       Exception.CreateRes
 0001:0000BDCC       Exception.CreateResFmt
 0002:0000A3F0       ExceptionActionNotify
 0002:00007010       ExceptionClass
 0002:0000A438       ExceptionCriticalSection
 0001:0000BA74       ExceptionErrorMessage
 0002:0000A3F4       ExceptionErrorNotify
 0001:0003FDB4       ExceptionLine
 0001:00063AA0       ExceptionLog
 0001:0006097C       ExceptionManager
 0002:0000A3E8       ExceptionNotify
 0002:0000A470       ExceptionNumber
 0002:0000A590       ExceptionsTime
 0002:0000A594       ExceptionTime
 0001:000435E8       ExceptionTypeByAddr
 0002:0000024C       ExceptMap
 0001:0005E220       ExceptNotify
 0001:00055438       ExceptNotifyAfter1
 0001:00055534       ExceptNotifyAfter2
 0001:00055548       ExceptNotifyAfter3
 0001:0000BA38       ExceptObject
 0002:0000700C       ExceptObjProc
 0002:00007000       ExceptProc
 0002:00007034       ExitCode
 0001:00002768       ExitDll
 0002:00007038       ExitProc
 0001:0000014C       ExitProcess
 0001:00005418       ExitThread
 0001:00000144       ExitThread
 0001:0002F85C       EXMLBuilder
 0001:00014748       ExpandEnvVars
 0001:00008E8C       ExpandFileName
 0001:00046CE8       ExportedFunctions
 0001:00044738       ExtractDebugData
 0001:00008D78       ExtractFileDrive
 0001:00008E44       ExtractFileExt
 0001:00005B9C       ExtractFileName
 0001:00008E0C       ExtractFileName
 0001:00008D44       ExtractFilePath
 0001:00008EC8       ExtractFilePathNoDrive
 0001:00060D80       ExtractGZipStream
 0001:00044D14       ExtractList
 0001:00008F9C       ExtractRelativePath
 0001:000442A8       ExtractStr
 0001:0001512C       ExtractStringsEx
 0001:000496BC       ExtractThreadByList
 0001:00031520       ExtractValue
 0001:00028158       EZip
 0001:00026E9C       EZlib
 0002:0000A78C       fActive
 0002:0000639C       fActivePage
 0002:0000A7A8       fBigFont
 0002:0000A790       fCaptionFont
 0002:0000A784       fDlgBack
 0001:00058690       FetchStr
 0002:0000A798       fFixedFont1
 0002:0000A79C       fFixedFont2
 0001:00008ADC       FileAge
 0001:00008AD4       FileClose
 0001:00008A4C       FileCreate
 0001:000091C8       FileDateToDateTime
 0001:00008B44       FileExists
 0002:00007046       FileMode
 0001:00008A0C       FileOpen
 0001:00008A70       FileRead
 0001:00008AC8       FileSeek
 0001:00005420       FileTimeToDosDateTime
 0001:00005428       FileTimeToLocalFileTime
 0001:00008A9C       FileWrite
 0001:00000BC0       FillAfterGap
 0001:00045530       FillAttachedList
 0001:00000B6C       FillBeforeGap
 0001:00000C58       FillerSizeAfterGap
 0001:00000BE8       FillerSizeBeforeGap
 0001:00005888       FillRect
 0001:00041C84       FillThreadsCount
 0001:0001DED4       Finalization
 0001:00007820       Finalization
 0001:0001821C       Finalization
 0001:00007B24       Finalization
 0001:00034D80       Finalization
 0001:0000E0DC       Finalization
 0001:0001439C       Finalization
 0001:0000E044       Finalization
 0001:0000E00C       Finalization
 0001:0003C148       Finalization
 0001:0000DE4C       Finalization
 0001:00005B24       Finalization
 0001:0001C854       Finalization
 0001:0002F264       Finalization
 0001:00011AAC       Finalization
 0001:00011980       Finalization
 0001:00027F98       Finalization
 0001:00063B0C       Finalization
 0001:00028128       Finalization
 0001:00026E6C       Finalization
 0001:00005338       Finalization
 0001:0001C8F4       Finalization
 0001:0001F408       Finalization
 0001:0001DDA0       Finalization
 0001:0000509C       Finalization
 0001:0001C7A8       Finalization
 0001:0002F82C       Finalization
 0001:00027968       Finalization
 0001:000638F0       Finalization
 0001:00027CBC       Finalization
 0001:0000E524       Finalization
 0001:00033A54       Finalization
 0002:000074F0       FinalizationProc
 0001:00003D18       FinalizeArray
 0001:00003F84       FindBS
 0001:00003F58       FindClassHInstance
 0001:00005430       FindClose
 0001:0000015C       FindClose
 0001:00008C2C       FindClose
 0001:00000B3C       FindCommitted
 0001:00053A10       FindEOFLine
 0001:000298D8       FindErrorMessage
 0001:00058E50       FindException
 0001:00008BB8       FindFirst
 0001:00005438       FindFirstFile
 0001:00000164       FindFirstFile
 0001:00041F28       FindFullPath
 0001:00044698       FindFunction
 0001:0003CD10       FindHandled
 0001:00003F30       FindHInstance
 0001:00006614       FindLeakAddress
 0001:00006824       FindLeakClassName
 0001:0000656C       FindLeakSons
 0001:00062CC0       FindMainInstance
 0001:00008B54       FindMatchingFile
 0001:00040FFC       FindModuleType
 0001:00008C08       FindNext
 0001:00005440       FindNextFile
 0001:000064C8       FindNextValidLeak
 0001:00019348       FindParam
 0001:00041BD0       FindProcess
 0001:00005448       FindResource
 0001:00003F60       FindResourceHInstance
 0001:000336C8       FindSection
 0001:00029038       FindSelected
 0001:00005890       FindWindow
 0001:000025EC       FInitUnits
 0002:0000A7B4       FixedFontName1
 0002:0000A7B8       FixedFontName2
 0002:0000A7AC       FixedFontSize
 0002:0000A9F0       FixedTmpOptionsFile
 0002:00007654       FLanguages
 0002:0000A7A0       fLinkFont
 0002:0000A7A4       fLinkFont2
 0002:0000A930       fListViewItems
 0002:00005548       FloatingPointOpcodes
 0001:0000DB49       FloatToDecimal
 0001:0000D5A6       FloatToText
 0001:0000D876       FloatToTextFmt
 0001:00005450       FlushInstructionCache
 0002:0000A788       fMemoBack
 0002:0000A910       fMonitor
 0002:0000A918       fMonitorInfo
 0002:00000170       FMSecsPerDay
 0001:00009968       FmtStr
 0001:000608C8       ForceApplicationTermination
 0002:00000178       Format
 0001:00009954       Format
 0001:00009528       FormatBuf
 0001:0000951C       FormatClearStr
 0001:00058B24       FormatComplete
 0001:0000ABD8       FormatDateTime
 0001:000094B0       FormatError
 0002:00000168       FormatErrorStrs
 0001:00009A30       FormatFloat
 0001:00005458       FormatMessage
 0001:0001C1A4       FormatProcName
 0001:00009508       FormatVarToStr
 0001:00004B40       FPower10
 0001:00005898       FrameRect
 0001:00006AAC       FreeAllLeaks
 0001:0000D2A4       FreeAndNil
 0001:0003EB7C       FreeClonedObject
 0001:000008A8       FreeCommitted
 0001:00000DB0       FreeCurAlloc
 0001:0001190C       FreeIntConstList
 0001:00005460       FreeLibrary
 0001:0000016C       FreeLibrary
 0001:0003CF80       FreeOutOfMemoryCache
 0001:00051C58       FreeScreenshot
 0001:00000528       FreeSpace
 0001:0000CDD4       FreeTerminateProcs
 0001:00011490       FreeThreadWindow
 0002:0000A4FC       FreezeThread
 0002:0000A914       fSendBmp
 0002:0000A3C4       FtpOpenFile
 0001:0002EC94       FTPUploadFiles
 0002:0000A794       fVariableFont
 0001:0004CC90       GeneralDialogProc
 0001:0005E94C       GeneralRaise
 0001:0003D848       GeneralToRTF
 0001:000604AC       GenerateCallStack
 0001:00054B8C       GenerateCustomWebFieldsString
 0001:00042F3C       GenerateHTML
 0001:0002A550       GenerateMultipartBoundary
 0001:0002E0E8       GenerateMultipartBoundary
 0001:0002E218       GenerateRequestBody
 0001:0002A6A4       GenerateRequestBody
 0001:00005480       GetACP
 0001:00056330       GetActiveControlClass
 0001:00056348       GetActiveControlText
 0001:00056250       GetActiveFormClass
 0001:0005629C       GetActiveFormText
 0001:00049D74       GetActiveMonitorData
 0001:000572BC       GetAdapterInfo
 0001:00041C50       GetAllocatedMemory
 0001:00056E4C       GetApplicationName
 0001:00040B70       GetApplicationRect
 0001:00056230       GetApplicationUpTime
 0001:0001D05C       GetAsmSize
 0001:00048200       GetBaseOfStack
 0001:000002A8       GetBlockDesc
 0001:0004F2A4       GetBottonWidth
 0001:00005AD4       GetBValue
 0001:000480DC       GetCallStackByAddresses
 0001:0003FAA0       GetCallStackDump
 0001:000058A0       GetClassInfo
 0001:000058A8       GetClassName
 0001:00000244       GetCmdShow
 0001:00034C00       GetColumnAlign
 0001:00034BD4       GetColumnCount
 0001:00005490       GetCommandLine
 0001:00000174       GetCommandLine
 0001:000006F4       GetCommitted
 0001:00000784       GetCommittedAt
 0001:00058568       GetCompanyName
 0001:000561D4       GetCompilationDate
 0001:0003D320       GetCompleteTimeStr
 0001:00005498       GetComputerName
 0001:0005DD24       GetControlClass
 0001:0005DD7C       GetControlText
 0001:0000A0DC       GetCount
 0001:00005488       GetCPInfo
 0001:00026F48       GetCRC16
 0001:00026F00       GetCRC32
 0001:00009234       GetCurrentDir
 0001:000054A0       GetCurrentDirectory
 0001:00005780       GetCurrentObject
 0001:00058948       GetCurrentPrinterHandle
 0001:000054A8       GetCurrentProcess
 0001:000054B0       GetCurrentProcessId
 0001:00060974       GetCurrentStackPointer
 0001:00048208       GetCurrentStackPointer
 0001:000054B8       GetCurrentThread
 0001:000054C0       GetCurrentThreadId
 0001:0000455C       GetCurrentThreadId
 0001:0003EB9C       GetCurrentTopOfStack
 0001:00058390       GetCurrentUserPrivileges
 0001:000058B0       GetCursor
 0001:000058B8       GetCursorPos
 0001:000063A0       GetDataCaller
 0001:0000A108       GetDate
 0001:000054C8       GetDateFormat
 0001:0000AD68       GetDateOrder
 0001:000058C0       GetDC
 0001:00047AF8       GetDebugDetail
 0001:000556B0       GetDebugInfoEx
 0001:00044A30       GetDebugInfosByAddr
 0001:00044484       GetDebugPartialInfo
 0001:00058724       GetDefaultPrinter
 0001:000058C8       GetDesktopWindow
 0001:00005790       GetDeviceCaps
 0001:0004D0A0       GetDialogState
 0001:00005788       GetDIBits
 0001:000054D0       GetDiskFreeSpaceA
 0002:00000144       GetDiskFreeSpaceEx
 0001:00056C10       GetDiskInfo
 0001:000582A4       GetDisplayDPI
 0001:000570E0       GetDisplayMode
 0001:000058D0       GetDlgItem
 0001:0001EBCC       GetDNSList
 0001:0001ED88       GetDomain
 0001:0001EEF4       GetDomainName
 0001:00059E6C       GetDump
 0001:00001DF0       GetDynaMethod
 0001:00059BAC       GetEAX
 0001:00059C04       GetEBX
 0001:00059C5C       GetECX
 0001:00059D64       GetEDI
 0001:0004F394       GetEditText
 0001:00059CB4       GetEDX
 0001:00046A98       GetEF
 0001:0003AB64       GetEffectiveAddress
 0001:00059E14       GetEIP
 0001:0005A0DC       GetEmptySection
 0001:0000E14C       GetEnumName
 0001:000054D8       GetEnvironmentVariable
 0001:000146DC       GetEnvVariable
 0001:0000B768       GetEraNamesAndYearOffsets
 0001:0000ADF0       GetEraYearOffset
 0001:00059D0C       GetESI
 0001:0003FA90       GetESP
 0001:00059DBC       GetESP
 0001:00047190       GetEurekaLogModuleVersion
 0001:00056544       GetExceptionAddress
 0001:0000C0D4       GetExceptionClass
 0001:0005652C       GetExceptionDate
 0001:00056A1C       GetExceptionMessage
 0001:00056578       GetExceptionModuleName
 0001:00056638       GetExceptionModuleVersion
 0001:0000C2B4       GetExceptionObject
 0001:000566AC       GetExceptionType
 0001:00048314       GetExceptMessage
 0001:000054E0       GetExitCodeProcess
 0001:000054E8       GetExitCodeThread
 0001:000288D8       GetFieldValue
 0001:000054F0       GetFileAttributes
 0001:0002986C       GetFileContents
 0001:0002E1AC       GetFileContents
 0001:0002EC58       GetFileSize
 0001:0001F9B4       GetFileSize
 0001:00041808       GetFileSize
 0001:000000EC       GetFileSize
 0001:000000E4       GetFileType
 0001:00057788       GetFileVersionEx
 0001:000056F8       GetFileVersionInfo
 0001:00005700       GetFileVersionInfoSize
 0001:000058D8       GetFocus
 0001:000058E0       GetForegroundWindow
 0001:0000C9B4       GetFormatSettings
 0001:00005F10       GetFramesCallStackDump
 0001:00056CF4       GetFreeDisk
 0001:00056B80       GetFreeMemory
 0001:000054F8       GetFullPathName
 0001:00055978       GetFunctionAsm
 0001:0001D194       GetFunctionSize
 0001:000153F4       GetGMT
 0001:00005AD0       GetGValue
 0001:00005500       GetHandleInformation
 0001:0001C8C4       gethostbyname
 0001:0001C8CC       gethostname
 0001:00029EC8       GetHTTPResponse
 0001:0002E4EC       GetHTTPResponse
 0001:000058E8       GetIconInfo
 0001:0001C4C4       GetImageNtHeaders
 0001:0005797C       GetIndexKeyName
 0001:0005E618       GetIntraWebExceptionType
 0001:00033B34       GetItemRect
 0001:0004BFC0       GetItemText
 0001:00001BBC       GetKeyboardType
 0001:000564E0       GetLanguageString
 0001:00005508       GetLastError
 0001:0000017C       GetLastError
 0001:000065C8       GetLeakCount
 0001:00029248       GetListDefault
 0001:00028EC4       GetListValue
 0001:0000B52C       GetLocaleChar
 0001:000563B4       GetLocaleDataA
 0001:00056374       GetLocaleDataW
 0001:00005528       GetLocaleInfo
 0001:00000184       GetLocaleInfo
 0001:00005518       GetLocaleInfoA
 0001:00005520       GetLocaleInfoW
 0001:0000B4E0       GetLocaleStr
 0001:00005510       GetLocalTime
 0001:00014D54       GetLongNameFromShort
 0001:0000E38C       GetLongStrProp
 0001:00040AD8       GetMainWindow
 0001:00005798       GetMapMode
 0001:00027868       GetMD5
 0001:00001648       GetMemoryManager
 0001:0000E4AC       GetMethodProp
 0001:0001F858       GetModifiedDate
 0001:00014CB0       GetModifiedDate
 0001:000413C8       GetModuleDescriptionAndVersion
 0001:00005530       GetModuleFileName
 0001:0000018C       GetModuleFileName
 0001:000051FC       GetModuleFileName
 0001:00000194       GetModuleHandle
 0001:00005538       GetModuleHandle
 0001:00005204       GetModuleHandle
 0001:000411BC       GetModulePath
 0001:00041298       GetModuleSize
 0001:00041B38       GetModulesList
 0001:000419A8       GetModulesWin9X
 0001:00041844       GetModulesWinNT
 0001:00041328       GetModuleVer
 0001:00045654       GetModule_ProcedureEvent
 0001:00049FDC       GetMonitorWorkAreaFromActiveWnd
 0001:00049FB8       GetMonitorWorkAreaFromWnd
 0001:00049ED0       GetMonitorWorkAreaFromWndEx
 0001:0000B590       GetMonthDayNames
 0001:0001F0F4       GetMXBestRecord
 0001:0001F054       GetMXRecord
 0001:0001F1E4       GetMXServerFromEmail
 0001:00057604       GetNetworkData
 0001:000586C4       GetNTDefPrinter
 0001:000057A0       GetObject
 0001:000063B4       GetObjectCaller
 0001:000512F4       GetOptimizedPalette
 0001:00029124       GetOptionsDefault
 0001:000071BC       GetOptionsFromExeFile
 0001:00028CC4       GetOptionsValue
 0001:0000E298       GetOrdProp
 0001:0003F67C       GetOSBuild
 0001:00056514       GetOSCharset
 0001:00056508       GetOSLanguage
 0001:0003F398       GetOSType
 0001:00056360       GetOSUpdate
 0001:0003CF64       GetOutOfMemoryCache
 0001:00050ECC       GetPaletteColors
 0001:00056130       GetParameters
 0001:00001804       GetParamStr
 0001:000474BC       GetPassword
 0001:000057A8       GetPixel
 0001:0003CCA8       GetPrinterDriver
 0001:000589BC       GetPrinterStr
 0001:00005540       GetPriorityClass
 0001:00005548       GetPrivateProfileString
 0001:0000019C       GetProcAddress
 0001:00005550       GetProcAddress
 0001:0004242C       GetProcessesList
 0001:00056F00       GetProcessor
 0001:00041774       GetProcessThreads
 0001:00014844       GetProfileFolder
 0001:00005558       GetProfileString
 0001:0000E22C       GetPropInfo
 0001:00005F88       GetRawCallStackDump
 0001:00007120       GetRawOptions
 0001:00005C18       GetReadableSize
 0001:00014BD8       GetReadableSize
 0001:00044E40       GetRealFileName
 0001:0003A50C       GetRefAddress
 0001:0003A66C       GetRegName
 0001:000436CC       GetResourceData
 0001:000070D8       GetResourceData
 0001:00005ACC       GetRValue
 0001:0000E30C       GetShortStrProp
 0001:0000E350       GetShortStrPropAsLongStr
 0001:00043A14       GetSourceInfoByAddr
 0001:0000044C       GetSpace
 0001:000004B0       GetSpaceAt
 0001:0005A04C       GetStack
 0001:00056E34       GetStartDate
 0001:00005560       GetStartupInfo
 0001:000001A4       GetStartupInfo
 0001:000000F4       GetStdHandle
 0001:000057B0       GetStockObject
 0001:0000E46C       GetStrProp
 0001:00044148       GetSymbolAddr
 0001:000058F0       GetSysColor
 0001:00005568       GetSystemDefaultLangID
 0001:000058F8       GetSystemMetrics
 0001:000057B8       GetSystemPaletteEntries
 0001:00005570       GetSystemTime
 0001:000570A4       GetSystemUpTime
 0001:0002868C       GetTagValue
 0001:00005578       GetTempPath
 0001:00028AB8       GetTextAreaValue
 0001:000057C0       GetTextExtentPoint32
 0001:00048F74       GetTextHeight
 0001:000490CC       GetTextWidth
 0001:00005580       GetThreadContext
 0001:00049758       GetThreadData
 0001:000001AC       GetThreadLocale
 0001:00005588       GetThreadLocale
 0001:0005E5A0       GetThreadParams
 0001:00005590       GetThreadPriority
 0001:00005598       GetTickCount
 0001:0000A140       GetTime
 0001:00005370       GetTokenInformation
 0001:0003FA98       GetTopOfStack
 0001:00056D94       GetTotalDisk
 0001:00056AF0       GetTotalMemory
 0001:0000E140       GetTypeData
 0001:00058554       GetUserEmail
 0001:00005378       GetUserName
 0001:00014900       GetUserPath
 0001:0002A614       GetValueFromIndex
 0001:000055A0       GetVersionEx
 0001:000417AC       GetVersionNumber
 0001:00057B4C       GetVideoCardStr
 0001:0001CC60       GetVirtualMethod
 0001:0000E3E0       GetWideStrProp
 0001:0000E420       GetWideStrPropAsLongStr
 0001:00040944       GetWindowClassName
 0001:00005900       GetWindowDC
 0001:00005908       GetWindowLong
 0001:00005910       GetWindowPlacement
 0001:00005918       GetWindowRect
 0001:000055A8       GetWindowsDirectory
 0001:00005920       GetWindowText
 0001:00005928       GetWindowThreadProcessId
 0001:00015630       GetWorkingFile
 0001:000055B0       GlobalAlloc
 0001:00005A70       GlobalAllocPtr
 0002:0000767C       GlobalFixupList
 0001:000055B8       GlobalFree
 0001:00005A9C       GlobalFreePtr
 0001:000055C8       GlobalHandle
 0001:000055C0       GlobalLock
 0001:000055D0       GlobalMemoryStatus
 0002:00007668       GlobalNameSpace
 0001:000055D8       GlobalReAlloc
 0001:00005A80       GlobalReAllocPtr
 0002:0000ADF0       GlobalSendValues
 0001:000055E0       GlobalUnlock
 0002:0000A768       Global_AttachedFiles
 0002:0000A70F       Global_CloseDialog
 0002:0000A75C       Global_CurrentEvent
 0002:0000A770       Global_DataFields
 0002:0000A734       Global_ExceptionRecord
 0002:0000A70C       Global_Execute
 0002:0000A70D       Global_Handled
 0002:00006394       Global_IntoHandleException
 0002:0000A778       Global_IntraWebText
 0002:0000A764       Global_LastInitPassword
 0002:0000A774       Global_Module
 0002:0000A760       Global_Password
 0002:0000A70E       Global_Retry
 0002:0000A76C       Global_WebFields
 0002:0000A77C       Global_WebTextID
 0001:0005E7E0       GoNotify
 0002:0000B274       grossIncome
 0002:00005388       GroupsOpcodes
 0002:000054C8       GroupsOperands
 0001:00062474       HandleAnyExceptionAddr
 0002:0000A474       HandleAnyExceptionAddr_Variable
 0001:00006B00       HandleAnyLeak
 0001:00062518       HandleAutoExceptionAddr
 0002:0000A47C       HandleAutoExceptionAddr_Variable
 0001:000345F8       HandleBackgroundState
 0002:0000A5D4       HandledCache
 0002:0000A5D0       HandledCacheCount
 0002:0000A6C4       HandledCacheCriticalSection
 0002:0000A3EC       HandledExceptionNotify
 0001:00006378       HandleError
 0001:000624C0       HandleOnExceptionAddr
 0002:0000A478       HandleOnExceptionAddr_Variable
 0001:00040908       HasWindowASize
 0002:00000004       HeapAllocFlags
 0002:00007430       heapErrorCode
 0002:00007434       heapLock
 0002:00000140       HexDisplayPrefix
 0002:000074D8       HInstance
 0001:00005A5C       HiWord
 0001:000469FC       HookBPLProcedureByAddr
 0001:00046A70       HookBPLProcedureBySymbol
 0001:0001D888       HookDllProcedure
 0001:0005F5BC       HookedCreateThread
 0001:0005EE0C       HookedExceptionObject
 0001:0005EFDC       HookedExceptProc
 0001:0005FA34       HookedExitThread
 0001:0005FB24       HookedHttpExtensionProc
 0002:000076CC       HookedMethodsList
 0002:000076C4       HookedProcedures
 0001:0005EC9C       HookedRaise
 0001:0005F818       HookedResumeThread
 0001:0005F200       HookedRTLThreadProc
 0001:0005EF24       HookedRtlUnwind
 0001:0005F0A8       HookedThreadExecute
 0001:0005F330       HookedThreadProc
 0001:0005FAF0       HookedWriteClientProc
 0001:0005EF4C       HookedWriteFile
 0001:00060AB8       Hooked_CGIHandleServerException_D5Down
 0001:00061210       Hooked_DoneExcept
 0001:000611E0       Hooked_IndyThreadHandleException
 0001:00060BCC       Hooked_IntraWebCreateServer
 0001:00060EC8       Hooked_IntraWebSendResponse
 0001:00060AE8       Hooked_ISAPIHandleServerException_D5Down
 0001:0006112C       Hooked_NTServiceLogMessage
 0001:00060B18       Hooked_VCLHandleException
 0001:00060B8C       Hooked_VCLShowException
 0001:00062C90       HookingModuleName
 0001:00062CB4       HookingRTLModuleName
 0001:00062704       HookLastFInit
 0001:000626E8       HookLastInit
 0001:0001D470       HookProcedure
 0001:0001D584       HookProcedureEx
 0001:00046964       HookSymbolProcedure
 0001:0001CCAC       HookVirtualMethod
 0001:00062714       Hook_InitializationAndFinalization
 0001:000628B4       Hook_OnExceptionEvents
 0001:00052970       HostName
 0002:00003A04       HTMLChars
 0002:00003704       HTMLDelimiters
 0001:0001C89C       htons
 0002:0000A3A0       HttpAddRequestHeaders
 0002:0000A3B0       HttpEndRequest
 0002:0000A39C       HttpOpenRequest
 0002:0000A3B4       HttpQueryInfo
 0002:0000A3A4       HttpSendRequest
 0002:0000A3A8       HttpSendRequestEx
 0001:0002E7A0       HTTPUploadFiles
 0002:000063AC       IDATHeader
 0001:00050D6C       IDATWrite
 0002:0000A700       IDC_CURSOR
 0001:0003D0E8       ifelseStr
 0001:00063C3C       IfStatements
 0001:0003D160       ifStr
 0002:000063B8       iLevel
 0001:00033DEC       ImageList_Add
 0001:00033DE4       ImageList_Create
 0001:00033DF4       ImageList_Destroy
 0001:00055818       ImmidiateDataProc
 0002:00000174       IMSecsPerDay
 0002:0000A574       InactiveThreads
 0001:00017CF0       IncludeLastBackslash
 0002:0000B264       income
 0002:0000A5A4       IndyHooked
 0002:0000A4B4       IndyThread_HandleException
 0002:0000A498       Indy_OnException
 0001:00023964       inflate
 0001:0002481C       inflateEnd
 0001:0001F584       InflateInit
 0001:0002372C       inflateInit_
 0001:000235A4       inflateReset
 0001:00014980       IniDir
 0001:0001820C       Init
 0001:00062E88       Init
 0001:000075CC       Init
 0001:0001DCC4       Init
 0001:0001F3F8       Init
 0001:00000934       InitAllocator
 0001:000614FC       InitCheckFreeze
 0002:000074A0       InitContext
 0001:00050C70       InitDeflate
 0001:0000CDF4       InitDriveSpacePtr
 0001:0000C3C0       InitExceptions
 0001:00000288       InitializeCriticalSection
 0001:000055E8       InitializeCriticalSection
 0002:00000E88       Initialized
 0002:00006374       Initialized
 0002:0000742C       initialized
 0001:000052B8       InitializeModule
 0001:00027B58       InitKey
 0001:000294DC       InitLib
 0001:0000C4F8       InitPlatformId
 0001:000514AC       InitScreenshot
 0001:00007244       InitShareMem
 0001:0000C8FC       InitSysLocale
 0001:00005224       InitThreadTLS
 0001:0000264C       InitUnits
 0002:0000704C       Input
 0002:0000B260       input
 0001:0004A054       InsertColumn
 0001:00000D28       InsertFree
 0001:0003CE68       InsertHandled
 0002:00007524       InstallNewMemoryManager
 0001:00062CA8       InstanceModuleName
 0002:00007678       IntConstList
 0001:00005468       InterlockedDecrement
 0001:00005470       InterlockedExchange
 0001:00005478       InterlockedIncrement
 0001:0001E088       InternalCleanup
 0001:0003FF38       InternalCriticalError
 0001:00009DCC       InternalDecodeDate
 0002:0000A548       InternalErrorCode
 0002:0000A54C       InternalErrorMsg
 0001:0005CA34       InternalExceptNotify
 0001:00042648       InternalFileExists
 0001:00000B9C       InternalFreeMem
 0002:000076B0       InternalIntoIDE
 0001:00051CA0       InternalSendMail
 0001:0001E058       InternalStartup
 0001:00006940       Internal_AddLeak
 0001:00061C90       Internal_AddLeak
 0001:000623C0       Internal_Finalization
 0001:000623A8       Internal_MultiFreeProc
 0001:00062390       Internal_OverrunProc
 0001:0000692C       Internal_ResetLeaks
 0001:0006193C       Internal_ResetLeaks
 0001:00061E10       Internal_ShowLeaks
 0001:000069F0       Internal_ShowLeaks
 0002:0000A3B8       InternetCloseHandle
 0002:0000A398       InternetConnect
 0002:0000A3D4       InternetGetConnectedState
 0002:0000A3C8       InternetGetLastResponseInfo
 0002:0000A394       InternetOpen
 0002:0000A3CC       InternetOpenUrl
 0002:0000A3BC       InternetQueryOption
 0002:0000A3D0       InternetReadFile
 0002:0000A3C0       InternetSetOption
 0002:0000A3AC       InternetWriteFile
 0002:0000A4CD       IntoFinalization
 0001:00015434       IntoIDE
 0002:0000A4CC       IntoInitialization
 0002:0000A4D4       IntraWebApplication
 0002:0000A4DC       IntraWebCompressedPage
 0002:0000A4D8       IntraWebServerController
 0001:000627D4       IntraWeb_BPL
 0002:0000A48C       IntraWeb_CreateServer
 0002:0000A4E4       IntraWeb_NewEvent
 0001:0005E77C       IntraWeb_OnExceptionEvent
 0001:0005E6FC       IntraWeb_OnExceptionEvent_New
 0001:0005E674       IntraWeb_OnExceptionEvent_Old
 0002:0000A494       IntraWeb_OnException_New
 0002:0000A490       IntraWeb_OnException_Old
 0002:0000A4A4       IntraWeb_SendResponse
 0002:0000A4A0       IntraWeb_ShowMessage
 0002:0000A4E0       IntraWeb_Version
 0001:00008978       IntToHex
 0001:0000893C       IntToHex
 0001:00008908       IntToStr
 0001:000088D8       IntToStr
 0001:00005930       InvalidateRect
 0001:00005938       InvalidateRgn
 0002:00007650       InvalidPointer
 0001:0001C8A4       ioctlsocket
 0001:000017AC       IOResult
 0001:000064D8       IsALeakChild
 0001:00040BF4       IsANewProcessWindow
 0001:0003EE14       IsAParent
 0001:0003ED04       IsAParentClassStr
 0001:00005DCC       IsAParentClassStr
 0001:0003EED8       IsAParentClassStr_Unsafe
 0001:0003EE84       IsAParents
 0001:0003EDEC       IsAParentStr
 0001:0003EFB8       IsAParentStr_Unsafe
 0002:0000A4BC       ISAPIHandleException_D5Down
 0002:0000A428       ISAPI_HttpExtensionProc
 0002:0000A430       ISAPI_Proc
 0002:00006360       ISAPI_SendError
 0002:0000A42C       ISAPI_WriteClientProc
 0001:00040990       IsApplicationWindow
 0001:000055F0       IsBadReadPtr
 0001:0005C7AC       IsBorlandThread
 0001:00042614       IsCGI
 0001:00058DB8       IsCompatibleException
 0001:0003EB18       IsCompatibleVersion
 0001:000435D4       IsCompiledWithPackages
 0001:00007408       IsCompiledWithPackages
 0002:00007044       IsConsole
 0001:00040BDC       IsCurrentProcessWindow
 0001:0003EA18       IsDebugged
 0001:000191EC       IsDecDigit
 0001:0003FA7C       IsDelphiException
 0002:0000A9D0       IsDialogShowed
 0001:000285F8       IsEnd
 0001:0006096C       IsEurekaLogActive
 0001:0006090C       IsEurekaLogActiveInThread
 0001:0004715C       IsEurekaLogCompatibleModule
 0001:000602B8       IsEurekaLogInstalled
 0001:00047138       IsEurekaLogModule
 0001:000470A8       IsEurekaLogModule_New
 0001:00046F90       IsEurekaLogModule_Old
 0001:00046AA8       IsExceptionHandled
 0001:00015614       IsFileOK
 0002:0000A6ED       IsFilterDialog
 0001:00042888       IsGUI
 0001:0005E1AC       IsHandledSafeCallException
 0001:00060D00       IsHTMLPage
 0001:00005940       IsIconic
 0001:00006FF4       IsIntoIDE
 0001:00042850       IsIntraWeb
 0001:00042814       IsISAPI
 0001:00009C54       IsLeapYear
 0002:00007028       IsLibrary
 0001:00043578       IsLocalStorageProc
 0001:0005C79C       IsMainThread
 0001:00040A00       IsMainWindow
 0001:0003EFD4       IsManageableObject
 0002:0000752C       IsMMHost
 0001:00040F20       IsModuleLibrary
 0002:00007045       IsMultiThread
 0001:00005BE0       IsObjectCreation
 0001:00048C28       ISODateTime
 0001:000155B8       IsReadableFile
 0001:00029850       IsRealFile
 0001:000435C8       IsRTLCompiledWithStackFrames
 0001:00043598       IsStackFramesProc
 0001:00014C60       IsValidBlockAddr
 0001:00005CA0       IsValidBlockAddr
 0001:0003EC04       IsValidClass
 0001:00005D7C       IsValidClass
 0001:0001EB40       IsValidDNS
 0001:0004F4CC       IsValidEmail
 0001:0003EA88       IsValidHandle
 0001:0003D088       IsValidModule
 0001:0003ECD8       IsValidObject
 0001:0003EAE8       IsValidRunningThread
 0001:0004285C       IsWeb
 0001:0003F344       IsWin95
 0001:0001D7C4       IsWin9xDebugThunk
 0001:000426B8       IsWinCGI
 0001:00005948       IsWindow
 0001:0005C7C8       IsWindowsThread
 0001:00005950       IsWindowVisible
 0001:0003F360       IsWinNT4
 0001:00017DA0       IsWinVista
 0001:0003F37C       IsWinVista
 0001:00015520       IsWritableFile
 0001:00043634       Is_HandleOnException_Handled
 0002:0000000C       JITEnable
 0001:0001CEA4       JumpToMem
 0002:0000A418       Kernel_CreateThread
 0002:0000A420       Kernel_ExitThread
 0002:0000A410       Kernel_RaiseException
 0002:0000A41C       Kernel_ResumeThread
 0002:0000A414       Kernel_RtlUnwind
 0002:0000A424       Kernel_WriteFile
 0002:0000A378       KeyData
 0001:00040D3C       KillApplication
 0001:00005958       KillTimer
 0002:0000A46C       LanguageStr
 0002:0000A6E8       LastBugID
 0001:00008C60       LastDelimiter
 0002:0000A518       LastDelphiException
 0002:0000A5A8       LastDumpCriticalSection
 0002:000076A8       LastEurekaVersion
 0002:0000A508       LastExceptAddr
 0002:00006378       LastExceptionAddress
 0002:0000A5C4       LastExceptionCallStackAddress
 0002:0000A5CC       LastExceptionCallStackDump
 0002:0000A5C8       LastExceptionCallStackSize
 0002:0000A528       LastExceptionLog
 0002:0000A6E4       LastExceptionMessage
 0002:0000637C       LastExceptionObject
 0002:0000A524       LastExceptionRecord
 0002:0000A5C0       LastExceptionThreadID
 0002:0000A6E0       LastExceptionType
 0002:0000A51C       LastExceptMessage
 0002:0000A514       LastExceptObject
 0002:0000A510       LastExceptThreadID
 0002:0000A488       LastFinalizationPtr
 0002:0000A4C4       LastHTMLPage
 0002:0000A484       LastInitializationPtr
 0002:0000A4C8       LastInitPointer
 0002:0000A52C       LastLog
 0002:00000120       LeadBytes
 0002:0000A6F8       LeakAddr
 0001:00006B88       LeaksCheck
 0002:00007526       LeaksOptions
 0002:00006370       LeaksStackList
 0002:0000A6F4       LeakTotalCount
 0002:0000A6F0       LeakTotalSize
 0001:00000298       LeaveCriticalSection
 0001:000055F8       LeaveCriticalSection
 0002:0000A97C       LeftButton
 0002:00000014       LibModuleList
 0002:0000A974       ListHeight
 0002:00007644       ListSeparator
 0002:0000A970       ListWidth
 0001:0003D5E0       Load
 0001:00005960       LoadBitmap
 0001:00005968       LoadCursor
 0001:0004754C       LoadData
 0001:00047360       LoadData_Old
 0001:00047958       LoadDebugInformation
 0001:00062D30       LoadFromFile
 0001:00005600       LoadLibrary
 0001:00005608       LoadLibraryEx
 0001:000001B4       LoadLibraryEx
 0001:00005610       LoadResource
 0001:00004140       LoadResourceModule
 0001:000044A8       LoadResString
 0001:0003F270       LoadSharedDataEx
 0001:000001BC       LoadString
 0001:00005970       LoadString
 0001:00045498       LoadTextFile
 0001:00000268       LocalAlloc
 0001:0000520C       LocalAlloc
 0001:000563F8       LocalesCallback
 0001:00000270       LocalFree
 0001:0000B554       LocalGetLocaleStr
 0001:0005E7D4       LockCheck
 0001:00005ED4       LockCheck
 0001:00005618       LockResource
 0001:00005EE0       LockVariable
 0001:00053BA0       LogFileMessage
 0001:000529A8       LoggedUserName
 0001:00042608       LogicToPhysicAddr
 0002:00007550       LongDateFormat
 0002:000075E4       LongDayNames
 0002:00007598       LongMonthNames
 0002:00007564       LongTimeFormat
 0001:00005380       LookupPrivilegeName
 0001:0000877C       LowerCase
 0001:00026F94       LRot32
 0001:000001C4       lstrcpy
 0001:000001CC       lstrcpyn
 0001:000001D4       lstrlen
 0001:0004BD48       MailSlotSend
 0002:0000A9CC       MainDialog
 0002:00007020       MainInstance
 0002:0000A500       MainThreadHandle
 0002:00007024       MainThreadID
 0002:0000A504       MainThreadTopOfStack
 0001:000002F8       MakeEmpty
 0001:00002718       MakeErrorMessage
 0001:00005A50       MakeLong
 0001:00026EA4       make_crc_table
 0002:0000A6FC       ManualAntiFreeze
 0001:0000C054       MapException
 0001:00045FC0       MappedExceptionObject
 0001:00002468       MapToRunError
 0001:00005620       MapViewOfFile
 0002:000063B0       Mask
 0001:00018E48       Max
 0002:00001FBC       MaxBugOccurrences
 0001:00046C6C       MaxReadableSize
 0002:0000001C       MemoryManager
 0002:00006390       MemoryOverrunExceptionText
 0002:00007528       MemoryPages
 0001:00000348       MergeBlockAfter
 0001:00000DFC       MergeCommit
 0001:00005978       MessageBeep
 0001:00000154       MessageBox
 0001:00005980       MessageBox
 0001:0000E03C       Messages
 0001:00018E50       Min
 0001:0003A614       ModRM
 0001:0001CF20       ModRMByte
 0002:000000A8       Module
 0001:0004AB48       ModuleBmp
 0001:0001CEC4       ModuleFileName
 0001:0003CF9C       ModuleFileName
 0001:0001C598       ModuleFileName
 0001:00040F0C       ModuleInfoByAddr
 0001:00040E50       ModuleInfoByHandle
 0002:0000A580       ModuleInfoData
 0002:00006384       ModuleInfoHandle
 0001:000425F8       ModuleInitTable
 0002:000074CD       ModuleIsCpp
 0002:000074CC       ModuleIsLib
 0001:00007380       ModuleName
 0002:00006364       ModulesList
 0001:0004AC40       ModulesListDialogProc
 0001:00011978       ModuleUnload
 0002:00000018       ModuleUnloadList
 0002:0000A9DC       MonitorRect
 0002:000000F0       MonthDays
 0001:000017C4       Move
 0001:00005628       MoveFile
 0001:00005988       MoveWindow
 0001:00005990       MsgWaitForMultipleObjects
 0001:00005630       MulDiv
 0001:000001DC       MultiByteToWideChar
 0002:0000638C       MultiFreeExceptionText
 0002:000074EC       MultiFreeProc
 0002:0000A758       MustFreeGlobalMappedObject
 0001:0005C818       MustPauseThisThread
 0001:0005C66C       MustRestoreApplication
 0001:0005C62C       MustSendMessage
 0001:0002F93C       NeedConvertNotDosText
 0002:00007545       NegCurrFormat
 0002:000036F0       NetLib
 0001:00000E88       NewCommit
 0001:00000EB4       NewCommitAt
 0001:00049190       NewDialogProc
 0001:00050854       NewDialogProc
 0001:0004D530       NewDialogProc
 0001:0000642C       NewFreeMem
 0001:000063C0       NewGetMem
 0002:000000C8       NewMemoryManager
 0001:0004F79C       NewMSDialogProc
 0001:00006458       NewReallocMem
 0001:00047C8C       NextItem
 0002:00000C7C       NoChars
 0002:00000010       NoErrMsg
 0002:0000A7BC       NonClientMetrics
 0001:00033648       NormalizePos
 0002:0000A705       NoSynchronizeEvent
 0001:00001F60       NotifyAnyExcept
 0001:00001F38       NotifyExcept
 0001:00001F94       NotifyExceptFinally
 0001:000043CC       NotifyModuleUnload
 0001:00001F18       NotifyNonDelphiException
 0001:00001F4C       NotifyOnExcept
 0001:00001EFC       NotifyReRaise
 0001:00001FBC       NotifyTerminate
 0001:00001FD8       NotifyUnhandled
 0002:0000A57D       NotLoadDebugInfo
 0001:00009FC8       Now
 0002:0000A4B0       NTService_LogMessage
 0002:00007400       Null
 0001:00005998       OffsetRect
 0002:0000A460       OldExceptObjProc
 0002:0000A450       OldExceptProc
 0002:0000A9D8       OldForegroundWnd
 0002:0000A710       OldGlobal_ExceptionRecord
 0002:00007504       OldMemoryManager
 0001:00003668       OleStrToStrVar
 0001:00055700       OnCallInstr
 0002:00004B88       OneByteOpcodes
 0001:0003D1E0       OneString
 0002:0000A4F8       OnlySafeCallExceptions
 0001:00055810       OnRefProc
 0002:00000D48       OpCodeLongJump1Byte
 0002:00000D68       OpCodeLongJump2Bytes
 0002:00000CE8       OpCodePrefixes
 0002:00000D28       OpCodeReturn
 0002:00000D08       OpCodeShortJump
 0001:000059A0       OpenClipboard
 0002:00006398       Opened_LogFile_Name
 0001:0004BE40       OpenIDEEditor
 0001:00044AD8       OpenLogFile
 0001:0003CC98       OpenPrinter
 0001:00005638       OpenProcess
 0001:00005388       OpenProcessToken
 0001:0002E5A4       OpenRequest
 0001:0003B0D4       Operand
 0002:0000A95C       OriginalHeight
 0002:00007530       OriginalMemMgr
 0002:0000A4D0       OriginalThreadProc
 0002:0000A958       OriginalWidth
 0001:00057948       OSSupportDisplayAPI
 0002:0000764C       OutOfMemory
 0002:0000A708       OutOfMemoryCache
 0002:00007218       Output
 0001:00005640       OutputDebugString
 0002:000074E8       OverrunProc
 0002:00001EEC       p
 0001:0000187C       ParamCount
 0001:000018DC       ParamStr
 0001:000293B4       ParserHTML
 0002:00003700       PassiveMode
 0002:0000A3F8       PasswordRequest
 0001:000059A8       PeekMessage
 0001:0001A918       PEInitialize
 0001:0001A87C       PeMapImgFindSection
 0001:0001D7D8       PeMapImgNtHeaders
 0001:0001A8D4       PeMapImgNtHeaders
 0001:0001A868       PeMapImgSections
 0002:0000B254       PNG_Bitmap
 0002:0000AE0C       PNG_ColoursCount
 0002:0000AE38       PNG_CRCList
 0002:000063A0       PNG_CRCListed
 0002:0000B248       PNG_Cursor
 0002:0000AE1C       PNG_Data
 0002:0000AE14       PNG_DataSize
 0002:0000B250       PNG_DCCompatible
 0002:0000B24C       PNG_DCScreen
 0002:0000AE34       PNG_Encode_Data
 0002:0000AE30       PNG_Encode_Filter
 0002:0000B244       PNG_FocusWnd
 0002:0000AE20       PNG_HeaderData
 0002:0000B25C       PNG_Height
 0002:0000B240       PNG_HWindow
 0002:0000AE18       PNG_ImgData
 0002:0000B238       PNG_pal
 0002:0000AE10       PNG_RowBytes
 0002:0000B23C       PNG_UsePal
 0002:0000B258       PNG_Width
 0001:00040C3C       PopulateCurrentProcessWindows
 0001:00014F80       PosEx
 0001:000059B0       PostMessage
 0001:00055090       PrepareFilesToSend
 0002:00000334       Priorities
 0001:00041670       PriorityToString
 0001:00052768       ProcessDialogMessages
 0002:00006368       ProcessesList
 0001:0004B374       ProcessesListDialogProc
 0001:00051170       ProcessImage
 0001:0004812C       ProcessMessage
 0001:0005E0A8       ProcessMessages
 0001:00010F14       PropValueError
 0002:000036F8       ProxyPassword
 0002:000036FC       ProxyServer
 0002:000036F4       ProxyUserName
 0001:000059B8       PtInRect
 0002:00000CBC       PublicsByNameHeader
 0002:00000CCC       PublicsByValueHeader
 0001:00047CFC       PurgeCallStack
 0001:00005FE0       PurgeCallStack
 0001:00006A04       PurgeCallStacks
 0001:00028468       PurgeHTMLCode
 0001:000068B0       PurgeInvalidLeaks
 0001:0005C6C4       PurgeModulesList
 0001:00028880       PurgeQuotes
 0001:00056064       PurgeString
 0001:0000F1D8       QuickSort
 0001:00015018       QuickStringReplace
 0001:0000BFFC       RaiseAssertException
 0002:0000A50C       RaisedExceptAddr
 0001:000000FC       RaiseException
 0001:0000CD2C       RaiseLastWin32Error
 0001:00001680       RaiseList
 0002:00007040       RandSeed
 0002:0000A944       rClick
 0001:00046CC8       ReadAddr
 0001:000192DC       ReadAddress
 0001:0003A4EC       ReadByte
 0001:0001922C       ReadDecValue
 0001:0003A4AC       ReadDWord
 0001:00057A64       ReadDWordKey
 0001:00043714       ReadEncodeString
 0001:00010EFC       ReadError
 0001:00005648       ReadFile
 0001:00000104       ReadFile
 0001:00019260       ReadHexValue
 0001:0001524C       ReadKey
 0001:0003A780       ReadSib
 0001:0004A120       ReadState
 0001:000164CC       ReadString
 0001:00019318       ReadString
 0001:000149F8       ReadString
 0001:00019200       ReadTextLine
 0001:0003A4CC       ReadWord
 0001:00062460       RealAddr
 0002:0000A96C       RealHeight
 0002:0000A960       RealLeft
 0001:00041EDC       RealPriority
 0001:0004517C       RealTmpLastHTMLPage
 0002:0000A964       RealTop
 0002:0000A968       RealWidth
 0001:0000EE70       Rect
 0001:0001C8AC       recv
 0001:000510B8       ReduceTree
 0002:000073EC       RefAnyProc
 0001:00005390       RegCloseKey
 0001:000001E4       RegCloseKey
 0001:00005398       RegEnumKeyEx
 0001:000059C0       RegisterClass
 0001:00004428       RegisterModule
 0001:000053A0       RegOpenKeyEx
 0001:000001EC       RegOpenKeyEx
 0001:000053A8       RegQueryValueEx
 0001:000001F4       RegQueryValueEx
 0001:000059C8       ReleaseDC
 0001:0001D2EC       RelocateMemory
 0002:00007484       remBytes
 0001:000003BC       RemoveBlock
 0001:00006904       RemoveExtraLeaks
 0001:00010DCC       RemoveFixupReferences
 0001:00010E78       RemoveFixups
 0001:00057584       RemoveLastSeparator
 0001:00006A84       RemoveLeaksSons
 0001:00006754       RemoveMemBlock
 0001:00004344       RemoveModuleUnloadProc
 0001:0000436C       RemoveModuleUnloadProc
 0001:00011688       RemoveThread
 0001:0003BA70       Replacer
 0001:00048BAC       ResetAutoCloseTimer
 0001:000529E4       ResetCounting
 0001:00005650       ResetEvent
 0001:0005E064       ResetGlobalVars
 0002:000074F4       ResetLeaks
 0001:00001334       ResizeInPlace
 0002:00000CDC       ResourceFilesHeader
 0001:0004615C       RestoreGlobalExceptionRecord
 0001:00005658       ResumeThread
 0001:0000F858       ReturnAddr
 0001:0000BC74       ReturnAddr
 0001:0000F020       ReturnAddr
 0001:0003F6B0       RFCDate
 0001:00005AB0       RGB
 0001:00046944       RoundMatch
 0001:0004695C       RoundMatchPtr
 0002:00007480       rover
 0002:0000A934       rSupport
 0001:0003D62C       RTF_LoadFromStream
 0001:0003D658       RTF_LoadFromText
 0001:0000010C       RtlUnwind
 0002:0000002C       runErrMsg
 0001:0000245C       RunErrorAt
 0002:00007014       SafeCallErrorProc
 0001:00018038       SafeExec
 0001:00018ED4       SafeLoadFromFileToStream
 0001:0000880C       SameText
 0002:0000AE08       SavedLastHTMLPage
 0001:00044F54       SavedScreenshot
 0001:00046094       SaveGlobalExceptionRecord
 0001:00058C50       SaveLogFile
 0001:0004A3D4       SaveState
 0001:0000ABEC       ScanBlanks
 0001:0000AD30       ScanChar
 0001:0000AEA0       ScanDate
 0001:0000AC10       ScanNumber
 0001:0000ACA4       ScanString
 0001:0000B1DC       ScanTime
 0001:0000ADB4       ScanToNumber
 0001:000059D0       ScreenToClient
 0001:00018E58       SearchDynArray
 0001:00030028       SearchItem
 0001:0002FB1C       SearchNextItem
 0001:00029BF0       SearchPort
 0001:00000EE8       SearchSmallBlocks
 0001:00029B60       SearchWord
 0001:00019888       Search_MapLineNumber
 0001:00019A54       Search_MapProcName
 0002:00000CAC       SegmentsHeader
 0001:000057C8       SelectObject
 0001:000057D0       SelectPalette
 0001:0001C8B4       send
 0001:00052D90       SendCommandEx
 0001:0005435C       SendEmailMessage
 0001:000553E4       SendInternetMessage
 0001:000059D8       SendMessage
 0001:000059E0       SendMessageTimeout
 0001:00054F44       SendWebMessage
 0001:0002DFA8       SendWebTrakerReport
 0002:0000A434       ServerECB
 0001:00048B68       SetAutoCloseTimer
 0001:00048BF8       SetAutoTopMost
 0001:000057D8       SetBkColor
 0001:000057E0       SetBkMode
 0001:000059E8       SetClipboardData
 0001:00040C58       SetClipboardText
 0001:000529C0       SetCounting
 0001:000059F0       SetCursor
 0001:00048300       SetCustomErrorMessage
 0001:00062C74       SetDebugHook
 0001:0004A0D0       SetDialogRect
 0001:0004A56C       SetDialogState
 0001:000057E8       SetDIBColorTable
 0001:00000114       SetEndOfFile
 0001:00005660       SetEndOfFile
 0001:00005668       SetEnvironmentVariable
 0001:0005C870       SetEnvVariables
 0001:00054520       SetError
 0001:0004080C       SetErrorType
 0001:00060964       SetEurekaLogState
 0001:00005670       SetEvent
 0001:0003E9C4       SetEventAddr
 0001:000025A4       SetExceptionHandler
 0001:00005678       SetFilePointer
 0001:0000011C       SetFilePointer
 0001:000059F8       SetFocus
 0001:00005A00       SetForegroundWindow
 0001:000549C8       SetFullURL
 0001:0005E144       SetHandledWithEurekaLog
 0001:0005F064       SetIndyEvent
 0001:000489E4       SetInitDialog
 0001:000016F0       SetInOutRes
 0001:000406BC       SetInternalError
 0001:0005E790       SetIntraWebEvent
 0001:0003CE14       SetItem
 0001:0005EC8C       SetLastECX
 0001:00005680       SetLastError
 0001:000481F8       SetLastException
 0001:000481D0       SetLastExceptionData
 0001:0004564C       SetLastExceptionObject
 0001:00048210       SetLastExceptStack
 0001:0005EC7C       SetLastStackPointer
 0001:00062464       SetMainThreadTopOfStack
 0001:000057F0       SetMapMode
 0001:00001664       SetMemoryManager
 0001:0000E4EC       SetMethodProp
 0001:000061DC       SetOurPointer
 0001:0002E0C4       SetProxyAuthenticationData
 0001:0002E058       SetProxyServer
 0001:000507B8       SetRectangles
 0001:00048340       SetRectangles
 0001:0004D388       SetRectangles
 0001:0003D708       SetRTFBackColor
 0001:00052900       SetSendDialogBar
 0001:000527D4       SetSendDialogLabel
 0001:000528C8       SetSendDialogSingleLabel
 0001:000057F8       SetTextColor
 0001:00005688       SetThreadPriority
 0001:00005A08       SetTimer
 0001:0001CC68       SetVirtualMethod
 0001:00054A10       SetWebTrakerError
 0001:00005A10       SetWindowLong
 0001:00005A18       SetWindowPlacement
 0001:00005A20       SetWindowPos
 0002:00000154       ShareMode
 0001:0001C884       ShellAPI
 0001:0001C84C       ShellExecute
 0001:00053CD8       ShellSendMail
 0001:00049150       ShiftWndBottom
 0002:0000754C       ShortDateFormat
 0002:000075C8       ShortDayNames
 0002:00007568       ShortMonthNames
 0002:00007560       ShortTimeFormat
 0001:00050510       ShowDialog
 0002:00005E60       ShowEurekaLogUnits
 0001:0000BBFC       ShowException
 0002:0000A9C9       ShowInDetailsMode
 0002:000074F8       ShowLeaks
 0001:00049540       ShowRequestDialog
 0001:00050B1C       ShowSendDialog
 0001:00050A98       ShowSendDialogThread
 0001:0005C71C       ShowType
 0001:00005A28       ShowWindow
 0001:0003A640       Sib
 0001:0001CF08       SIDSize
 0001:0003A40C       SignedIntToHex
 0001:0002E040       SimpleCheckError
 0001:00019C4C       SimpleCryptString
 0001:0003D2D8       SimpleWord
 0001:00005690       SizeofResource
 0001:00011174       SkipBinary
 0001:00011120       SkipBytes
 0001:0001119C       SkipCollection
 0001:000191B8       SkipEndLine
 0001:000110F8       SkipList
 0001:00019198       SkipWhiteSpace
 0001:00005698       Sleep
 0002:0000748C       smallTab
 0001:00053BE0       SMTPSend
 0001:0005363C       SMTPSendEmail
 0001:00052E10       SMTPSendSingleEmail
 0001:0001C8BC       socket
 0002:00007454       spaceRoot
 0001:00008F30       SplitDirs
 0001:0003EBA4       StandardIsValidClass
 0001:00055940       StartComment
 0002:0000A538       StartDir
 0002:0000A458       StartingDate
 0001:0003F1A8       StoreSharedDataEx
 0001:00009470       StrAlloc
 0001:0000C5F4       StrByteType
 0001:000092CC       StrCopy
 0001:0000934C       StrIComp
 0001:000107DC       StringListAnsiCompare
 0001:0001C0A0       StringReplace
 0001:0000368C       StringToOleStr
 0001:0000938C       StrLComp
 0001:000092F4       StrLCopy
 0001:00009278       StrLen
 0001:00009920       StrLFmt
 0001:000093B4       StrLIComp
 0001:00009290       StrMove
 0001:00009484       StrNew
 0001:00009328       StrPCopy
 0001:0000941C       StrPos
 0001:000093FC       StrScan
 0001:00016430       StrToBin
 0001:0000B3D0       StrToDateTime
 0001:000089B8       StrToInt
 0001:000089F4       StrToIntDef
 0001:0001ED6C       StrToWord
 0002:0000A954       SupportLinkActive
 0001:000056A0       SuspendThread
 0001:000279C4       SwapDWord
 0001:00046890       SynchronizeEvent
 0002:0000A53C       SynchronizeExcept
 0002:0000A540       SynchronizeRaise
 0001:00019368       SyncToHeader
 0001:00019430       SyncToPrefix
 0001:0000020C       SysAllocStringLen
 0001:00007B54       SysConst
 0001:0000B494       SysErrorMessage
 0001:00001190       SysFreeMem
 0001:0000021C       SysFreeString
 0001:00001008       SysGetMem
 0001:00005368       SysInit
 0002:00007600       SysLocale
 0001:00001504       SysReallocMem
 0001:00000214       SysReAllocStringLen
 0001:00000224       SysStringLen
 0001:00005104       System
 0001:00005A30       SystemParametersInfo
 0001:00009F30       SystemTimeToDateTime
 0001:0000DF8C       SysUtils
 0002:00000C9C       TableHeader
 0001:0003CCB0       TActiveXException.Create
 0002:0000B26C       tax
 0002:0000B27C       taxRate
 0001:00010B08       TCustomMemoryStream.Read
 0001:00010B7C       TCustomMemoryStream.SaveToFile
 0001:00010B64       TCustomMemoryStream.SaveToStream
 0001:00010B40       TCustomMemoryStream.Seek
 0001:00010B00       TCustomMemoryStream.SetPointer
 0001:0003BDA8       TDisAsm.GetInstruction
 0001:00027AA8       TEA_Decrypt
 0001:000279F8       TEA_Encrypt
 0001:00018F8C       TELAbstractMapParser.Create
 0001:00018FEC       TELAbstractMapParser.Destroy
 0001:00019020       TELAbstractMapParser.MapStringToStr
[...]
 14966 0001:0005FD7D 14967 0001:0005FD85 14968 0001:0005FD93 14970 0001:0005FDA1
 14971 0001:0005FDAD 14972 0001:0005FDC8 14973 0001:0005FDD2 14968 0001:0005FDD3
 14975 0001:0005FDE3 14978 0001:0005FE0E 14981 0001:0005FE18 14982 0001:0005FE23
 14983 0001:0005FE2A 14984 0001:0005FE38 14985 0001:0005FE4F 14990 0001:0005FE54
 14991 0001:0005FE58 14992 0001:0005FE6D 14993 0001:0005FE74 14999 0001:0005FE78
 15000 0001:0005FE7F 15001 0001:0005FE88 15002 0001:0005FE8A 15003 0001:0005FE96
 15004 0001:0005FEA1 15005 0001:0005FEAD 15006 0001:0005FEB6 15011 0001:0005FEBC
 15012 0001:0005FEC3 15013 0001:0005FECB 15014 0001:0005FED9 15015 0001:0005FEE8
 15017 0001:0005FF04 15019 0001:0005FF14 15024 0001:0005FF18 15027 0001:0005FF1F
 15028 0001:0005FF25 15029 0001:0005FF38 15030 0001:0005FF40 15031 0001:0005FF43
 15036 0001:0005FF48 15039 0001:0005FF4F 15040 0001:0005FF55 15041 0001:0005FF68
 15042 0001:0005FF70 15043 0001:0005FF73 15048 0001:0005FF78 15051 0001:0005FF7F
 15052 0001:0005FF85 15053 0001:0005FF97 15054 0001:0005FF9F 15055 0001:0005FFA2
 15058 0001:0005FFA8 15059 0001:0005FFAE 15060 0001:0005FFB7 15064 0001:0005FFBC
 15065 0001:0005FFC4 15069 0001:0005FFC8 15070 0001:0005FFD0 15074 0001:0005FFD4
 15075 0001:0005FFDC 15079 0001:0005FFE0 15080 0001:0005FFE8 15083 0001:0005FFEC
 15084 0001:0005FFF3 15085 0001:0005FFFF 15086 0001:0006000D 15087 0001:00060014
 15088 0001:00060023 15093 0001:00060028 15094 0001:00060030 15095 0001:00060038
 15098 0001:00060046 15099 0001:0006004D 15101 0001:00060051 15103 0001:00060067
 15104 0001:00060071 15106 0001:00060072 15099 0001:00060073 15109 0001:00060084
 15111 0001:00060094 15115 0001:00060098 15116 0001:000600A2 15117 0001:000600A6
 15118 0001:000600B1 15119 0001:000600BF 15120 0001:000600D0 15122 0001:000600F4
 15124 0001:0006010A 15127 0001:00060110 15128 0001:00060111 15130 0001:00060133
 15131 0001:0006014C 15135 0001:00060150 15136 0001:0006015F 15137 0001:0006016A
 15138 0001:00060178 15139 0001:00060184 15141 0001:000601A6 15143 0001:000601B9
 15150 0001:000601C0 15151 0001:000601C4 15152 0001:000601CD 15151 0001:000601D6
 15153 0001:000601D9 15154 0001:000601E0 15160 0001:000601E4 15161 0001:000601EA
 15163 0001:000601F3 15164 0001:000601FE 15165 0001:00060207 15168 0001:0006020C
 15169 0001:00060217 15170 0001:0006021E 15171 0001:00060235 15174 0001:00060238
 15175 0001:0006023E 15176 0001:00060247 15185 0001:0006024C 15186 0001:0006024F
 15187 0001:0006026D 15189 0001:00060270 15191 0001:00060288 15193 0001:0006028D
 15194 0001:0006028E 15195 0001:00060291 15197 0001:00060294 15198 0001:000602AF
 15204 0001:000602B8 15205 0001:000602BD 15215 0001:000602C0 15216 0001:000602DC
 15217 0001:0006032C 15218 0001:00060338 15219 0001:00060383 15220 0001:000603B2
 15309 0001:000604AC 15310 0001:000604D9 15311 0001:000604E8 15312 0001:000604F7
 15313 0001:00060505 15314 0001:0006050F 15316 0001:00060526 15317 0001:0006052E
 15318 0001:0006054D 15320 0001:0006055E 15321 0001:0006056A 15322 0001:00060578
 15323 0001:0006057C 15324 0001:00060584 15325 0001:0006059E 15326 0001:000605AA
 15327 0001:000605BF 15328 0001:000605CD 15329 0001:000605EB 15330 0001:0006060B
 15331 0001:0006062E 15332 0001:00060651 15333 0001:00060671 15334 0001:00060691
 15335 0001:00060696 15337 0001:000606A8 15338 0001:000606B9 15337 0001:000606C7
 15340 0001:000606CA 15342 0001:000606D0 15343 0001:000606EB 15345 0001:00060709
 15346 0001:00060717 15348 0001:0006071A 15350 0001:00060724 15314 0001:00060725
 15352 0001:0006073B 15353 0001:00060743 15355 0001:00060775 15357 0001:0006079C
 15358 0001:000607D2 15359 0001:000607D9 15360 0001:000607E7 15361 0001:000607F5
 15363 0001:00060802 15364 0001:00060818 15365 0001:00060826 15367 0001:00060845
 15370 0001:00060870 15373 0001:0006088D 15375 0001:000608BE 15378 0001:000608C8
 15379 0001:000608CD 15380 0001:000608D4 15382 0001:000608D8 15383 0001:000608DF
 15384 0001:000608E8 15386 0001:000608F7 15388 0001:00060906 15546 0001:0006090C
 15547 0001:00060913 15548 0001:0006091D 15549 0001:0006092B 15551 0001:00060949
 15553 0001:0006095E 15574 0001:00060964 15575 0001:00060969 15579 0001:0006096C
 15580 0001:00060971 15616 0001:00060974 15617 0001:00060976 15618 0001:00060979
 15620 0001:0006097C 15621 0001:0006098A 15623 0001:0006098E 15624 0001:00060998
 15625 0001:000609A6 15627 0001:000609AF 15628 0001:000609C3 15630 0001:000609C7
 15631 0001:000609D9 15635 0001:000609E3 15642 0001:00060A17 15644 0001:00060A22
 15645 0001:00060A28 15647 0001:00060A2E 15648 0001:00060A50 15652 0001:00060A85
 15654 0001:00060A9A 15662 0001:00060AB8 15663 0001:00060ABE 15664 0001:00060ADB
 15665 0001:00060AE5 15671 0001:00060AE8 15672 0001:00060AEE 15673 0001:00060B0B
 15674 0001:00060B15 15697 0001:00060B18 15698 0001:00060B21 15701 0001:00060B47
 15702 0001:00060B51 15703 0001:00060B5F 15705 0001:00060B76 15708 0001:00060B85
 15711 0001:00060B8C 15712 0001:00060B92 15714 0001:00060BBE 15715 0001:00060BC8
 15742 0001:00060BCC 15743 0001:00060BE1 15744 0001:00060BE9 15746 0001:00060BEF
 15747 0001:00060C07 15749 0001:00060C0B 15750 0001:00060C1C 15753 0001:00060C33
 15754 0001:00060C4B 15755 0001:00060C4F 15757 0001:00060C6D 15758 0001:00060C7C
 15759 0001:00060C92 15760 0001:00060CB6 15771 0001:00060D00 15772 0001:00060D14
 15774 0001:00060D68 15788 0001:00060D80 15789 0001:00060DA0 15790 0001:00060DAF
 15792 0001:00060DB5 15793 0001:00060DC3 15795 0001:00060DD8 15796 0001:00060DF3
 15797 0001:00060DFE 15798 0001:00060E0C 15799 0001:00060E21 15800 0001:00060E29
 15802 0001:00060E35 15803 0001:00060E47 15804 0001:00060E55 15806 0001:00060E70
 15809 0001:00060E90 15811 0001:00060EC0 15813 0001:00060EC8 15814 0001:00060EE8
 15816 0001:00060EF7 15817 0001:00060F06 15818 0001:00060F14 15819 0001:00060F22
 15820 0001:00060F30 15821 0001:00060F3D 15822 0001:00060F56 15823 0001:00060F6E
 15826 0001:00060F8C 15827 0001:00060FB6 15829 0001:00060FC3 15830 0001:00060FD2
 15831 0001:00060FE0 15832 0001:00060FFC 15833 0001:00061006 15834 0001:00061015
 15835 0001:00061023 15836 0001:0006102E 15837 0001:00061038 15838 0001:0006104A
 15840 0001:00061073 15843 0001:00061090 15846 0001:000610A0 15849 0001:000610BA
 15852 0001:000610DD 15855 0001:000610ED 15856 0001:00061118 15864 0001:0006112C
 15865 0001:0006114F 15868 0001:00061170 15869 0001:00061174 15872 0001:0006118B
 15873 0001:000611A4 15875 0001:000611D6 15880 0001:000611E0 15881 0001:000611E6
 15882 0001:00061200 15883 0001:0006120A 15889 0001:00061210 15890 0001:00061217
 15892 0001:00061219 15893 0001:0006121E 15894 0001:00061221 15896 0001:00061223
 15897 0001:00061229 15898 0001:0006122F 15899 0001:00061230 15900 0001:00061236
 15901 0001:00061238 15902 0001:0006123A 15903 0001:0006123C 15904 0001:00061242
 15905 0001:00061244 15906 0001:00061246 15907 0001:00061248 15908 0001:0006124D
 15909 0001:0006124F 15910 0001:00061254 15911 0001:00061256 15912 0001:00061257
 15913 0001:0006125C 15914 0001:0006125D 15917 0001:00061262 15918 0001:00061268
 15923 0001:0006126C 15924 0001:0006127E 15925 0001:000612A0 15936 0001:000612A4
 15937 0001:000612C7 15939 0001:000612CC 15942 0001:000612D5 15943 0001:000612E2
 15944 0001:000612EF 15948 0001:000612FE 15950 0001:00061300 15951 0001:00061309
 15955 0001:00061339 15956 0001:00061340 15958 0001:00061345 15961 0001:0006134E
 15963 0001:00061350 15964 0001:00061357 15965 0001:00061358 15966 0001:00061366
 15968 0001:00061368 15969 0001:00061385 15970 0001:000613A4 15972 0001:000613AC
 15973 0001:000613B7 15974 0001:000613C3 15975 0001:000613D1 15976 0001:000613E3
 15977 0001:000613ED 15980 0001:0006141B 15982 0001:00061442 15985 0001:00061450
 15987 0001:0006148B 15991 0001:000614A8 15992 0001:000614B3 15995 0001:000614C7
 15996 0001:000614F4 16001 0001:000614FC 16002 0001:000614FF 16005 0001:0006151A
 16006 0001:00061521 16007 0001:0006152F 16008 0001:0006154C 16010 0001:00061553
 16011 0001:00061564 16012 0001:0006156D 16013 0001:00061579 16015 0001:00061583
 16017 0001:00061597 16019 0001:000615A6 16023 0001:000615A8 16025 0001:000615BA
 16026 0001:000615C4 16027 0001:000615D2 16029 0001:000615E4 16030 0001:000615F4
 16031 0001:000615FE 16032 0001:00061605 16039 0001:00061608 16040 0001:0006160E
 16042 0001:00061617 16044 0001:0006161F 16045 0001:00061628 16046 0001:00061632
 16048 0001:00061639 16052 0001:00061641 16053 0001:0006164A 16056 0001:00061650
 16057 0001:00061656 16059 0001:0006165F 16061 0001:00061664 16062 0001:0006166D
 16063 0001:0006167A 16065 0001:00061681 16069 0001:00061689 16070 0001:00061692
 16074 0001:00061698 16075 0001:0006169D 16079 0001:000616A0 16080 0001:000616A5
 16087 0001:000616A8 16088 0001:000616CC 16091 0001:00061708 16092 0001:0006171F
 16096 0001:0006172E 16097 0001:00061745 16101 0001:00061754 16102 0001:0006176B
 16106 0001:0006177A 16107 0001:00061791 16111 0001:000617A0 16112 0001:000617B7
 16116 0001:000617C6 16117 0001:000617DD 16121 0001:00061802 16122 0001:00061819
 16126 0001:0006183B 16130 0001:00061854 16134 0001:0006186D 16137 0001:000618B3
 16240 0001:000618C0 16241 0001:000618DB 16242 0001:000618E9 16243 0001:000618F2
 16245 0001:000618FC 16246 0001:00061910 16243 0001:00061913 16247 0001:00061933
 16257 0001:0006193C 16258 0001:00061954 16260 0001:00061961 16262 0001:0006196F
 16263 0001:00061976 16265 0001:0006198D 16269 0001:000619A8 16270 0001:000619B6
 16271 0001:000619BD 16273 0001:000619D4 16277 0001:000619EF 16278 0001:000619FD
 16279 0001:00061A04 16280 0001:00061A0B 16282 0001:00061A17 16283 0001:00061A1E
 16285 0001:00061A2F 16286 0001:00061A48 16288 0001:00061A50 16291 0001:00061A61
 16292 0001:00061A6D 16294 0001:00061A8B 16296 0001:00061A9E 16297 0001:00061AAF
 16298 0001:00061AC2 16299 0001:00061AD5 16300 0001:00061AE6 16301 0001:00061AF0
 16302 0001:00061AFA 16303 0001:00061B04 16304 0001:00061B0E 16305 0001:00061B1D
 16306 0001:00061B24 16308 0001:00061B46 16310 0001:00061B54 16311 0001:00061B5D
 16312 0001:00061B65 16314 0001:00061B6D 16315 0001:00061B7E 16316 0001:00061B8F
 16317 0001:00061BA0 16318 0001:00061BA5 16319 0001:00061BB6 16320 0001:00061BC7
 16321 0001:00061BD8 16323 0001:00061BEC 16325 0001:00061C1D 16333 0001:00061C90
 16334 0001:00061CB7 16336 0001:00061CC4 16337 0001:00061CC8 16338 0001:00061CD6
 16340 0001:00061CDE 16341 0001:00061CEA 16342 0001:00061CFD 16345 0001:00061D17
 16347 0001:00061D1D 16348 0001:00061D21 16350 0001:00061D25 16351 0001:00061D31
 16354 0001:00061D3E 16355 0001:00061D42 16356 0001:00061D65 16357 0001:00061D6B
 16358 0001:00061D71 16360 0001:00061D7D 16338 0001:00061D81 16362 0001:00061D8A
 16363 0001:00061D93 16364 0001:00061D9C 16366 0001:00061DB8 16368 0001:00061DDC
 16370 0001:00061DEB 16376 0001:00061E10 16377 0001:00061E32 16379 0001:00061E3F
 16381 0001:00061E5B 16385 0001:00061E69 16387 0001:00061E70 16390 0001:00061E8F
 16394 0001:00061F0C 16396 0001:00061F1A 16398 0001:00061F51 16401 0001:00061F70
 16406 0001:00061F81 16407 0001:00061F8B 16410 0001:00061F92 16411 0001:00061FA0
 16412 0001:00061FA7 16413 0001:00061FB1 16414 0001:00061FB8 16415 0001:00061FC2
 16416 0001:00061FC9 16417 0001:00061FD3 16418 0001:00061FDA 16419 0001:00061FE4
 16420 0001:00061FEE 16421 0001:00061FF8 16422 0001:00062002 16423 0001:0006200C
 16424 0001:00062013 16425 0001:0006201D 16426 0001:00062024 16427 0001:0006202E
 16428 0001:00062035 16429 0001:0006203F 16430 0001:00062046 16431 0001:00062050
 16432 0001:00062057 16433 0001:00062061 16434 0001:00062068 16435 0001:00062072
 16436 0001:00062079 16437 0001:00062083 16438 0001:0006208A 16439 0001:00062094
 16440 0001:0006209B 16441 0001:000620A6 16442 0001:000620B5 16445 0001:000620BA
 16446 0001:000620C4 16447 0001:000620CE 16448 0001:000620D8 16449 0001:000620E2
 16450 0001:000620EC 16451 0001:000620F6 16452 0001:00062100 16453 0001:0006210A
 16454 0001:00062114 16455 0001:0006211E 16456 0001:00062128 16457 0001:00062132
 16458 0001:0006213C 16459 0001:00062146 16460 0001:00062150 16461 0001:0006215A
 16462 0001:00062164 16463 0001:0006216E 16464 0001:00062178 16465 0001:00062182
 16466 0001:0006218C 16467 0001:00062196 16468 0001:000621A0 16469 0001:000621AA
 16470 0001:000621B4 16471 0001:000621BE 16472 0001:000621C8 16473 0001:000621D2
 16474 0001:000621DC 16475 0001:000621E6 16476 0001:000621F0 16478 0001:000621F5
 16481 0001:0006220E 16485 0001:00062229 16487 0001:00062237 16488 0001:0006223E
 16490 0001:00062255 16494 0001:00062270 16495 0001:0006227E 16496 0001:00062285
 16498 0001:0006229C 16501 0001:000622D9 16505 0001:00062390 16506 0001:000623A7
 16510 0001:000623A8 16511 0001:000623BF 16518 0001:000623C0 16519 0001:000623CA
 16522 0001:000623CC 16524 0001:000623DF 16525 0001:000623EA 16526 0001:000623F5
 16529 0001:00062400 16530 0001:0006240B 16533 0001:00062416 16534 0001:00062432
 16535 0001:0006245A 16552 0001:00062460 16556 0001:00062464 16557 0001:0006246B
 16558 0001:00062471 16563 0001:00062474 16564 0001:0006247B 16566 0001:00062498
 16568 0001:0006249D 16570 0001:000624A2 16571 0001:000624A3 16572 0001:000624A6
 16574 0001:000624A9 16575 0001:000624B9 16580 0001:000624C0 16581 0001:000624C7
 16586 0001:000624F5 16588 0001:000624FA 16589 0001:000624FB 16590 0001:000624FE
 16592 0001:00062501 16593 0001:00062511 16598 0001:00062518 16599 0001:0006251E
 16600 0001:0006252D 16601 0001:0006253B 16603 0001:00062560 16605 0001:00062573
 16610 0001:00062578 16611 0001:0006257F 16613 0001:0006259C 16615 0001:000625A1
 16617 0001:000625A6 16618 0001:000625A7 16619 0001:000625AA 16621 0001:000625AD
 16622 0001:000625BD 16634 0001:000625C4 16635 0001:000625CD 16638 0001:000625D4
 16639 0001:000625E3 16640 0001:000625F1 16641 0001:000625FB 16642 0001:0006260A
 16644 0001:00062615 16645 0001:0006261F 16646 0001:0006262E 16648 0001:00062639
 16649 0001:00062643 16650 0001:00062652 16652 0001:0006265D 16657 0001:00062667
 16659 0001:0006266E 16660 0001:0006267D 16661 0001:00062687 16652 0001:00062688
 16663 0001:0006268B 16666 0001:00062695 16667 0001:000626AF 16668 0001:000626C0
 16663 0001:000626C1 16670 0001:000626D1 16672 0001:000626E1 16684 0001:000626E8
 16685 0001:000626EE 16697 0001:000626F5 16698 0001:00062702 16702 0001:00062704
 16703 0001:0006270B 16704 0001:00062711 16706 0001:00062714 16707 0001:0006271A
 16709 0001:00062721 16710 0001:00062726 16711 0001:00062734 16713 0001:0006273D
 16714 0001:00062748 16716 0001:00062761 16717 0001:00062771 16719 0001:0006277E
 16720 0001:00062783 16721 0001:00062792 16723 0001:0006279C 16724 0001:000627A8
 16726 0001:000627C2 16728 0001:000627CE 16738 0001:000627D4 16739 0001:000627EF
 16740 0001:000627FC 16741 0001:00062818 16742 0001:00062865 16744 0001:000628B4
 16746 0001:000628D2 16757 0001:000628ED 16767 0001:00062908 16770 0001:00062915
 16773 0001:00062926 16797 0001:00062937 16800 0001:0006293C 16804 0001:0006295C
 16807 0001:0006297C 16808 0001:0006297D 16810 0001:00062987 16815 0001:000629A7
 16820 0001:000629C2 16825 0001:000629DD 16826 0001:000629E6 16831 0001:00062A01
 16833 0001:00062A0F 16836 0001:00062A4C 16840 0001:00062C74 16841 0001:00062C8F
 16844 0001:00062C90 16845 0001:00062C93 16846 0001:00062CA4 16849 0001:00062CA8
 16853 0001:00062CAB 16855 0001:00062CB2 16870 0001:00062CB4 16871 0001:00062CB7
 16873 0001:00062CBE 16878 0001:00062CC0 16879 0001:00062CC8 16881 0001:00062CD7
 16882 0001:00062CDC 16884 0001:00062CE9 16887 0001:00062D11 16888 0001:00062D24
 16890 0001:00062D26 16882 0001:00062D27 16891 0001:00062D2A 16902 0001:00062D30
 16903 0001:00062D37 16904 0001:00062D4A 16905 0001:00062D58 16907 0001:00062D6F
 16909 0001:00062D7F 16911 0001:00062D84 16912 0001:00062DA1 16913 0001:00062DA5
 16915 0001:00062DC2 16916 0001:00062DD1 16917 0001:00062DDF 16918 0001:00062DF7
 16920 0001:00062E0B 16921 0001:00062E1D 16922 0001:00062E20 16923 0001:00062E25
 16924 0001:00062E3A 16926 0001:00062E4D 16928 0001:00062E82 16930 0001:00062E88
 16931 0001:00062EA7 16932 0001:00062EC5 16934 0001:00062ECF 16936 0001:00062EDA
 16939 0001:00062F04 16942 0001:00062F21 16943 0001:00062F28 16944 0001:00062F2F
 16945 0001:00062F36 16946 0001:00062F3D 16947 0001:00062F52 16948 0001:00062F59
 16949 0001:00062F60 16950 0001:00062F67 16951 0001:00062F6E 16952 0001:00062F75
 16953 0001:00062F7C 16954 0001:00062F83 16955 0001:00062F8A 16956 0001:00062F91
 16957 0001:00062FA8 16958 0001:00062FBF 16959 0001:00062FC6 16960 0001:00062FD0
 16961 0001:00062FD7 16962 0001:00062FE6 16963 0001:00062FED 16964 0001:00062FFE
 16965 0001:00063008 16967 0001:0006300F 16968 0001:00063019 16969 0001:00063023
 16971 0001:0006302D 16973 0001:00063032 16976 0001:0006303B 16979 0001:00063040
 16981 0001:0006304E 16982 0001:00063055 16986 0001:0006305A 16987 0001:0006306B
 16989 0001:0006307C 16990 0001:00063095 16992 0001:0006309D 17021 0001:000630B0
 17023 0001:000630B5 17024 0001:000630C6 17025 0001:000630D7 17026 0001:000630E8
 17027 0001:000630F9 17029 0001:0006310A 17030 0001:00063111 17031 0001:0006311D
 17032 0001:00063124 17033 0001:0006312B 17034 0001:00063135 17035 0001:0006313C
 17036 0001:00063143 17039 0001:00063165 17040 0001:00063178 17042 0001:00063186
 17043 0001:0006318F 17044 0001:00063197 17047 0001:0006319F 17048 0001:000631A4
 17049 0001:000631AE 17050 0001:000631B8 17052 0001:000631C9 17053 0001:000631DA
 17054 0001:000631DF 17055 0001:000631E6 17056 0001:000631F0 17057 0001:000631FA
 17058 0001:00063201 17059 0001:00063208 17060 0001:0006320F 17061 0001:00063216
 17062 0001:0006321D 17064 0001:00063224 17065 0001:0006322B 17066 0001:00063232
 17068 0001:00063239 17070 0001:00063240 17073 0001:00063248 17075 0001:00063252
 17077 0001:0006326C 17078 0001:00063278 17079 0001:00063283 17080 0001:0006328F
 17082 0001:0006329A 17085 0001:0006329F 17091 0001:000632EC 17097 0001:00063339
 17103 0001:00063386 17104 0001:0006339B 17106 0001:000633A4 17120 0001:000633BD
 17126 0001:0006340A 17132 0001:00063457 17138 0001:000634A4 17140 0001:000634B2
 17142 0001:000634C0 17144 0001:000634CE 17145 0001:000634D3 17149 0001:000634FD
 17151 0001:0006350A 17154 0001:0006351E 17155 0001:00063550 17159 0001:0006358C
 17163 0001:00063593 17164 0001:00063598 17167 0001:000635C7 17174 0001:00063698
 17175 0001:000636AC 17176 0001:000636BA 17178 0001:000636CD 17179 0001:000636D7
 17181 0001:000636E1 17182 0001:000636F4 17184 0001:000636FB 17185 0001:00063705
 17186 0001:0006370C 17187 0001:00063716 17188 0001:0006371D 17189 0001:00063727
 17190 0001:0006372E 17191 0001:00063738 17192 0001:0006373F 17193 0001:00063749
 17195 0001:00063750 17196 0001:00063755 17198 0001:00063760 17200 0001:00063772
 17201 0001:0006377F 17204 0001:0006378C 17205 0001:00063795 17207 0001:000637A4
 17208 0001:000637AE 17209 0001:000637B5 17210 0001:000637BF 17211 0001:000637C6
 17212 0001:000637D0 17214 0001:000637D7 17215 0001:000637E1 17216 0001:000637EB
 17217 0001:000637F5 17218 0001:000637FF 17221 0001:00063806 17223 0001:0006380F
 17224 0001:0006381B 17225 0001:00063825 17228 0001:00063838 17229 0001:00063842
 17230 0001:00063849 17231 0001:00063853 17232 0001:0006385A 17233 0001:00063864
 17235 0001:0006386B 17236 0001:0006387A 17238 0001:00063881 17239 0001:00063886
 17241 0001:0006389A 17242 0001:000638A4 17243 0001:000638AB 17245 0001:000638DA
 17273 0001:000638F0 17274 0001:0006391C 17276 0001:00063A82 17268 0001:00063AA0
 17269 0001:00063AC4 17270 0001:00063AD3 17272 0001:00063AED

Line numbers for IfStatements(C:\Users\sudiptas\Documents\epascal4code\epascalcode\04\IfStatements.dpr) segment .text

    13 0001:00063C3C    15 0001:00063C76    16 0001:00063C8F    17 0001:00063CAD
    22 0001:00063CC4    23 0001:00063CE6    24 0001:00063CFF    25 0001:00063D21
    26 0001:00063D3A    27 0001:00063D5C    28 0001:00063D73    29 0001:00063D95
    30 0001:00063DAE    31 0001:00063DD0    32 0001:00063DE6    33 0001:00063E08
    34 0001:00063E1E    37 0001:00063E32    40 0001:00063E80    42 0001:00063E93
    45 0001:00063EA6    46 0001:00063EF4    51 0001:00063F42    53 0001:00063F80

Bound resource files

C:\Program Files (x86)\EurekaLog 6\Delphi5\DIALOG.RES
IfStatements.drf


Program entry point at 0001:00063C3C
