
 Start         Length     Name                   Class
 0001:00000000 00063F44H .text                   CODE
 0002:00000000 000065D4H .data                   DATA
 0002:000065D4 00004265H .bss                    BSS


Detailed map of segments

 0001:00000000 00005190 C=CODE     S=.text    G=(none)   M=System   ACBP=A9
 0001:00005190 00000174 C=CODE     S=.text    G=(none)   M=SysInit  ACBP=A9
 0001:00005304 000007EC C=CODE     S=.text    G=(none)   M=Windows  ACBP=A9
 0001:00005AF0 00001D0F C=CODE     S=.text    G=(none)   M=ELeaks   ACBP=A9
 0001:00007800 000002F0 C=CODE     S=.text    G=(none)   M=SysConst ACBP=A9
 0001:00007AF0 000064B0 C=CODE     S=.text    G=(none)   M=SysUtils ACBP=A9
 0001:0000DFA0 00000038 C=CODE     S=.text    G=(none)   M=Messages ACBP=A9
 0001:0000DFD8 00000038 C=CODE     S=.text    G=(none)   M=ActiveX  ACBP=A9
 0001:0000E010 00000098 C=CODE     S=.text    G=(none)   M=Consts   ACBP=A9
 0001:0000E0A8 00000468 C=CODE     S=.text    G=(none)   M=TypInfo  ACBP=A9
 0001:0000E510 0000352F C=CODE     S=.text    G=(none)   M=Classes  ACBP=A9
 0001:00011A40 00000038 C=CODE     S=.text    G=(none)   M=ETypes   ACBP=A9
 0001:00011A78 00002944 C=CODE     S=.text    G=(none)   M=EConsts  ACBP=A9
 0001:000143BC 00003E78 C=CODE     S=.text    G=(none)   M=ECore    ACBP=A9
 0001:00018234 000045AC C=CODE     S=.text    G=(none)   M=EDebug   ACBP=A9
 0001:0001C7E0 00000040 C=CODE     S=.text    G=(none)   M=ShellAPI ACBP=A9
 0001:0001C820 000000A0 C=CODE     S=.text    G=(none)   M=WinSock  ACBP=A9
 0001:0001C8C0 000014F8 C=CODE     S=.text    G=(none)   M=EHook    ACBP=A9
 0001:0001DDB8 000000E8 C=CODE     S=.text    G=(none)   M=ELang    ACBP=A9
 0001:0001DEA0 00001588 C=CODE     S=.text    G=(none)   M=ESockets ACBP=A9
 0001:0001F428 00007A10 C=CODE     S=.text    G=(none)   M=EZlib    ACBP=A9
 0001:00026E38 00000AFC C=CODE     S=.text    G=(none)   M=EHash    ACBP=A9
 0001:00027934 00000354 C=CODE     S=.text    G=(none)   M=EEncrypt ACBP=A9
 0001:00027C88 000002DC C=CODE     S=.text    G=(none)   M=EBase64  ACBP=A9
 0001:00027F64 00000190 C=CODE     S=.text    G=(none)   M=EZip     ACBP=A9
 0001:000280F4 0000715C C=CODE     S=.text    G=(none)   M=EWebTools ACBP=A9
 0001:0002F250 000005A8 C=CODE     S=.text    G=(none)   M=EXMLBuilder ACBP=A9
 0001:0002F7F8 00004228 C=CODE     S=.text    G=(none)   M=ELogManager ACBP=A9
 0001:00033A20 0000132C C=CODE     S=.text    G=(none)   M=EListView ACBP=A9
 0001:00034D4C 00007434 C=CODE     S=.text    G=(none)   M=EDisAsm  ACBP=A9
 0001:0003C180 00027920 C=CODE     S=.text    G=(none)   M=ExceptionLog ACBP=A9
 0001:00063AA0 0000021E C=CODE     S=.text    G=(none)   M=SubRange ACBP=A9
 0002:00000000 000000A6 C=DATA     S=.data    G=DGROUP   M=System   ACBP=A9
 0002:000000A8 00000018 C=DATA     S=.data    G=DGROUP   M=SysInit  ACBP=A9
 0002:000000C0 00000014 C=DATA     S=.data    G=DGROUP   M=ELeaks   ACBP=A9
 0002:000000D4 0000022C C=DATA     S=.data    G=DGROUP   M=SysUtils ACBP=A9
 0002:00000300 0000000C C=DATA     S=.data    G=DGROUP   M=TypInfo  ACBP=A9
 0002:0000030C 00000044 C=DATA     S=.data    G=DGROUP   M=Classes  ACBP=A9
 0002:00000350 00000908 C=DATA     S=.data    G=DGROUP   M=EConsts  ACBP=A9
 0002:00000C58 00000044 C=DATA     S=.data    G=DGROUP   M=ECore    ACBP=A9
 0002:00000C9C 0000004C C=DATA     S=.data    G=DGROUP   M=EDebug   ACBP=A9
 0002:00000CE8 000001A0 C=DATA     S=.data    G=DGROUP   M=EHook    ACBP=A9
 0002:00000E88 00000001 C=DATA     S=.data    G=DGROUP   M=ESockets ACBP=A9
 0002:00000E8C 00000E5C C=DATA     S=.data    G=DGROUP   M=EZlib    ACBP=A9
 0002:00001CE8 00000212 C=DATA     S=.data    G=DGROUP   M=EHash    ACBP=A9
 0002:00001EFC 000000C0 C=DATA     S=.data    G=DGROUP   M=EBase64  ACBP=A9
 0002:00001FBC 00002B8C C=DATA     S=.data    G=DGROUP   M=EWebTools ACBP=A9
 0002:00004B48 00000020 C=DATA     S=.data    G=DGROUP   M=EXMLBuilder ACBP=A9
 0002:00004B68 00000020 C=DATA     S=.data    G=DGROUP   M=ELogManager ACBP=A9
 0002:00004B88 000012D5 C=DATA     S=.data    G=DGROUP   M=EDisAsm  ACBP=A9
 0002:00005E60 0000055C C=DATA     S=.data    G=DGROUP   M=ExceptionLog ACBP=A9
 0002:00007000 000004CC C=BSS      S=.bss     G=DGROUP   M=System   ACBP=A9
 0002:000074CC 00000018 C=BSS      S=.bss     G=DGROUP   M=SysInit  ACBP=A9
 0002:000074E4 00000004 C=BSS      S=.bss     G=DGROUP   M=Windows  ACBP=A9
 0002:000074E8 00000054 C=BSS      S=.bss     G=DGROUP   M=ELeaks   ACBP=A9
 0002:0000753C 00000004 C=BSS      S=.bss     G=DGROUP   M=SysConst ACBP=A9
 0002:00007540 00000118 C=BSS      S=.bss     G=DGROUP   M=SysUtils ACBP=A9
 0002:00007658 00000004 C=BSS      S=.bss     G=DGROUP   M=Messages ACBP=A9
 0002:0000765C 00000004 C=BSS      S=.bss     G=DGROUP   M=ActiveX  ACBP=A9
 0002:00007660 00000004 C=BSS      S=.bss     G=DGROUP   M=Consts   ACBP=A9
 0002:00007664 00000004 C=BSS      S=.bss     G=DGROUP   M=TypInfo  ACBP=A9
 0002:00007668 00000038 C=BSS      S=.bss     G=DGROUP   M=Classes  ACBP=A9
 0002:000076A0 00000004 C=BSS      S=.bss     G=DGROUP   M=ETypes   ACBP=A9
 0002:000076A4 00000004 C=BSS      S=.bss     G=DGROUP   M=EConsts  ACBP=A9
 0002:000076A8 00000009 C=BSS      S=.bss     G=DGROUP   M=ECore    ACBP=A9
 0002:000076B4 00000004 C=BSS      S=.bss     G=DGROUP   M=EDebug   ACBP=A9
 0002:000076B8 00000004 C=BSS      S=.bss     G=DGROUP   M=ShellAPI ACBP=A9
 0002:000076BC 00000004 C=BSS      S=.bss     G=DGROUP   M=WinSock  ACBP=A9
 0002:000076C0 00000010 C=BSS      S=.bss     G=DGROUP   M=EHook    ACBP=A9
 0002:000076D0 00000004 C=BSS      S=.bss     G=DGROUP   M=ELang    ACBP=A9
 0002:000076D4 00000004 C=BSS      S=.bss     G=DGROUP   M=ESockets ACBP=A9
 0002:000076D8 00002890 C=BSS      S=.bss     G=DGROUP   M=EZlib    ACBP=A9
 0002:00009F68 00000404 C=BSS      S=.bss     G=DGROUP   M=EHash    ACBP=A9
 0002:0000A36C 0000001C C=BSS      S=.bss     G=DGROUP   M=EEncrypt ACBP=A9
 0002:0000A388 00000004 C=BSS      S=.bss     G=DGROUP   M=EBase64  ACBP=A9
 0002:0000A38C 00000004 C=BSS      S=.bss     G=DGROUP   M=EZip     ACBP=A9
 0002:0000A390 00000048 C=BSS      S=.bss     G=DGROUP   M=EWebTools ACBP=A9
 0002:0000A3D8 00000004 C=BSS      S=.bss     G=DGROUP   M=EXMLBuilder ACBP=A9
 0002:0000A3DC 00000004 C=BSS      S=.bss     G=DGROUP   M=ELogManager ACBP=A9
 0002:0000A3E0 00000004 C=BSS      S=.bss     G=DGROUP   M=EListView ACBP=A9
 0002:0000A3E4 00000004 C=BSS      S=.bss     G=DGROUP   M=EDisAsm  ACBP=A9
 0002:0000A3E8 00000E78 C=BSS      S=.bss     G=DGROUP   M=ExceptionLog ACBP=A9
 0002:0000B260 00000002 C=BSS      S=.bss     G=DGROUP   M=SubRange ACBP=A9


  Address         Publics by Name

 0002:00000F10       .
 0001:0000490C       .
 0001:00021080       .
 0002:00000064       .
 0001:0000D518       .
 0001:00024FBC       .
 0002:00001150       .
 0002:00000EB4       .
 0002:000096DC       .
 0001:00004590       .
 0002:0000127C       .
 0002:00000FE0       .
 0002:00000F90       .
 0001:0001FB6C       .
 0001:0002148C       .
 0002:00000F1C       .
 0001:00021554       .
 0002:00000F24       .
 0002:000076DC       .
 0002:00000F3C       .
 0002:00007658       .1
 0002:000076D0       .1
 0002:000074DC       .1
 0002:00007500       .1
 0002:0000A388       .1
 0002:00007660       .1
 0002:000076B8       .1
 0002:00009F68       .1
 0002:000076A0       .1
 0002:0000A36C       .1
 0002:000076BC       .1
 0002:000076C0       .1
 0002:0000753C       .1
 0002:0000A3E0       .2
 0002:000076D8       .2
 0002:0000A3E4       .2
 0002:0000A40C       .21
 0002:0000A38C       .3
 0002:0000765C       .3
 0002:00007428       .3
 0002:000074E4       .3
 0002:0000A3DC       .3
 0002:0000A3D8       .3
 0002:000076D4       .4
 0002:000076AC       .4
 0002:00007648       .44
 0002:000076A4       .5
 0002:00007664       .5
 0002:0000A390       .7
 0002:0000766C       .84
 0002:000076B4       .92
 0001:000019B0       @AbstractError
 0001:000033C8       @AddRef
 0001:00003308       @AddRefArray
 0001:000032DC       @AddRefRecord
 0001:00001F7C       @AfterConstruction
 0001:00004955       @Append
 0001:00001E6C       @AsClass
 0001:0000296C       @Assert
 0001:00004792       @Assign
 0001:00001A48       @AStrCmp
 0001:00001F84       @BeforeDestruction
 0001:00001D54       @BoundErr
 0001:00001EB8       @CallDynaInst
 0001:0000456C       @CheckAutoResult
 0001:00001F24       @ClassCreate
 0001:00001F74       @ClassDestroy
 0001:00004834       @Close
 0001:00001700       @Copy
 0001:000034F0       @CopyArray
 0001:000033D4       @CopyRecord
 0001:00021F00       @deflateInit2_
 0001:000035F8       @Dispose
 0001:000024AC       @DoneExcept
 0001:00003F50       @DynArrayAddRef
 0001:00003F28       @DynArrayAsg
 0001:00003EEC       @DynArrayClear
 0001:00003D2C       @DynArrayHigh
 0001:00003D24       @DynArrayLength
 0001:00003EE0       @DynArraySetLength
 0001:000025A0       @ExceptionHandler
 0001:00001AB8       @FillChar
 0001:0002114C       @fill_fopen_filefunc
 0001:000032D0       @Finalize
 0001:000031E8       @FinalizeArray
 0001:000031BC       @FinalizeRecord
 0001:0000480D       @Flush
 0001:00001D48       @FpuInit
 0001:00001C84       @FpuMaskInit
 0001:000015E0       @FreeMem
 0001:000015C8       @GetMem
 0001:00005208       @GetTls
 0001:00021684       @get_crc_table
 0001:00002954       @Halt
 0001:00002834       @Halt0
 0001:00002090       @HandleAnyException
 0001:0000237C       @HandleAutoException
 0001:00002344       @HandleFinally
 0001:000021BC       @HandleOnException
 0001:000235F4       @inflateInit2_
 0001:0002303C       @inflate_fast
 0001:00024B4C       @inflate_table
 0001:00005298       @InitExe
 0001:000031B0       @Initialize
 0001:0000311C       @InitializeArray
 0001:000030F0       @InitializeRecord
 0001:00002790       @InitImports
 0001:00002774       @InitResStringImports
 0001:00001744       @Insert
 0001:00004560       @IntfAddRef
 0001:0000452C       @IntfClear
 0001:00004544       @IntfCopy
 0001:00001E54       @IsClass
 0001:00001C54       @isNECWindows
 0001:00002E5C       @LStrAddRef
 0001:00002A30       @LStrArrayClr
 0001:00002A60       @LStrAsg
 0001:00002CB0       @LStrCat
 0001:00002CF4       @LStrCat3
 0001:00002D68       @LStrCatN
 0001:00002A0C       @LStrClr
 0001:00002DB8       @LStrCmp
 0001:00002EB0       @LStrCopy
 0001:00002EF0       @LStrDelete
 0001:00002C3C       @LStrFromArray
 0001:00002BB4       @LStrFromChar
 0001:00002BC4       @LStrFromPChar
 0001:00002AF4       @LStrFromPCharLen
 0001:00002BF4       @LStrFromPWChar
 0001:00002B24       @LStrFromPWCharLen
 0001:00002C30       @LStrFromString
 0001:00002C54       @LStrFromWArray
 0001:00002C70       @LStrFromWStr
 0001:00002F38       @LStrInsert
 0001:00002AA4       @LStrLAsg
 0001:00002CA8       @LStrLen
 0001:00002F94       @LStrPos
 0001:00002FDC       @LStrSetLength
 0001:00002E6C       @LStrToPChar
 0001:00002C84       @LStrToString
 0001:000035E4       @New
 0001:00002AD0       @NewAnsiString
 0001:00001934       @Pos
 0001:00004AD4       @Pow10
 0001:000019FC       @PStrCpy
 0001:000019CC       @PStrNCat
 0001:00001A18       @PStrNCpy
 0001:00002458       @RaiseAgain
 0001:0000243C       @RaiseExcept
 0001:00001AD8       @RandInt
 0001:00004870       @ReadChar
 0001:000048E4       @ReadLn
 0001:000015F8       @ReallocMem
 0001:00004947       @ResetText
 0001:0000494E       @RewritText
 0001:00001988       @ROUND
 0001:00002960       @RunError
 0001:00001974       @SetLength
 0001:00002744       @StartExe
 0001:00001AF0       @StrLong
 0001:00001994       @TRUNC
 0001:000024DC       @TryFinallyExit
 0001:00003B00       @ValInt64
 0001:00001B50       @ValLong
 0001:00003ADC       @VarAddRef
 0001:000039A4       @VarCast
 0001:0000374C       @VarClear
 0001:00003AD4       @VarClr
 0001:00003790       @VarCopy
 0001:00003A98       @VarToLStr
 0001:00004A3B       @Write0Char
 0001:00004AA4       @Write0CString
 0001:00001C44       @Write0Long
 0001:00003040       @Write0LString
 0001:00004A00       @Write0String
 0001:0000495C       @WriteBytes
 0001:00004A8D       @WriteChar
 0001:00004AA8       @WriteCString
 0001:00004A27       @WriteLn
 0001:00001C1C       @WriteLong
 0001:00003048       @WriteLString
 0001:000049C7       @WriteSpaces
 0001:00004A0A       @WriteString
 0001:000030D0       @WStrAddRef
 0001:00003088       @WStrArrayClr
 0001:000030AC       @WStrAsg
 0001:00003070       @WStrClr
 0001:000047E8       @_Flush
 0001:000016D0       @_IOTest
 0001:00004DEE       @_lldiv
 0001:00004E66       @_lldivo
 0001:00004EE1       @_llmod
 0001:00004F5B       @_llmodo
 0001:00004DA8       @_llmul
 0001:00004DCB       @_llmulo
 0001:00004FDB       @_llshl
 0001:00004E98       @_lludiv
 0001:00004F8D       @_llumod
 0001:00005013       @_llushr
 0001:000261BC       @_tr_align
 0001:00026488       @_tr_flush_block
 0001:00024FC0       @_tr_init
 0001:00026100       @_tr_stored_block
 0001:0000BC0C       Abort
 0001:0000BFBC       AbstractErrorHandler
 0002:0000701C       AbstractErrorProc
 0002:00000148       AccessMode
 0001:000566E4       AccessViolationModuleInLongFormat
 0001:0004D108       ActicatePage
 0002:0000A57C       ActivateEurekaLog
 0001:0000E008       ActiveX
 0001:00029A10       AddAuthenticationToURL
 0001:00000300       AddBlockAfter
 0001:0005C6F8       AddCallerCallStack
 0001:00050F7C       AddColor
 0001:00048D54       AddCustomHeadersToLog
 0001:00048BF8       AddCustomHeaderToLog
 0001:0001EB3C       AddDNS
 0002:000074FC       AddLeak
 0001:0004794C       AddModule
 0001:00004378       AddModuleUnloadProc
 0001:00004368       AddModuleUnloadProc
 0001:00041D04       AddNewProcess
 0001:000420CC       AddNewProcessEx
 0001:0001CE88       AddrSize
 0001:00055554       AddStr
 0001:000115C4       AddThread
 0001:00047ACC       AddToStack
 0001:00030F9C       AddValueField
 0001:0001F984       AddZipFile
 0001:0004D058       AdjustDialog
 0001:0004A538       AdjustFlatStyle
 0001:00021184       adler32
 0001:00051B5C       AfterScreenshot
 0001:00051870       AfterScreenshotToStream
 0002:00007518       AllocatedList_End
 0002:00007510       AllocatedList_Lock
 0002:00007514       AllocatedList_Start
 0001:0001153C       AllocateWindow
 0001:000086B4       AllocMem
 0002:00007420       AllocMemCount
 0002:00007424       AllocMemSize
 0002:00004B28       AlphaNumerics
 0001:000087C4       AnsiCompareText
 0001:0000C750       AnsiPos
 0001:000087FC       AnsiStrIComp
 0001:0000C788       AnsiStrPos
 0001:0000C828       AnsiStrRScan
 0001:0000C850       AnsiStrScan
 0001:0000382C       AnyChangeType
 0001:00009FC0       AppendChars
 0001:0000A388       AppendFormat
 0001:0000A024       AppendNumber
 0001:0000A004       AppendString
 0001:00048120       ApplicationRestore
 0001:000064DC       AreTheSameLeak
 0001:00046A34       ASMAssigned
 0002:00000D88       AsmConst
 0001:0004BAD4       AssemblerDialogProc
 0001:0003DC40       AssemblerToRTF
 0001:0000BFA0       AssertErrorHandler
 0002:00007018       AssertErrorProc
 0001:0000E30C       AssignLongStr
 0001:0004F530       AssignOnCloseData
 0001:00049568       AssignPriority
 0001:0004F390       AssignRequestData
 0001:0001C678       AssignValidDebugInfo
 0001:0000E360       AssignWideStr
 0001:000529A4       AttachedFile
 0001:00052C00       AttachedFiles
 0002:0000A400       AttachedFilesRequest
 0001:00058290       AttrToString
 0002:0000A584       AutoCloseTimer
 0001:00048ACC       AutoCloseTimerProc
 0002:00007474       avail
 0001:000090E8       BackfillGetDiskFreeSpaceEx
 0001:00027DA8       Base64Decode
 0001:00027E88       Base64DecodeStr
 0001:00027EF0       Base64DecodeString
 0001:00027CEC       Base64Encode
 0001:0005257C       Base64EncodeFromFile
 0001:00027E3C       Base64EncodeStr
 0001:00027EE8       Base64EncodeString
 0001:00027EF8       Base64EncodeToString
 0001:0000C4E4       Beep
 0001:0000579C       BeginPaint
 0001:000029C0       BeginThread
 0001:00016330       BinToStr
 0001:000056A4       BitBlt
 0002:0000744C       blockDescBlockList
 0002:00007450       blockDescFreeList
 0001:000550E4       BlockingSendInternetMessage
 0002:000000C4       BlockOverFoot
 0002:000000C0       BlockOverHead
 0002:00000300       BooleanIdents
 0001:00042360       BuildListPS
 0001:00042228       BuildListTH
 0002:00005E48       ByteRegs1
 0002:00005E4C       ByteRegs2
 0001:000510E4       BytesPerScanline
 0001:00050B50       BytesSwap
 0001:0000C5C8       ByteToCharIndex
 0001:0000C5A0       ByteToCharLen
 0001:0000C564       ByteType
 0001:0000C4EC       ByteTypeTest
 0002:0000A780       Cached_LogFile
 0001:000601E0       CalcAddr
 0001:00050B80       CalcCRC
 0001:00027CB4       CalcDecodedSize
 0001:00044B54       CalcDuplicatedException
 0001:00027C88       CalcEncodedSize
 0001:0001D1E4       CalculateRelocatedAsmSize
 0001:00045C50       CallAttachedFilesRequest
 0001:00045CC0       CallAttachedFilesRequestEvents
 0001:00045DF4       CallCustomButtonClickEvent
 0001:00045E60       CallCustomButtonClickEvents
 0001:00045B80       CallCustomDataRequest
 0001:00045BF0       CallCustomDataRequestEvents
 0001:00045D24       CallCustomWebFieldsRequest
 0001:00045D94       CallCustomWebFieldsRequestEvents
 0001:00005B98       CallerOfReallocMem
 0001:00060730       CallEurekaLog
 0001:00045884       CallExceptionActionNotify
 0001:00058B9C       CallExceptionActionNotify_atSavedLogFile
 0001:00058B78       CallExceptionActionNotify_atSavingLogFile
 0001:00053F24       CallExceptionActionNotify_atSendingEmail
 0001:00053F6C       CallExceptionActionNotify_atSendingWebMessage
 0001:00053F48       CallExceptionActionNotify_atSentEmail
 0001:00053F90       CallExceptionActionNotify_atSentWebMessage
 0001:00058E5C       CallExceptionActionNotify_atShowedExceptionInfo
 0001:00058E38       CallExceptionActionNotify_atShowingExceptionInfo
 0001:00050480       CallExceptionActionNotify_atTerminating
 0001:000459F8       CallExceptionErrorNotify
 0001:00058BC0       CallExceptionErrorNotify_atSavedLogFile
 0001:00053FB4       CallExceptionErrorNotify_atSentEmail
 0001:00053FD8       CallExceptionErrorNotify_atSentWebMessage
 0001:0004568C       CallExceptionNotify
 0001:000456F8       CallExceptionNotifyEvents
 0002:00006388       CallFromCOMObject
 0001:0004575C       CallHandledExceptionNotify
 0001:000457C8       CallHandledExceptionNotifyEvents
 0001:00045BFC       CallModuleEvent_AttachedFilesRequest
 0001:00045DA0       CallModuleEvent_CustomButtonClickNotify
 0001:00045B2C       CallModuleEvent_CustomDataRequest
 0001:00045CCC       CallModuleEvent_CustomWebFieldsRequest
 0001:000457D4       CallModuleEvent_ExceptionActionNotify
 0001:0004594C       CallModuleEvent_ExceptionErrorNotify
 0001:0004563C       CallModuleEvent_ExceptionNotify
 0001:00045704       CallModuleEvent_HandledExceptionNotify
 0001:00045E6C       CallModuleEvent_PasswordRequest
 0001:00045AC0       CallPasswordRequest
 0001:00047DB0       CallStackByAddresses
 0001:0004BFA0       CallStackDialogProc
 0001:00058E80       CallWriteIntraWebText
 0001:0005ED98       Call_HookedExceptionObject
 0001:0005EB34       Call_HookedRaise
 0001:0005EDC4       Call_HookedRtlUnwind
 0001:000506F0       CalsCoordinates
 0002:0000A535       CanAttachScreenshot
 0002:0000A531       CanAttachScreenshot_Show
 0001:000600A4       CanCallUnhandledException
 0002:0000A536       CanCopy
 0002:0000A532       CanCopy_Show
 0001:00046818       CanExit
 0002:0000A4F9       CanHookLibraries
 0002:0000635C       CannotProcessMessagesExceptions
 0002:0000A704       CannotUseThread
 0001:0005C76C       CanPauseThisThread
 0002:0000A530       CanSendError_Show
 0002:0000A534       CanSendMessage
 0002:0000A533       CanSupport_Show
 0002:0000A7B0       CaptionFontName
 0002:0000A9EC       CAPTION_HEIGHT
 0002:00001EFC       cBase64Codec
 0002:00001F3C       cBase64Codec
 0001:00049F94       CenterOnActiveWndMonitor
 0001:00048A4C       CenterWindow
 0002:0000A4C0       CGIHandleException_D5Down
 0002:0000A468       CGIOutputFile
 0002:000073E8       ChangeAnyProc
 0001:00008C44       ChangeFileExt
 0001:00062558       ChangeFinalizationOrder
 0001:0004F4A4       ChangeLogUserEmail
 0001:00003898       ChangeSourceAny
 0001:00000134       CharNext
 0002:00004B68       chars
 0001:0000C68C       CharToByteIndex
 0001:0000C6F0       CharToByteLen
 0001:00062D18       CheckCrc32
 0001:00015584       CheckDirectoryExists
 0001:0002997C       CheckError
 0001:0001D7B8       CheckFail
 0001:00062360       CheckForMemoryLeaks
 0001:00043850       CheckForResult
 0001:000153D0       CheckIntoIDE
 0001:0000200C       CheckJmp
 0001:000152F4       CheckKey
 0001:0003CC90       CheckMagicCode
 0001:0000622C       CheckOurPointer
 0002:00007674       ClassAliasList
 0001:000119CC       Classes
 0002:00007670       ClassList
 0002:000073E4       ClearAnyProc
 0001:0004078C       ClearInternalError
 0002:0000A955       ClickLinkActive
 0001:0003432C       ClickOnSign
 0001:0003EADC       CloneObject
 0001:000057A4       CloseClipboard
 0001:00005344       CloseHandle
 0001:000000D4       CloseHandle
 0001:00044B38       CloseLogFile
 0001:0003CC34       ClosePrinter
 0001:000528C8       CloseSendDialog
 0001:0001C820       closesocket
 0001:0001FB44       CloseZipFile
 0002:00007030       CmdLine
 0002:0000702C       CmdShow
 0002:000063A4       ColIdx
 0002:0000A988       ColWidths
 0001:000056AC       CombineRgn
 0001:000005E0       Commit
 0002:00007490       committedRoot
 0001:000517B4       CommonSaveToStream
 0001:00046BF8       CompareEurekaFunctions
 0001:000417D0       CompareModulesFunctions
 0001:00041B5C       CompareProcessesFunctions
 0001:0000534C       CompareString
 0001:0000874C       CompareText
 0001:00057114       CompleteIP
 0001:0002B62C       CompleteNumber
 0001:0003D22C       CompleteStr
 0001:000301B4       CompleteStr
 0001:000582E4       CompleteString
 0001:00026F40       Compress
 0001:00021540       compressBound
 0001:00017E70       ComputerName
 0001:0003E5DC       ComputerName
 0001:0001C828       connect
 0001:0000E0A0       Consts
 0001:0000B9FC       ConvertAddr
 0001:00014C0C       ConvertAddress
 0001:00005E2C       ConvertAddress
 0001:0000A114       ConvertEraString
 0001:0000863C       ConvertError
 0001:00008654       ConvertErrorFmt
 0001:0002F910       ConvertNotDosText
 0001:00028430       ConvertSpecialHTMLChars
 0001:0000A280       ConvertYearString
 0001:00003D34       CopyArray
 0001:000059F4       CopyMemory
 0001:000057AC       CopyRect
 0001:00046160       CopyStrings
 0001:00006A6C       CountAllLeaks
 0001:0000C618       CountChars
 0001:0004CE2C       CPUDialogProc
 0001:0003DFDC       CPUToRTF
 0002:00001CE8       Crc16Tab
 0001:00021698       crc32
 0002:00009F6C       crc_table
 0002:00001EE8       crc_table_computed
 0001:000512F8       Create8bitBitmap
 0001:0000BEE4       CreateAssertException
 0001:0000C07C       CreateAVObject
 0001:000056B4       CreateBitmap
 0001:000056BC       CreateCompatibleBitmap
 0001:000056C4       CreateCompatibleDC
 0001:00005AA0       CreateDialog
 0001:000486E0       CreateDialogFonts
 0001:000057B4       CreateDialogParam
 0001:000056CC       CreateDIBSection
 0001:000091F0       CreateDir
 0001:00005354       CreateDirectory
 0001:0000535C       CreateEvent
 0001:0004981C       CreateExceptionReport
 0001:00005364       CreateFile
 0001:000000DC       CreateFileA
 0001:0000536C       CreateFileMapping
 0001:000056D4       CreateFont
 0001:000056DC       CreateFontIndirect
 0001:00058E8C       CreateGeneralText
 0001:00042C40       CreateHTMLByLayout
 0001:0004526C       CreateHTMLFile
 0001:0000BE20       CreateInOutError
 0001:00049B00       CreateLeakReport
 0001:0005A118       CreateLogText
 0001:0001EF60       CreateMXQuery
 0001:00050F18       CreateOctreeNode
 0001:000056E4       CreatePalette
 0001:00005374       CreateProcess
 0001:000056EC       CreateRectRgn
 0001:000056F4       CreateRectRgnIndirect
 0001:000056FC       CreateSolidBrush
 0001:00043018       CreateTemplateFile
 0001:0000013C       CreateThread
 0001:00049CA0       CreateThreadStr
 0001:00053A24       CreateTmpLogFile
 0001:0003EFA0       CreateVirtualFile
 0001:00005A6C       CreateWindow
 0001:000057BC       CreateWindowEx
 0001:00045338       CreateXMLLogCopy
 0001:0001F8F0       CreateZipFile
 0001:00053FFC       CreateZIPFile
 0001:00061854       Create_EurekaLogUnitsList
 0002:00000C58       CriticalError
 0002:00006380       CriticalExceptObject
 0002:00007488       curAlloc
 0002:00007548       CurrencyDecimals
 0002:00007544       CurrencyFormat
 0002:00007540       CurrencyString
 0002:0000A4E8       CurrentAsmErrorLine
 0002:0000A4F0       CurrentAsmErrorText
 0002:0000A4F4       CurrentCPUErrorText
 0002:0000A588       CurrentDialog
 0001:00060254       CurrentEurekaLogOptions
 0002:0000A4EC       CurrentGeneralErrorText
 0002:0000A464       CurrentOptions
 0002:0000A5A0       CurrentProcessWindowsList
 0002:0000A554       CurrentRequestValue
 0002:0000636C       CurrentStackList
 0001:00009FAC       CurrentYear
 0002:0000A408       CustomButtonClickNotify
 0002:0000A3FC       CustomDataRequest
 0002:0000A520       CustomExceptMessage
 0002:0000A404       CustomWebFieldsRequest
 0002:0000A370       CV
 0002:00000028       cwChop
 0002:00007549       DateSeparator
 0001:0000AB58       DateTimeToStr
 0001:0000AAFC       DateTimeToString
 0001:00009A64       DateTimeToTimeStamp
 0001:00009F34       DayOfWeek
 0002:0000A59C       DbgSection
 0002:00000008       DebugHook
 0002:0000A6DC       DebugHook_Assigned
 0001:000555A4       DebugToStr
 0002:00007547       DecimalSeparator
 0001:00009EA4       DecodeDate
 0001:00019C20       DecodeNameString
 0001:00009B8C       DecodeTime
 0001:00000674       Decommit
 0001:00000C90       DecommitFree
 0002:00007464       decommittedRoot
 0001:00027B8C       Decrypt
 0002:00000000       Default8087CW
 0001:000224D0       deflate
 0001:00022794       deflateEnd
 0001:00021EE4       deflateInit_
 0002:000001F8       DefLongDayNames
 0002:000001AC       DefLongMonthNames
 0002:000001DC       DefShortDayNames
 0002:0000017C       DefShortMonthNames
 0001:000057C4       DefWindowProc
 0001:00000330       DeleteBlock
 0001:0000537C       DeleteCriticalSection
 0001:000002A0       DeleteCriticalSection
 0001:00005704       DeleteDC
 0001:0005416C       DeleteExtraFiles
 0001:00005384       DeleteFile
 0001:00008BDC       DeleteFile
 0001:00000AD8       DeleteFree
 0001:0000570C       DeleteObject
 0001:00050E24       DeleteTree
 0001:0003F10C       DeleteVirtualFile
 0001:00048928       DestroyDialogFonts
 0001:000057CC       DestroyWindow
 0002:0000A9C8       DetailsActive
 0001:0004A578       DetailsState
 0001:000057D4       DialogBoxParam
 0002:0000A9D4       DialogHeight
 0002:0000A6EC       DialogType
 0002:00000054       dig
 0002:00000C5C       Digits
 0001:00042FF4       DirectoryExists
 0001:00007540       DisableMemoryLeaksCheck
 0001:000057DC       DispatchMessage
 0001:00008620       DivMod
 0001:00048398       DlgTemplate
 0002:000076C8       DllList
 0001:00009C24       DoEncodeDate
 0001:00009AA4       DoEncodeTime
 0001:0001F394       Done
 0001:0000772C       Done
 0001:000181AC       Done
 0001:0001DC8C       Done
 0001:0006362C       Done
 0001:0006153C       DoneCheckFreeze
 0002:0000A4B8       DoneExcept
 0001:0006250C       DoneExceptAddr
 0001:0000C420       DoneExceptions
 0001:00029458       DoneLib
 0001:000072CC       DoneShareMem
 0002:00000308       DotSep
 0001:0000F68C       DoWrite
 0001:00033AF0       DrawBmp
 0001:0003467C       DrawBottom
 0001:0004F2C0       DrawButton
 0001:0004F154       DrawClickHere
 0001:0004F0D0       DrawControl
 0001:00034604       DrawFrame
 0001:000057E4       DrawIconEx
 0001:00034724       DrawItem
 0001:000346D0       DrawLine
 0001:0004D3E8       DrawSupportLink
 0001:000057EC       DrawText
 0002:0000A537       DuplicatedException
 0001:0000538C       DuplicateHandle
 0001:00003D4C       DynArrayClear
 0001:00003D54       DynArraySetLength
 0001:00027F5C       EBase64
 0001:000143B4       EConsts
 0001:00018204       ECore
 0001:0001C7D8       EDebug
 0001:0003C178       EDisAsm
 0001:00027C80       EEncrypt
 0001:0002792C       EHash
 0001:0000BDF4       EHeapException.FreeInstance
 0001:0001DD88       EHook
 0001:0002FE48       ElaborateString
 0001:00029C3C       ElaborateURL
 0001:00029DA4       ElaborateWebPage
 0001:0001DE98       ELang
 0001:000077EC       ELeaks
 0001:00034D44       EListView
 0001:00033A18       ELogManager
 0001:000057F4       EmptyClipboard
 0002:00007410       EmptyParam
 0002:000000D4       EmptyStr
 0002:00000358       EMsgs
 0001:000073B4       EnableMemoryLeaksCheck
 0001:000057FC       EnableWindow
 0001:00050D48       Encode
 0001:00009CEC       EncodeDate
 0002:00004B48       EncodedChars
 0001:00009B14       EncodeTime
 0001:00053B88       EncodeURL
 0001:00005804       EndDialog
 0001:0000580C       EndPaint
 0001:00002A04       EndThread
 0001:00000290       EnterCriticalSection
 0001:00005394       EnterCriticalSection
 0001:0000539C       EnumCalendarInfoA
 0001:0000B648       EnumEraNames
 0001:0000B684       EnumEraYearOffsets
 0001:0003CC24       EnumPrinters
 0001:000053A4       EnumSystemLocales
 0001:00005814       EnumWindows
 0001:00040A8C       EnumWindowsProc
 0001:00040BA0       EnumWindowsProc
 0001:00040A34       EnumWindowsProc
 0001:0001916C       Eof
 0002:0000760C       EraNames
 0001:0000ADD8       EraToYear
 0002:00007628       EraYearOffsets
 0002:0000004C       errCaption
 0001:00051C28       Error
 0001:00007194       Error
 0001:0000168C       Error
 0002:0000703C       ErrorAddr
 0001:0000BEA0       ErrorHandler
 0002:00000214       ErrorMap
 0002:00007004       ErrorProc
 0002:00000B30       EShowOptions
 0001:0001F3F4       ESockets
 0001:00011A70       ETypes
 0002:00000350       EurekaLogCurrentVersion
 0002:0000A550       EurekaLogList
 0001:000524D8       EurekaLogSendEmail
 0002:00005E64       EurekaLogUnits
 0002:0000A578       EurekaLogUnitsList
 0001:0004662C       EurekaLog_AttachedFilesRequestEvent
 0001:0005F3F8       EurekaLog_CallCreateThread
 0001:0005EC50       EurekaLog_CallExceptObject
 0001:0005F530       EurekaLog_CallExitThread
 0001:0005EB00       EurekaLog_CallGeneralRaise
 0001:0005F48C       EurekaLog_CallResumeThread
 0001:00046774       EurekaLog_CustomButtonClickEvent
 0001:00046588       EurekaLog_CustomDataRequestEventEx
 0001:000466D0       EurekaLog_CustomWebFieldsRequestEvent
 0001:00046440       EurekaLog_ExceptionActionNotifyEvent
 0001:000464E4       EurekaLog_ExceptionErrorNotifyEvent
 0001:000462F8       EurekaLog_ExceptionNotifyEvent
 0001:0004639C       EurekaLog_HandledExceptionNotifyEvent
 0001:000461E4       EurekaLog_PasswordRequestEvent
 0001:00046228       EurekaLog_PasswordRequestEventEx
 0002:000008B8       EVals
 0002:00000BF0       EVariablesOptions
 0001:0002F248       EWebTools
 0001:0000B9E4       ExceptAddr
 0002:00007008       ExceptClsProc
 0001:0000C344       ExceptHandler
 0001:0000BC68       Exception.Create
 0001:0000BCA4       Exception.CreateFmt
 0001:0000BD24       Exception.CreateRes
 0001:0000BD60       Exception.CreateResFmt
 0002:0000A3F0       ExceptionActionNotify
 0002:00007010       ExceptionClass
 0002:0000A438       ExceptionCriticalSection
 0001:0000BA08       ExceptionErrorMessage
 0002:0000A3F4       ExceptionErrorNotify
 0001:0003FD48       ExceptionLine
 0001:00063A34       ExceptionLog
 0001:00060910       ExceptionManager
 0002:0000A3E8       ExceptionNotify
 0002:0000A470       ExceptionNumber
 0002:0000A590       ExceptionsTime
 0002:0000A594       ExceptionTime
 0001:0004357C       ExceptionTypeByAddr
 0002:0000024C       ExceptMap
 0001:0005E1B4       ExceptNotify
 0001:000553CC       ExceptNotifyAfter1
 0001:000554C8       ExceptNotifyAfter2
 0001:000554DC       ExceptNotifyAfter3
 0001:0000B9CC       ExceptObject
 0002:0000700C       ExceptObjProc
 0002:00007000       ExceptProc
 0002:00007034       ExitCode
 0001:00002800       ExitDll
 0002:00007038       ExitProc
 0001:0000014C       ExitProcess
 0001:000053AC       ExitThread
 0001:00000144       ExitThread
 0001:0002F7F0       EXMLBuilder
 0001:000146DC       ExpandEnvVars
 0001:00008E20       ExpandFileName
 0001:00046C7C       ExportedFunctions
 0001:000446CC       ExtractDebugData
 0001:00008D0C       ExtractFileDrive
 0001:00008DD8       ExtractFileExt
 0001:00008DA0       ExtractFileName
 0001:00005B30       ExtractFileName
 0001:00008CD8       ExtractFilePath
 0001:00008E5C       ExtractFilePathNoDrive
 0001:00060D14       ExtractGZipStream
 0001:00044CA8       ExtractList
 0001:00008F30       ExtractRelativePath
 0001:0004423C       ExtractStr
 0001:000150C0       ExtractStringsEx
 0001:00049650       ExtractThreadByList
 0001:000314B4       ExtractValue
 0001:000280EC       EZip
 0001:00026E30       EZlib
 0002:0000A78C       fActive
 0002:0000639C       fActivePage
 0002:0000A7A8       fBigFont
 0002:0000A790       fCaptionFont
 0002:0000A784       fDlgBack
 0001:00058624       FetchStr
 0002:0000A798       fFixedFont1
 0002:0000A79C       fFixedFont2
 0001:00008A70       FileAge
 0001:00008A68       FileClose
 0001:000089E0       FileCreate
 0001:0000915C       FileDateToDateTime
 0001:00008AD8       FileExists
 0002:00007046       FileMode
 0001:000089A0       FileOpen
 0001:00008A04       FileRead
 0001:00008A5C       FileSeek
 0001:000053B4       FileTimeToDosDateTime
 0001:000053BC       FileTimeToLocalFileTime
 0001:00008A30       FileWrite
 0001:00000BC0       FillAfterGap
 0001:000454C4       FillAttachedList
 0001:00000B6C       FillBeforeGap
 0001:00000C58       FillerSizeAfterGap
 0001:00000BE8       FillerSizeBeforeGap
 0001:0000581C       FillRect
 0001:00041C18       FillThreadsCount
 0001:000077B4       Finalization
 0001:0001DD34       Finalization
 0001:00007AB8       Finalization
 0001:0001DE68       Finalization
 0001:0003C0DC       Finalization
 0001:00034D14       Finalization
 0001:00063884       Finalization
 0001:0001F39C       Finalization
 0001:000339E8       Finalization
 0001:0000E4B8       Finalization
 0001:000181B0       Finalization
 0001:00063AA0       Finalization
 0001:00014330       Finalization
 0001:0002F7C0       Finalization
 0001:0002F1F8       Finalization
 0001:0000DDE0       Finalization
 0001:00005AB8       Finalization
 0001:0000DFA0       Finalization
 0001:000280BC       Finalization
 0001:00027F2C       Finalization
 0001:0001C888       Finalization
 0001:0000DFD8       Finalization
 0001:00027C50       Finalization
 0001:0000E070       Finalization
 0001:000052CC       Finalization
 0001:00005030       Finalization
 0001:00026E00       Finalization
 0001:00011A40       Finalization
 0001:00011914       Finalization
 0001:000278FC       Finalization
 0001:0001C7E8       Finalization
 0001:0001C73C       Finalization
 0002:000074F0       FinalizationProc
 0001:00003D44       FinalizeArray
 0001:00003FB0       FindBS
 0001:00003F84       FindClassHInstance
 0001:0000015C       FindClose
 0001:00008BC0       FindClose
 0001:000053C4       FindClose
 0001:00000B3C       FindCommitted
 0001:000539A4       FindEOFLine
 0001:0002986C       FindErrorMessage
 0001:00058DE4       FindException
 0001:00008B4C       FindFirst
 0001:000053CC       FindFirstFile
 0001:00000164       FindFirstFile
 0001:00041EBC       FindFullPath
 0001:0004462C       FindFunction
 0001:0003CCA4       FindHandled
 0001:00003F5C       FindHInstance
 0001:000065A8       FindLeakAddress
 0001:000067B8       FindLeakClassName
 0001:00006500       FindLeakSons
 0001:00062C54       FindMainInstance
 0001:00008AE8       FindMatchingFile
 0001:00040F90       FindModuleType
 0001:00008B9C       FindNext
 0001:000053D4       FindNextFile
 0001:0000645C       FindNextValidLeak
 0001:000192DC       FindParam
 0001:00041B64       FindProcess
 0001:000053DC       FindResource
 0001:00003F8C       FindResourceHInstance
 0001:0003365C       FindSection
 0001:00028FCC       FindSelected
 0001:00005824       FindWindow
 0001:00002684       FInitUnits
 0002:0000A7B4       FixedFontName1
 0002:0000A7B8       FixedFontName2
 0002:0000A7AC       FixedFontSize
 0002:0000A9F0       FixedTmpOptionsFile
 0002:00007654       FLanguages
 0002:0000A7A0       fLinkFont
 0002:0000A7A4       fLinkFont2
 0002:0000A930       fListViewItems
 0002:00005548       FloatingPointOpcodes
 0001:0000DADD       FloatToDecimal
 0001:0000D53A       FloatToText
 0001:0000D80A       FloatToTextFmt
 0001:000053E4       FlushInstructionCache
 0002:0000A788       fMemoBack
 0002:0000A910       fMonitor
 0002:0000A918       fMonitorInfo
 0002:00000170       FMSecsPerDay
 0001:000098FC       FmtStr
 0001:0006085C       ForceApplicationTermination
 0001:000098E8       Format
 0002:00000178       Format
 0001:000094BC       FormatBuf
 0001:000094B0       FormatClearStr
 0001:00058AB8       FormatComplete
 0001:0000AB6C       FormatDateTime
 0001:00009444       FormatError
 0002:00000168       FormatErrorStrs
 0001:000099C4       FormatFloat
 0001:000053EC       FormatMessage
 0001:0001C138       FormatProcName
 0001:0000949C       FormatVarToStr
 0001:00004AD4       FPower10
 0001:0000582C       FrameRect
 0001:00006A40       FreeAllLeaks
 0001:0000D238       FreeAndNil
 0001:0003EB10       FreeClonedObject
 0001:000008A8       FreeCommitted
 0001:00000DB0       FreeCurAlloc
 0001:000118A0       FreeIntConstList
 0001:0000016C       FreeLibrary
 0001:000053F4       FreeLibrary
 0001:0003CF14       FreeOutOfMemoryCache
 0001:00051BEC       FreeScreenshot
 0001:00000528       FreeSpace
 0001:0000CD68       FreeTerminateProcs
 0001:00011424       FreeThreadWindow
 0002:0000A4FC       FreezeThread
 0002:0000A914       fSendBmp
 0002:0000A3C4       FtpOpenFile
 0001:0002EC28       FTPUploadFiles
 0002:0000A794       fVariableFont
 0001:0004CC24       GeneralDialogProc
 0001:0005E8E0       GeneralRaise
 0001:0003D7DC       GeneralToRTF
 0001:00060440       GenerateCallStack
 0001:00054B20       GenerateCustomWebFieldsString
 0001:00042ED0       GenerateHTML
 0001:0002E07C       GenerateMultipartBoundary
 0001:0002A4E4       GenerateMultipartBoundary
 0001:0002A638       GenerateRequestBody
 0001:0002E1AC       GenerateRequestBody
 0001:00005414       GetACP
 0001:000562C4       GetActiveControlClass
 0001:000562DC       GetActiveControlText
 0001:000561E4       GetActiveFormClass
 0001:00056230       GetActiveFormText
 0001:00049D08       GetActiveMonitorData
 0001:00057250       GetAdapterInfo
 0001:00041BE4       GetAllocatedMemory
 0001:00056DE0       GetApplicationName
 0001:00040B04       GetApplicationRect
 0001:000561C4       GetApplicationUpTime
 0001:0001CFF0       GetAsmSize
 0001:00048194       GetBaseOfStack
 0001:000002A8       GetBlockDesc
 0001:0004F238       GetBottonWidth
 0001:00005A68       GetBValue
 0001:00048070       GetCallStackByAddresses
 0001:0003FA34       GetCallStackDump
 0001:00005834       GetClassInfo
 0001:0000583C       GetClassName
 0001:00000244       GetCmdShow
 0001:00034B94       GetColumnAlign
 0001:00034B68       GetColumnCount
 0001:00005424       GetCommandLine
 0001:00000174       GetCommandLine
 0001:000006F4       GetCommitted
 0001:00000784       GetCommittedAt
 0001:000584FC       GetCompanyName
 0001:00056168       GetCompilationDate
 0001:0003D2B4       GetCompleteTimeStr
 0001:0000542C       GetComputerName
 0001:0005DCB8       GetControlClass
 0001:0005DD10       GetControlText
 0001:0000A070       GetCount
 0001:0000541C       GetCPInfo
 0001:00026EDC       GetCRC16
 0001:00026E94       GetCRC32
 0001:000091C8       GetCurrentDir
 0001:00005434       GetCurrentDirectory
 0001:00005714       GetCurrentObject
 0001:000588DC       GetCurrentPrinterHandle
 0001:0000543C       GetCurrentProcess
 0001:00005444       GetCurrentProcessId
 0001:00060908       GetCurrentStackPointer
 0001:0004819C       GetCurrentStackPointer
 0001:0000544C       GetCurrentThread
 0001:00005454       GetCurrentThreadId
 0001:00004588       GetCurrentThreadId
 0001:0003EB30       GetCurrentTopOfStack
 0001:00058324       GetCurrentUserPrivileges
 0001:00005844       GetCursor
 0001:0000584C       GetCursorPos
 0001:00006334       GetDataCaller
 0001:0000A09C       GetDate
 0001:0000545C       GetDateFormat
 0001:0000ACFC       GetDateOrder
 0001:00005854       GetDC
 0001:00047A8C       GetDebugDetail
 0001:00055644       GetDebugInfoEx
 0001:000449C4       GetDebugInfosByAddr
 0001:00044418       GetDebugPartialInfo
 0001:000586B8       GetDefaultPrinter
 0001:0000585C       GetDesktopWindow
 0001:00005724       GetDeviceCaps
 0001:0004D034       GetDialogState
 0001:0000571C       GetDIBits
 0001:00005464       GetDiskFreeSpaceA
 0002:00000144       GetDiskFreeSpaceEx
 0001:00056BA4       GetDiskInfo
 0001:00058238       GetDisplayDPI
 0001:00057074       GetDisplayMode
 0001:00005864       GetDlgItem
 0001:0001EB60       GetDNSList
 0001:0001ED1C       GetDomain
 0001:0001EE88       GetDomainName
 0001:00059E00       GetDump
 0001:00001E88       GetDynaMethod
 0001:00059B40       GetEAX
 0001:00059B98       GetEBX
 0001:00059BF0       GetECX
 0001:00059CF8       GetEDI
 0001:0004F328       GetEditText
 0001:00059C48       GetEDX
 0001:00046A2C       GetEF
 0001:0003AAF8       GetEffectiveAddress
 0001:00059DA8       GetEIP
 0001:0005A070       GetEmptySection
 0001:0000E0E0       GetEnumName
 0001:0000546C       GetEnvironmentVariable
 0001:00014670       GetEnvVariable
 0001:0000B6FC       GetEraNamesAndYearOffsets
 0001:0000AD84       GetEraYearOffset
 0001:00059CA0       GetESI
 0001:00059D50       GetESP
 0001:0003FA24       GetESP
 0001:00047124       GetEurekaLogModuleVersion
 0001:000564D8       GetExceptionAddress
 0001:0000C068       GetExceptionClass
 0001:000564C0       GetExceptionDate
 0001:000569B0       GetExceptionMessage
 0001:0005650C       GetExceptionModuleName
 0001:000565CC       GetExceptionModuleVersion
 0001:0000C248       GetExceptionObject
 0001:00056640       GetExceptionType
 0001:000482A8       GetExceptMessage
 0001:00005474       GetExitCodeProcess
 0001:0000547C       GetExitCodeThread
 0001:0002886C       GetFieldValue
 0001:00005484       GetFileAttributes
 0001:00029800       GetFileContents
 0001:0002E140       GetFileContents
 0001:0002EBEC       GetFileSize
 0001:000000EC       GetFileSize
 0001:0001F948       GetFileSize
 0001:0004179C       GetFileSize
 0001:000000E4       GetFileType
 0001:0005771C       GetFileVersionEx
 0001:0000568C       GetFileVersionInfo
 0001:00005694       GetFileVersionInfoSize
 0001:0000586C       GetFocus
 0001:00005874       GetForegroundWindow
 0001:0000C948       GetFormatSettings
 0001:00005EA4       GetFramesCallStackDump
 0001:00056C88       GetFreeDisk
 0001:00056B14       GetFreeMemory
 0001:0000548C       GetFullPathName
 0001:0005590C       GetFunctionAsm
 0001:0001D128       GetFunctionSize
 0001:00015388       GetGMT
 0001:00005A64       GetGValue
 0001:00005494       GetHandleInformation
 0001:0001C858       gethostbyname
 0001:0001C860       gethostname
 0001:00029E5C       GetHTTPResponse
 0001:0002E480       GetHTTPResponse
 0001:0000587C       GetIconInfo
 0001:0001C458       GetImageNtHeaders
 0001:00057910       GetIndexKeyName
 0001:0005E5AC       GetIntraWebExceptionType
 0001:00033AC8       GetItemRect
 0001:0004BF54       GetItemText
 0001:00001C4C       GetKeyboardType
 0001:00056474       GetLanguageString
 0001:0000017C       GetLastError
 0001:0000549C       GetLastError
 0001:0000655C       GetLeakCount
 0001:000291DC       GetListDefault
 0001:00028E58       GetListValue
 0001:0000B4C0       GetLocaleChar
 0001:00056348       GetLocaleDataA
 0001:00056308       GetLocaleDataW
 0001:00000184       GetLocaleInfo
 0001:000054BC       GetLocaleInfo
 0001:000054AC       GetLocaleInfoA
 0001:000054B4       GetLocaleInfoW
 0001:0000B474       GetLocaleStr
 0001:000054A4       GetLocalTime
 0001:00014CE8       GetLongNameFromShort
 0001:0000E320       GetLongStrProp
 0001:00040A6C       GetMainWindow
 0001:0000572C       GetMapMode
 0001:000277FC       GetMD5
 0001:00001648       GetMemoryManager
 0001:0000E440       GetMethodProp
 0001:0001F7EC       GetModifiedDate
 0001:00014C44       GetModifiedDate
 0001:0004135C       GetModuleDescriptionAndVersion
 0001:00005190       GetModuleFileName
 0001:000054C4       GetModuleFileName
 0001:0000018C       GetModuleFileName
 0001:000054CC       GetModuleHandle
 0001:00005198       GetModuleHandle
 0001:00000194       GetModuleHandle
 0001:00041150       GetModulePath
 0001:0004122C       GetModuleSize
 0001:00041ACC       GetModulesList
 0001:0004193C       GetModulesWin9X
 0001:000417D8       GetModulesWinNT
 0001:000412BC       GetModuleVer
 0001:000455E8       GetModule_ProcedureEvent
 0001:00049F70       GetMonitorWorkAreaFromActiveWnd
 0001:00049F4C       GetMonitorWorkAreaFromWnd
 0001:00049E64       GetMonitorWorkAreaFromWndEx
 0001:0000B524       GetMonthDayNames
 0001:0001F088       GetMXBestRecord
 0001:0001EFE8       GetMXRecord
 0001:0001F178       GetMXServerFromEmail
 0001:00057598       GetNetworkData
 0001:00058658       GetNTDefPrinter
 0001:00005734       GetObject
 0001:00006348       GetObjectCaller
 0001:00051288       GetOptimizedPalette
 0001:000290B8       GetOptionsDefault
 0001:00007150       GetOptionsFromExeFile
 0001:00028C58       GetOptionsValue
 0001:0000E22C       GetOrdProp
 0001:0003F610       GetOSBuild
 0001:000564A8       GetOSCharset
 0001:0005649C       GetOSLanguage
 0001:0003F32C       GetOSType
 0001:000562F4       GetOSUpdate
 0001:0003CEF8       GetOutOfMemoryCache
 0001:00050E60       GetPaletteColors
 0001:000560C4       GetParameters
 0001:00001804       GetParamStr
 0001:00047450       GetPassword
 0001:0000573C       GetPixel
 0001:0003CC3C       GetPrinterDriver
 0001:00058950       GetPrinterStr
 0001:000054D4       GetPriorityClass
 0001:000054DC       GetPrivateProfileString
 0001:0000019C       GetProcAddress
 0001:000054E4       GetProcAddress
 0001:000423C0       GetProcessesList
 0001:00056E94       GetProcessor
 0001:00041708       GetProcessThreads
 0001:000147D8       GetProfileFolder
 0001:000054EC       GetProfileString
 0001:0000E1C0       GetPropInfo
 0001:00005F1C       GetRawCallStackDump
 0001:000070B4       GetRawOptions
 0001:00005BAC       GetReadableSize
 0001:00014B6C       GetReadableSize
 0001:00044DD4       GetRealFileName
 0001:0003A4A0       GetRefAddress
 0001:0003A600       GetRegName
 0001:0000706C       GetResourceData
 0001:00043660       GetResourceData
 0001:00005A60       GetRValue
 0001:0000E2A0       GetShortStrProp
 0001:0000E2E4       GetShortStrPropAsLongStr
 0001:000439A8       GetSourceInfoByAddr
 0001:0000044C       GetSpace
 0001:000004B0       GetSpaceAt
 0001:00059FE0       GetStack
 0001:00056DC8       GetStartDate
 0001:000001A4       GetStartupInfo
 0001:000054F4       GetStartupInfo
 0001:000000F4       GetStdHandle
 0001:00005744       GetStockObject
 0001:0000E400       GetStrProp
 0001:000440DC       GetSymbolAddr
 0001:00005884       GetSysColor
 0001:000054FC       GetSystemDefaultLangID
 0001:0000588C       GetSystemMetrics
 0001:0000574C       GetSystemPaletteEntries
 0001:00005504       GetSystemTime
 0001:00057038       GetSystemUpTime
 0001:00028620       GetTagValue
 0001:0000550C       GetTempPath
 0001:00028A4C       GetTextAreaValue
 0001:00005754       GetTextExtentPoint32
 0001:00048F08       GetTextHeight
 0001:00049060       GetTextWidth
 0001:00005514       GetThreadContext
 0001:000496EC       GetThreadData
 0001:000001AC       GetThreadLocale
 0001:0000551C       GetThreadLocale
 0001:0005E534       GetThreadParams
 0001:00005524       GetThreadPriority
 0001:0000552C       GetTickCount
 0001:0000A0D4       GetTime
 0001:00005304       GetTokenInformation
 0001:0003FA2C       GetTopOfStack
 0001:00056D28       GetTotalDisk
 0001:00056A84       GetTotalMemory
 0001:0000E0D4       GetTypeData
 0001:000584E8       GetUserEmail
 0001:0000530C       GetUserName
 0001:00014894       GetUserPath
 0001:0002A5A8       GetValueFromIndex
 0001:00005534       GetVersionEx
 0001:00041740       GetVersionNumber
 0001:00057AE0       GetVideoCardStr
 0001:0001CBF4       GetVirtualMethod
 0001:0000E374       GetWideStrProp
 0001:0000E3B4       GetWideStrPropAsLongStr
 0001:000408D8       GetWindowClassName
 0001:00005894       GetWindowDC
 0001:0000589C       GetWindowLong
 0001:000058A4       GetWindowPlacement
 0001:000058AC       GetWindowRect
 0001:0000553C       GetWindowsDirectory
 0001:000058B4       GetWindowText
 0001:000058BC       GetWindowThreadProcessId
 0001:000155C4       GetWorkingFile
 0001:00005544       GlobalAlloc
 0001:00005A04       GlobalAllocPtr
 0002:0000767C       GlobalFixupList
 0001:0000554C       GlobalFree
 0001:00005A30       GlobalFreePtr
 0001:0000555C       GlobalHandle
 0001:00005554       GlobalLock
 0001:00005564       GlobalMemoryStatus
 0002:00007668       GlobalNameSpace
 0001:0000556C       GlobalReAlloc
 0001:00005A14       GlobalReAllocPtr
 0002:0000ADF0       GlobalSendValues
 0001:00005574       GlobalUnlock
 0002:0000A768       Global_AttachedFiles
 0002:0000A70F       Global_CloseDialog
 0002:0000A75C       Global_CurrentEvent
 0002:0000A770       Global_DataFields
 0002:0000A734       Global_ExceptionRecord
 0002:0000A70C       Global_Execute
 0002:0000A70D       Global_Handled
 0002:00006394       Global_IntoHandleException
 0002:0000A778       Global_IntraWebText
 0002:0000A764       Global_LastInitPassword
 0002:0000A774       Global_Module
 0002:0000A760       Global_Password
 0002:0000A70E       Global_Retry
 0002:0000A76C       Global_WebFields
 0002:0000A77C       Global_WebTextID
 0001:0005E774       GoNotify
 0002:00005388       GroupsOpcodes
 0002:000054C8       GroupsOperands
 0001:00062408       HandleAnyExceptionAddr
 0002:0000A474       HandleAnyExceptionAddr_Variable
 0001:00006A94       HandleAnyLeak
 0001:000624AC       HandleAutoExceptionAddr
 0002:0000A47C       HandleAutoExceptionAddr_Variable
 0001:0003458C       HandleBackgroundState
 0002:0000A5D4       HandledCache
 0002:0000A5D0       HandledCacheCount
 0002:0000A6C4       HandledCacheCriticalSection
 0002:0000A3EC       HandledExceptionNotify
 0001:0000630C       HandleError
 0001:00062454       HandleOnExceptionAddr
 0002:0000A478       HandleOnExceptionAddr_Variable
 0001:0004089C       HasWindowASize
 0002:00000004       HeapAllocFlags
 0002:00007430       heapErrorCode
 0002:00007434       heapLock
 0002:00000140       HexDisplayPrefix
 0002:000074D8       HInstance
 0001:000059F0       HiWord
 0001:00046990       HookBPLProcedureByAddr
 0001:00046A04       HookBPLProcedureBySymbol
 0001:0001D81C       HookDllProcedure
 0001:0005F550       HookedCreateThread
 0001:0005EDA0       HookedExceptionObject
 0001:0005EF70       HookedExceptProc
 0001:0005F9C8       HookedExitThread
 0001:0005FAB8       HookedHttpExtensionProc
 0002:000076CC       HookedMethodsList
 0002:000076C4       HookedProcedures
 0001:0005EC30       HookedRaise
 0001:0005F7AC       HookedResumeThread
 0001:0005F194       HookedRTLThreadProc
 0001:0005EEB8       HookedRtlUnwind
 0001:0005F03C       HookedThreadExecute
 0001:0005F2C4       HookedThreadProc
 0001:0005FA84       HookedWriteClientProc
 0001:0005EEE0       HookedWriteFile
 0001:00060A4C       Hooked_CGIHandleServerException_D5Down
 0001:000611A4       Hooked_DoneExcept
 0001:00061174       Hooked_IndyThreadHandleException
 0001:00060B60       Hooked_IntraWebCreateServer
 0001:00060E5C       Hooked_IntraWebSendResponse
 0001:00060A7C       Hooked_ISAPIHandleServerException_D5Down
 0001:000610C0       Hooked_NTServiceLogMessage
 0001:00060AAC       Hooked_VCLHandleException
 0001:00060B20       Hooked_VCLShowException
 0001:00062C24       HookingModuleName
 0001:00062C48       HookingRTLModuleName
 0001:00062698       HookLastFInit
 0001:0006267C       HookLastInit
 0001:0001D404       HookProcedure
 0001:0001D518       HookProcedureEx
 0001:000468F8       HookSymbolProcedure
 0001:0001CC40       HookVirtualMethod
 0001:000626A8       Hook_InitializationAndFinalization
 0001:00062848       Hook_OnExceptionEvents
 0001:00052904       HostName
 0002:00003A04       HTMLChars
 0002:00003704       HTMLDelimiters
 0001:0001C830       htons
 0002:0000A3A0       HttpAddRequestHeaders
 0002:0000A3B0       HttpEndRequest
 0002:0000A39C       HttpOpenRequest
 0002:0000A3B4       HttpQueryInfo
 0002:0000A3A4       HttpSendRequest
 0002:0000A3A8       HttpSendRequestEx
 0001:0002E734       HTTPUploadFiles
 0002:000063AC       IDATHeader
 0001:00050D00       IDATWrite
 0002:0000A700       IDC_CURSOR
 0001:0003D07C       ifelseStr
 0001:0003D0F4       ifStr
 0002:000063B8       iLevel
 0001:00033D80       ImageList_Add
 0001:00033D78       ImageList_Create
 0001:00033D88       ImageList_Destroy
 0001:000557AC       ImmidiateDataProc
 0002:00000174       IMSecsPerDay
 0002:0000A574       InactiveThreads
 0001:00017C84       IncludeLastBackslash
 0002:0000A5A4       IndyHooked
 0002:0000A4B4       IndyThread_HandleException
 0002:0000A498       Indy_OnException
 0001:000238F8       inflate
 0001:000247B0       inflateEnd
 0001:0001F518       InflateInit
 0001:000236C0       inflateInit_
 0001:00023538       inflateReset
 0001:00014914       IniDir
 0001:00062E1C       Init
 0001:0001F38C       Init
 0001:000181A0       Init
 0001:0001DC58       Init
 0001:00007560       Init
 0001:00000934       InitAllocator
 0001:00061490       InitCheckFreeze
 0002:000074A0       InitContext
 0001:00050C04       InitDeflate
 0001:0000CD88       InitDriveSpacePtr
 0001:0000C354       InitExceptions
 0001:0000557C       InitializeCriticalSection
 0001:00000288       InitializeCriticalSection
 0002:00000E88       Initialized
 0002:00006374       Initialized
 0002:0000742C       initialized
 0001:0000524C       InitializeModule
 0001:00027AEC       InitKey
 0001:00029470       InitLib
 0001:0000C48C       InitPlatformId
 0001:00051440       InitScreenshot
 0001:000071D8       InitShareMem
 0001:0000C890       InitSysLocale
 0001:000051B8       InitThreadTLS
 0001:000026E4       InitUnits
 0002:0000704C       Input
 0001:00049FE8       InsertColumn
 0001:00000D28       InsertFree
 0001:0003CDFC       InsertHandled
 0002:00007524       InstallNewMemoryManager
 0001:00062C3C       InstanceModuleName
 0002:00007678       IntConstList
 0001:000053FC       InterlockedDecrement
 0001:00005404       InterlockedExchange
 0001:0000540C       InterlockedIncrement
 0001:0001E01C       InternalCleanup
 0001:0003FECC       InternalCriticalError
 0001:00009D60       InternalDecodeDate
 0002:0000A548       InternalErrorCode
 0002:0000A54C       InternalErrorMsg
 0001:0005C9C8       InternalExceptNotify
 0001:000425DC       InternalFileExists
 0001:00000B9C       InternalFreeMem
 0002:000076B0       InternalIntoIDE
 0001:00051C34       InternalSendMail
 0001:0001DFEC       InternalStartup
 0001:00061C24       Internal_AddLeak
 0001:000068D4       Internal_AddLeak
 0001:00062354       Internal_Finalization
 0001:0006233C       Internal_MultiFreeProc
 0001:00062324       Internal_OverrunProc
 0001:000068C0       Internal_ResetLeaks
 0001:000618D0       Internal_ResetLeaks
 0001:00061DA4       Internal_ShowLeaks
 0001:00006984       Internal_ShowLeaks
 0002:0000A3B8       InternetCloseHandle
 0002:0000A398       InternetConnect
 0002:0000A3D4       InternetGetConnectedState
 0002:0000A3C8       InternetGetLastResponseInfo
 0002:0000A394       InternetOpen
 0002:0000A3CC       InternetOpenUrl
 0002:0000A3BC       InternetQueryOption
 0002:0000A3D0       InternetReadFile
 0002:0000A3C0       InternetSetOption
 0002:0000A3AC       InternetWriteFile
 0002:0000A4CD       IntoFinalization
 0001:000153C8       IntoIDE
 0002:0000A4CC       IntoInitialization
 0002:0000A4D4       IntraWebApplication
 0002:0000A4DC       IntraWebCompressedPage
 0002:0000A4D8       IntraWebServerController
 0001:00062768       IntraWeb_BPL
 0002:0000A48C       IntraWeb_CreateServer
 0002:0000A4E4       IntraWeb_NewEvent
 0001:0005E710       IntraWeb_OnExceptionEvent
 0001:0005E690       IntraWeb_OnExceptionEvent_New
 0001:0005E608       IntraWeb_OnExceptionEvent_Old
 0002:0000A494       IntraWeb_OnException_New
 0002:0000A490       IntraWeb_OnException_Old
 0002:0000A4A4       IntraWeb_SendResponse
 0002:0000A4A0       IntraWeb_ShowMessage
 0002:0000A4E0       IntraWeb_Version
 0001:0000890C       IntToHex
 0001:000088D0       IntToHex
 0001:0000886C       IntToStr
 0001:0000889C       IntToStr
 0001:000058C4       InvalidateRect
 0001:000058CC       InvalidateRgn
 0002:00007650       InvalidPointer
 0001:0001C838       ioctlsocket
 0001:000017AC       IOResult
 0001:0000646C       IsALeakChild
 0001:00040B88       IsANewProcessWindow
 0001:0003EDA8       IsAParent
 0001:0003EC98       IsAParentClassStr
 0001:00005D60       IsAParentClassStr
 0001:0003EE6C       IsAParentClassStr_Unsafe
 0001:0003EE18       IsAParents
 0001:0003ED80       IsAParentStr
 0001:0003EF4C       IsAParentStr_Unsafe
 0002:0000A4BC       ISAPIHandleException_D5Down
 0002:0000A428       ISAPI_HttpExtensionProc
 0002:0000A430       ISAPI_Proc
 0002:00006360       ISAPI_SendError
 0002:0000A42C       ISAPI_WriteClientProc
 0001:00040924       IsApplicationWindow
 0001:00005584       IsBadReadPtr
 0001:0005C740       IsBorlandThread
 0001:000425A8       IsCGI
 0001:00058D4C       IsCompatibleException
 0001:0003EAAC       IsCompatibleVersion
 0001:0000739C       IsCompiledWithPackages
 0001:00043568       IsCompiledWithPackages
 0002:00007044       IsConsole
 0001:00040B70       IsCurrentProcessWindow
 0001:0003E9AC       IsDebugged
 0001:00019180       IsDecDigit
 0001:0003FA10       IsDelphiException
 0002:0000A9D0       IsDialogShowed
 0001:0002858C       IsEnd
 0001:00060900       IsEurekaLogActive
 0001:000608A0       IsEurekaLogActiveInThread
 0001:000470F0       IsEurekaLogCompatibleModule
 0001:0006024C       IsEurekaLogInstalled
 0001:000470CC       IsEurekaLogModule
 0001:0004703C       IsEurekaLogModule_New
 0001:00046F24       IsEurekaLogModule_Old
 0001:00046A3C       IsExceptionHandled
 0001:000155A8       IsFileOK
 0002:0000A6ED       IsFilterDialog
 0001:0004281C       IsGUI
 0001:0005E140       IsHandledSafeCallException
 0001:00060C94       IsHTMLPage
 0001:000058D4       IsIconic
 0001:00006F88       IsIntoIDE
 0001:000427E4       IsIntraWeb
 0001:000427A8       IsISAPI
 0001:00009BE8       IsLeapYear
 0002:00007028       IsLibrary
 0001:0004350C       IsLocalStorageProc
 0001:0005C730       IsMainThread
 0001:00040994       IsMainWindow
 0001:0003EF68       IsManageableObject
 0002:0000752C       IsMMHost
 0001:00040EB4       IsModuleLibrary
 0002:00007045       IsMultiThread
 0001:00005B74       IsObjectCreation
 0001:00048BBC       ISODateTime
 0001:0001554C       IsReadableFile
 0001:000297E4       IsRealFile
 0001:0004355C       IsRTLCompiledWithStackFrames
 0001:0004352C       IsStackFramesProc
 0001:00014BF4       IsValidBlockAddr
 0001:00005C34       IsValidBlockAddr
 0001:0003EB98       IsValidClass
 0001:00005D10       IsValidClass
 0001:0001EAD4       IsValidDNS
 0001:0004F460       IsValidEmail
 0001:0003EA1C       IsValidHandle
 0001:0003D01C       IsValidModule
 0001:0003EC6C       IsValidObject
 0001:0003EA7C       IsValidRunningThread
 0001:000427F0       IsWeb
 0001:0003F2D8       IsWin95
 0001:0001D758       IsWin9xDebugThunk
 0001:0004264C       IsWinCGI
 0001:000058DC       IsWindow
 0001:0005C75C       IsWindowsThread
 0001:000058E4       IsWindowVisible
 0001:0003F2F4       IsWinNT4
 0001:0003F310       IsWinVista
 0001:00017D34       IsWinVista
 0001:000154B4       IsWritableFile
 0001:000435C8       Is_HandleOnException_Handled
 0002:0000000C       JITEnable
 0001:0001CE38       JumpToMem
 0002:0000A418       Kernel_CreateThread
 0002:0000A420       Kernel_ExitThread
 0002:0000A410       Kernel_RaiseException
 0002:0000A41C       Kernel_ResumeThread
 0002:0000A414       Kernel_RtlUnwind
 0002:0000A424       Kernel_WriteFile
 0002:0000A378       KeyData
 0001:00040CD0       KillApplication
 0001:000058EC       KillTimer
 0002:0000A46C       LanguageStr
 0002:0000A6E8       LastBugID
 0001:00008BF4       LastDelimiter
 0002:0000A518       LastDelphiException
 0002:0000A5A8       LastDumpCriticalSection
 0002:000076A8       LastEurekaVersion
 0002:0000A508       LastExceptAddr
 0002:00006378       LastExceptionAddress
 0002:0000A5C4       LastExceptionCallStackAddress
 0002:0000A5CC       LastExceptionCallStackDump
 0002:0000A5C8       LastExceptionCallStackSize
 0002:0000A528       LastExceptionLog
 0002:0000A6E4       LastExceptionMessage
 0002:0000637C       LastExceptionObject
 0002:0000A524       LastExceptionRecord
 0002:0000A5C0       LastExceptionThreadID
 0002:0000A6E0       LastExceptionType
 0002:0000A51C       LastExceptMessage
 0002:0000A514       LastExceptObject
 0002:0000A510       LastExceptThreadID
 0002:0000A488       LastFinalizationPtr
 0002:0000A4C4       LastHTMLPage
 0002:0000A484       LastInitializationPtr
 0002:0000A4C8       LastInitPointer
 0002:0000A52C       LastLog
 0002:00000120       LeadBytes
 0002:0000A6F8       LeakAddr
 0001:00006B1C       LeaksCheck
 0002:00007526       LeaksOptions
 0002:00006370       LeaksStackList
 0002:0000A6F4       LeakTotalCount
 0002:0000A6F0       LeakTotalSize
 0001:00000298       LeaveCriticalSection
 0001:0000558C       LeaveCriticalSection
 0002:0000A97C       LeftButton
 0002:0000B261       Letter
 0002:00000014       LibModuleList
 0002:0000A974       ListHeight
 0002:00007644       ListSeparator
 0002:0000A970       ListWidth
 0001:0003D574       Load
 0001:000058F4       LoadBitmap
 0001:000058FC       LoadCursor
 0001:000474E0       LoadData
 0001:000472F4       LoadData_Old
 0001:000478EC       LoadDebugInformation
 0001:00062CC4       LoadFromFile
 0001:00005594       LoadLibrary
 0001:000001B4       LoadLibraryEx
 0001:0000559C       LoadLibraryEx
 0001:000055A4       LoadResource
 0001:0000416C       LoadResourceModule
 0001:000044D4       LoadResString
 0001:0003F204       LoadSharedDataEx
 0001:00005904       LoadString
 0001:000001BC       LoadString
 0001:0004542C       LoadTextFile
 0001:00000268       LocalAlloc
 0001:000051A0       LocalAlloc
 0001:0005638C       LocalesCallback
 0001:00000270       LocalFree
 0001:0000B4E8       LocalGetLocaleStr
 0001:00005E68       LockCheck
 0001:0005E768       LockCheck
 0001:000055AC       LockResource
 0001:00005E74       LockVariable
 0001:00053B34       LogFileMessage
 0001:0005293C       LoggedUserName
 0001:0004259C       LogicToPhysicAddr
 0002:00007550       LongDateFormat
 0002:000075E4       LongDayNames
 0002:00007598       LongMonthNames
 0002:00007564       LongTimeFormat
 0001:00005314       LookupPrivilegeName
 0001:00008710       LowerCase
 0001:00026F28       LRot32
 0001:000001C4       lstrcpy
 0001:000001CC       lstrcpyn
 0001:000001D4       lstrlen
 0001:0004BCDC       MailSlotSend
 0002:0000A9CC       MainDialog
 0002:00007020       MainInstance
 0002:0000A500       MainThreadHandle
 0002:00007024       MainThreadID
 0002:0000A504       MainThreadTopOfStack
 0001:000002F8       MakeEmpty
 0001:000027B0       MakeErrorMessage
 0001:000059E4       MakeLong
 0001:00026E38       make_crc_table
 0002:0000A6FC       ManualAntiFreeze
 0001:0000BFE8       MapException
 0001:00045F54       MappedExceptionObject
 0001:00002500       MapToRunError
 0001:000055B4       MapViewOfFile
 0002:000063B0       Mask
 0001:00018DDC       Max
 0002:00001FBC       MaxBugOccurrences
 0001:00046C00       MaxReadableSize
 0002:0000001C       MemoryManager
 0002:00006390       MemoryOverrunExceptionText
 0002:00007528       MemoryPages
 0001:00000348       MergeBlockAfter
 0001:00000DFC       MergeCommit
 0001:0000590C       MessageBeep
 0001:00005914       MessageBox
 0001:00000154       MessageBox
 0001:0000DFD0       Messages
 0001:00018DE4       Min
 0001:0003A5A8       ModRM
 0001:0001CEB4       ModRMByte
 0002:000000A8       Module
 0001:0004AADC       ModuleBmp
 0001:0003CF30       ModuleFileName
 0001:0001C52C       ModuleFileName
 0001:0001CE58       ModuleFileName
 0001:00040EA0       ModuleInfoByAddr
 0001:00040DE4       ModuleInfoByHandle
 0002:0000A580       ModuleInfoData
 0002:00006384       ModuleInfoHandle
 0001:0004258C       ModuleInitTable
 0002:000074CD       ModuleIsCpp
 0002:000074CC       ModuleIsLib
 0001:00007314       ModuleName
 0002:00006364       ModulesList
 0001:0004ABD4       ModulesListDialogProc
 0001:0001190C       ModuleUnload
 0002:00000018       ModuleUnloadList
 0002:0000A9DC       MonitorRect
 0002:000000F0       MonthDays
 0001:000017C4       Move
 0001:000055BC       MoveFile
 0001:0000591C       MoveWindow
 0001:00005924       MsgWaitForMultipleObjects
 0001:000055C4       MulDiv
 0001:000001DC       MultiByteToWideChar
 0002:0000638C       MultiFreeExceptionText
 0002:000074EC       MultiFreeProc
 0002:0000A758       MustFreeGlobalMappedObject
 0001:0005C7AC       MustPauseThisThread
 0001:0005C600       MustRestoreApplication
 0001:0005C5C0       MustSendMessage
 0001:0002F8D0       NeedConvertNotDosText
 0002:00007545       NegCurrFormat
 0002:000036F0       NetLib
 0001:00000E88       NewCommit
 0001:00000EB4       NewCommitAt
 0001:0004D4C4       NewDialogProc
 0001:000507E8       NewDialogProc
 0001:00049124       NewDialogProc
 0001:000063C0       NewFreeMem
 0001:00006354       NewGetMem
 0002:000000C8       NewMemoryManager
 0001:0004F730       NewMSDialogProc
 0001:000063EC       NewReallocMem
 0001:00047C20       NextItem
 0002:00000C7C       NoChars
 0002:00000010       NoErrMsg
 0002:0000A7BC       NonClientMetrics
 0001:000335DC       NormalizePos
 0002:0000A705       NoSynchronizeEvent
 0001:00001FF8       NotifyAnyExcept
 0001:00001FD0       NotifyExcept
 0001:0000202C       NotifyExceptFinally
 0001:000043F8       NotifyModuleUnload
 0001:00001FB0       NotifyNonDelphiException
 0001:00001FE4       NotifyOnExcept
 0001:00001F94       NotifyReRaise
 0001:00002054       NotifyTerminate
 0001:00002070       NotifyUnhandled
 0002:0000A57D       NotLoadDebugInfo
 0001:00009F5C       Now
 0002:0000A4B0       NTService_LogMessage
 0002:00007400       Null
 0001:0000592C       OffsetRect
 0002:0000A460       OldExceptObjProc
 0002:0000A450       OldExceptProc
 0002:0000A9D8       OldForegroundWnd
 0002:0000A710       OldGlobal_ExceptionRecord
 0002:00007504       OldMemoryManager
 0001:00003694       OleStrToStrVar
 0001:00055694       OnCallInstr
 0002:00004B88       OneByteOpcodes
 0001:0003D174       OneString
 0002:0000A4F8       OnlySafeCallExceptions
 0001:000557A4       OnRefProc
 0002:00000D48       OpCodeLongJump1Byte
 0002:00000D68       OpCodeLongJump2Bytes
 0002:00000CE8       OpCodePrefixes
 0002:00000D28       OpCodeReturn
 0002:00000D08       OpCodeShortJump
 0001:00005934       OpenClipboard
 0002:00006398       Opened_LogFile_Name
 0001:0004BDD4       OpenIDEEditor
 0001:00044A6C       OpenLogFile
 0001:0003CC2C       OpenPrinter
 0001:000055CC       OpenProcess
 0001:0000531C       OpenProcessToken
 0001:0002E538       OpenRequest
 0001:0003B068       Operand
 0002:0000A95C       OriginalHeight
 0002:00007530       OriginalMemMgr
 0002:0000A4D0       OriginalThreadProc
 0002:0000A958       OriginalWidth
 0001:000578DC       OSSupportDisplayAPI
 0002:0000764C       OutOfMemory
 0002:0000A708       OutOfMemoryCache
 0002:00007218       Output
 0001:000055D4       OutputDebugString
 0002:000074E8       OverrunProc
 0002:00001EEC       p
 0001:0000187C       ParamCount
 0001:000018DC       ParamStr
 0001:00029348       ParserHTML
 0002:00003700       PassiveMode
 0002:0000A3F8       PasswordRequest
 0001:0000593C       PeekMessage
 0001:0001A8AC       PEInitialize
 0001:0001A810       PeMapImgFindSection
 0001:0001A868       PeMapImgNtHeaders
 0001:0001D76C       PeMapImgNtHeaders
 0001:0001A7FC       PeMapImgSections
 0002:0000B254       PNG_Bitmap
 0002:0000AE0C       PNG_ColoursCount
 0002:0000AE38       PNG_CRCList
 0002:000063A0       PNG_CRCListed
 0002:0000B248       PNG_Cursor
 0002:0000AE1C       PNG_Data
 0002:0000AE14       PNG_DataSize
 0002:0000B250       PNG_DCCompatible
 0002:0000B24C       PNG_DCScreen
 0002:0000AE34       PNG_Encode_Data
 0002:0000AE30       PNG_Encode_Filter
 0002:0000B244       PNG_FocusWnd
 0002:0000AE20       PNG_HeaderData
 0002:0000B25C       PNG_Height
 0002:0000B240       PNG_HWindow
 0002:0000AE18       PNG_ImgData
 0002:0000B238       PNG_pal
 0002:0000AE10       PNG_RowBytes
 0002:0000B23C       PNG_UsePal
 0002:0000B258       PNG_Width
 0001:00040BD0       PopulateCurrentProcessWindows
 0001:00014F14       PosEx
 0001:00005944       PostMessage
 0001:00055024       PrepareFilesToSend
 0002:00000334       Priorities
 0001:00041604       PriorityToString
 0001:000526FC       ProcessDialogMessages
 0002:00006368       ProcessesList
 0001:0004B308       ProcessesListDialogProc
 0001:00051104       ProcessImage
 0001:000480C0       ProcessMessage
 0001:0005E03C       ProcessMessages
 0001:00010EA8       PropValueError
 0002:000036F8       ProxyPassword
 0002:000036FC       ProxyServer
 0002:000036F4       ProxyUserName
 0001:0000594C       PtInRect
 0002:00000CBC       PublicsByNameHeader
 0002:00000CCC       PublicsByValueHeader
 0001:00047C90       PurgeCallStack
 0001:00005F74       PurgeCallStack
 0001:00006998       PurgeCallStacks
 0001:000283FC       PurgeHTMLCode
 0001:00006844       PurgeInvalidLeaks
 0001:0005C658       PurgeModulesList
 0001:00028814       PurgeQuotes
 0001:00055FF8       PurgeString
 0001:0000F16C       QuickSort
 0001:00014FAC       QuickStringReplace
 0001:0000BF90       RaiseAssertException
 0002:0000A50C       RaisedExceptAddr
 0001:000000FC       RaiseException
 0001:0000CCC0       RaiseLastWin32Error
 0001:00001680       RaiseList
 0002:00007040       RandSeed
 0002:0000A944       rClick
 0001:00046C5C       ReadAddr
 0001:00019270       ReadAddress
 0001:0003A480       ReadByte
 0001:000191C0       ReadDecValue
 0001:0003A440       ReadDWord
 0001:000579F8       ReadDWordKey
 0001:000436A8       ReadEncodeString
 0001:00010E90       ReadError
 0001:000055DC       ReadFile
 0001:00000104       ReadFile
 0001:000191F4       ReadHexValue
 0001:000151E0       ReadKey
 0001:0003A714       ReadSib
 0001:0004A0B4       ReadState
 0001:0001498C       ReadString
 0001:00016460       ReadString
 0001:000192AC       ReadString
 0001:00019194       ReadTextLine
 0001:0003A460       ReadWord
 0001:000623F4       RealAddr
 0002:0000A96C       RealHeight
 0002:0000A960       RealLeft
 0001:00041E70       RealPriority
 0001:00045110       RealTmpLastHTMLPage
 0002:0000A964       RealTop
 0002:0000A968       RealWidth
 0001:0000EE04       Rect
 0001:0001C840       recv
 0001:0005104C       ReduceTree
 0002:000073EC       RefAnyProc
 0001:00005324       RegCloseKey
 0001:000001E4       RegCloseKey
 0001:0000532C       RegEnumKeyEx
 0001:00005954       RegisterClass
 0001:00004454       RegisterModule
 0001:000001EC       RegOpenKeyEx
 0001:00005334       RegOpenKeyEx
 0001:0000533C       RegQueryValueEx
 0001:000001F4       RegQueryValueEx
 0001:0000595C       ReleaseDC
 0001:0001D280       RelocateMemory
 0002:00007484       remBytes
 0001:000003BC       RemoveBlock
 0001:00006898       RemoveExtraLeaks
 0001:00010D60       RemoveFixupReferences
 0001:00010E0C       RemoveFixups
 0001:00057518       RemoveLastSeparator
 0001:00006A18       RemoveLeaksSons
 0001:000066E8       RemoveMemBlock
 0001:00004370       RemoveModuleUnloadProc
 0001:00004398       RemoveModuleUnloadProc
 0001:0001161C       RemoveThread
 0001:0003BA04       Replacer
 0001:00048B40       ResetAutoCloseTimer
 0001:00052978       ResetCounting
 0001:000055E4       ResetEvent
 0001:0005DFF8       ResetGlobalVars
 0002:000074F4       ResetLeaks
 0001:00001334       ResizeInPlace
 0002:00000CDC       ResourceFilesHeader
 0001:000460F0       RestoreGlobalExceptionRecord
 0001:000055EC       ResumeThread
 0001:0000F7EC       ReturnAddr
 0001:0000EFB4       ReturnAddr
 0001:0000BC08       ReturnAddr
 0001:0003F644       RFCDate
 0001:00005A44       RGB
 0001:000468D8       RoundMatch
 0001:000468F0       RoundMatchPtr
 0002:00007480       rover
 0002:0000A934       rSupport
 0001:0003D5C0       RTF_LoadFromStream
 0001:0003D5EC       RTF_LoadFromText
 0001:0000010C       RtlUnwind
 0002:0000002C       runErrMsg
 0001:000024F4       RunErrorAt
 0002:00007014       SafeCallErrorProc
 0001:00017FCC       SafeExec
 0001:00018E68       SafeLoadFromFileToStream
 0001:000087A0       SameText
 0002:0000AE08       SavedLastHTMLPage
 0001:00044EE8       SavedScreenshot
 0001:00046028       SaveGlobalExceptionRecord
 0001:00058BE4       SaveLogFile
 0001:0004A368       SaveState
 0001:0000AB80       ScanBlanks
 0001:0000ACC4       ScanChar
 0001:0000AE34       ScanDate
 0001:0000ABA4       ScanNumber
 0001:0000AC38       ScanString
 0001:0000B170       ScanTime
 0001:0000AD48       ScanToNumber
 0001:00005964       ScreenToClient
 0001:00018DEC       SearchDynArray
 0001:0002FFBC       SearchItem
 0001:0002FAB0       SearchNextItem
 0001:00029B84       SearchPort
 0001:00000EE8       SearchSmallBlocks
 0001:00029AF4       SearchWord
 0001:0001981C       Search_MapLineNumber
 0001:000199E8       Search_MapProcName
 0002:00000CAC       SegmentsHeader
 0001:0000575C       SelectObject
 0001:00005764       SelectPalette
 0001:0001C848       send
 0001:00052D24       SendCommandEx
 0001:000542F0       SendEmailMessage
 0001:00055378       SendInternetMessage
 0001:0000596C       SendMessage
 0001:00005974       SendMessageTimeout
 0001:00054ED8       SendWebMessage
 0001:0002DF3C       SendWebTrakerReport
 0002:0000A434       ServerECB
 0001:00048AFC       SetAutoCloseTimer
 0001:00048B8C       SetAutoTopMost
 0001:0000576C       SetBkColor
 0001:00005774       SetBkMode
 0001:0000597C       SetClipboardData
 0001:00040BEC       SetClipboardText
 0001:00052954       SetCounting
 0001:00005984       SetCursor
 0001:00048294       SetCustomErrorMessage
 0001:00062C08       SetDebugHook
 0001:0004A064       SetDialogRect
 0001:0004A500       SetDialogState
 0001:0000577C       SetDIBColorTable
 0001:000055F4       SetEndOfFile
 0001:00000114       SetEndOfFile
 0001:000055FC       SetEnvironmentVariable
 0001:0005C804       SetEnvVariables
 0001:000544B4       SetError
 0001:000407A0       SetErrorType
 0001:000608F8       SetEurekaLogState
 0001:00005604       SetEvent
 0001:0003E958       SetEventAddr
 0001:0000263C       SetExceptionHandler
 0001:0000560C       SetFilePointer
 0001:0000011C       SetFilePointer
 0001:0000598C       SetFocus
 0001:00005994       SetForegroundWindow
 0001:0005495C       SetFullURL
 0001:0005E0D8       SetHandledWithEurekaLog
 0001:0005EFF8       SetIndyEvent
 0001:00048978       SetInitDialog
 0001:000016F0       SetInOutRes
 0001:00040650       SetInternalError
 0001:0005E724       SetIntraWebEvent
 0001:0003CDA8       SetItem
 0001:0005EC20       SetLastECX
 0001:00005614       SetLastError
 0001:0004818C       SetLastException
 0001:00048164       SetLastExceptionData
 0001:000455E0       SetLastExceptionObject
 0001:000481A4       SetLastExceptStack
 0001:0005EC10       SetLastStackPointer
 0001:000623F8       SetMainThreadTopOfStack
 0001:00005784       SetMapMode
 0001:00001664       SetMemoryManager
 0001:0000E480       SetMethodProp
 0001:00006170       SetOurPointer
 0001:0002E058       SetProxyAuthenticationData
 0001:0002DFEC       SetProxyServer
 0001:000482D4       SetRectangles
 0001:0005074C       SetRectangles
 0001:0004D31C       SetRectangles
 0001:0003D69C       SetRTFBackColor
 0001:00052894       SetSendDialogBar
 0001:00052768       SetSendDialogLabel
 0001:0005285C       SetSendDialogSingleLabel
 0001:0000578C       SetTextColor
 0001:0000561C       SetThreadPriority
 0001:0000599C       SetTimer
 0001:0001CBFC       SetVirtualMethod
 0001:000549A4       SetWebTrakerError
 0001:000059A4       SetWindowLong
 0001:000059AC       SetWindowPlacement
 0001:000059B4       SetWindowPos
 0002:00000154       ShareMode
 0001:0001C818       ShellAPI
 0001:0001C7E0       ShellExecute
 0001:00053C6C       ShellSendMail
 0001:000490E4       ShiftWndBottom
 0002:0000754C       ShortDateFormat
 0002:000075C8       ShortDayNames
 0002:00007568       ShortMonthNames
 0002:00007560       ShortTimeFormat
 0001:000504A4       ShowDialog
 0002:00005E60       ShowEurekaLogUnits
 0001:0000BB90       ShowException
 0002:0000A9C9       ShowInDetailsMode
 0002:000074F8       ShowLeaks
 0001:000494D4       ShowRequestDialog
 0001:00050AB0       ShowSendDialog
 0001:00050A2C       ShowSendDialogThread
 0001:0005C6B0       ShowType
 0001:000059BC       ShowWindow
 0001:0003A5D4       Sib
 0001:0001CE9C       SIDSize
 0001:0003A3A0       SignedIntToHex
 0001:0002DFD4       SimpleCheckError
 0001:00019BE0       SimpleCryptString
 0001:0003D26C       SimpleWord
 0001:00005624       SizeofResource
 0001:00011108       SkipBinary
 0001:000110B4       SkipBytes
 0001:00011130       SkipCollection
 0001:0001914C       SkipEndLine
 0001:0001108C       SkipList
 0001:0001912C       SkipWhiteSpace
 0001:0000562C       Sleep
 0002:0000748C       smallTab
 0002:0000B260       SmallValue
 0001:00053B74       SMTPSend
 0001:000535D0       SMTPSendEmail
 0001:00052DA4       SMTPSendSingleEmail
 0001:0001C850       socket
 0002:00007454       spaceRoot
 0001:00008EC4       SplitDirs
 0001:0003EB38       StandardIsValidClass
 0001:000558D4       StartComment
 0002:0000A538       StartDir
 0002:0000A458       StartingDate
 0001:0003F13C       StoreSharedDataEx
 0001:00009404       StrAlloc
 0001:0000C588       StrByteType
 0001:00009260       StrCopy
 0001:000092E0       StrIComp
 0001:00010770       StringListAnsiCompare
 0001:0001C034       StringReplace
 0001:000036B8       StringToOleStr
 0001:00009320       StrLComp
 0001:00009288       StrLCopy
 0001:0000920C       StrLen
 0001:000098B4       StrLFmt
 0001:00009348       StrLIComp
 0001:00009224       StrMove
 0001:00009418       StrNew
 0001:000092BC       StrPCopy
 0001:000093B0       StrPos
 0001:00009390       StrScan
 0001:000163C4       StrToBin
 0001:0000B364       StrToDateTime
 0001:0000894C       StrToInt
 0001:00008988       StrToIntDef
 0001:0001ED00       StrToWord
 0001:00063BD0       SubRange
 0002:0000A954       SupportLinkActive
 0001:00005634       SuspendThread
 0001:00027958       SwapDWord
 0001:00046824       SynchronizeEvent
 0002:0000A53C       SynchronizeExcept
 0002:0000A540       SynchronizeRaise
 0001:000192FC       SyncToHeader
 0001:000193C4       SyncToPrefix
 0001:0000020C       SysAllocStringLen
 0001:00007AE8       SysConst
 0001:0000B428       SysErrorMessage
 0001:00001190       SysFreeMem
 0001:0000021C       SysFreeString
 0001:00001008       SysGetMem
 0001:000052FC       SysInit
 0002:00007600       SysLocale
 0001:00001504       SysReallocMem
 0001:00000214       SysReAllocStringLen
 0001:00000224       SysStringLen
 0001:00005098       System
 0001:000059C4       SystemParametersInfo
 0001:00009EC4       SystemTimeToDateTime
 0001:0000DF20       SysUtils
 0002:00000C9C       TableHeader
 0001:0003CC44       TActiveXException.Create
 0001:00010A9C       TCustomMemoryStream.Read
 0001:00010B10       TCustomMemoryStream.SaveToFile
 0001:00010AF8       TCustomMemoryStream.SaveToStream
 0001:00010AD4       TCustomMemoryStream.Seek
 0001:00010A94       TCustomMemoryStream.SetPointer
 0001:0003BD3C       TDisAsm.GetInstruction
 0001:00027A3C       TEA_Decrypt
 0001:0002798C       TEA_Encrypt
 0001:00018F20       TELAbstractMapParser.Create
 0001:00018F80       TELAbstractMapParser.Destroy
 0001:00018FB4       TELAbstractMapParser.MapStringToStr
 0001:00019494       TELAbstractMapParser.Parse
 0001:00019DC0       TELBinDebugScanner.CacheLineNumbers
[...]
 14947 0001:0005FCAD 14950 0001:0005FCB0 14951 0001:0005FCB6 14952 0001:0005FCBF
 14960 0001:0005FCC4 14961 0001:0005FCE2 14962 0001:0005FCEC 14963 0001:0005FCF9
 14966 0001:0005FD11 14967 0001:0005FD19 14968 0001:0005FD27 14970 0001:0005FD35
 14971 0001:0005FD41 14972 0001:0005FD5C 14973 0001:0005FD66 14968 0001:0005FD67
 14975 0001:0005FD77 14978 0001:0005FDA2 14981 0001:0005FDAC 14982 0001:0005FDB7
 14983 0001:0005FDBE 14984 0001:0005FDCC 14985 0001:0005FDE3 14990 0001:0005FDE8
 14991 0001:0005FDEC 14992 0001:0005FE01 14993 0001:0005FE08 14999 0001:0005FE0C
 15000 0001:0005FE13 15001 0001:0005FE1C 15002 0001:0005FE1E 15003 0001:0005FE2A
 15004 0001:0005FE35 15005 0001:0005FE41 15006 0001:0005FE4A 15011 0001:0005FE50
 15012 0001:0005FE57 15013 0001:0005FE5F 15014 0001:0005FE6D 15015 0001:0005FE7C
 15017 0001:0005FE98 15019 0001:0005FEA8 15024 0001:0005FEAC 15027 0001:0005FEB3
 15028 0001:0005FEB9 15029 0001:0005FECC 15030 0001:0005FED4 15031 0001:0005FED7
 15036 0001:0005FEDC 15039 0001:0005FEE3 15040 0001:0005FEE9 15041 0001:0005FEFC
 15042 0001:0005FF04 15043 0001:0005FF07 15048 0001:0005FF0C 15051 0001:0005FF13
 15052 0001:0005FF19 15053 0001:0005FF2B 15054 0001:0005FF33 15055 0001:0005FF36
 15058 0001:0005FF3C 15059 0001:0005FF42 15060 0001:0005FF4B 15064 0001:0005FF50
 15065 0001:0005FF58 15069 0001:0005FF5C 15070 0001:0005FF64 15074 0001:0005FF68
 15075 0001:0005FF70 15079 0001:0005FF74 15080 0001:0005FF7C 15083 0001:0005FF80
 15084 0001:0005FF87 15085 0001:0005FF93 15086 0001:0005FFA1 15087 0001:0005FFA8
 15088 0001:0005FFB7 15093 0001:0005FFBC 15094 0001:0005FFC4 15095 0001:0005FFCC
 15098 0001:0005FFDA 15099 0001:0005FFE1 15101 0001:0005FFE5 15103 0001:0005FFFB
 15104 0001:00060005 15106 0001:00060006 15099 0001:00060007 15109 0001:00060018
 15111 0001:00060028 15115 0001:0006002C 15116 0001:00060036 15117 0001:0006003A
 15118 0001:00060045 15119 0001:00060053 15120 0001:00060064 15122 0001:00060088
 15124 0001:0006009E 15127 0001:000600A4 15128 0001:000600A5 15130 0001:000600C7
 15131 0001:000600E0 15135 0001:000600E4 15136 0001:000600F3 15137 0001:000600FE
 15138 0001:0006010C 15139 0001:00060118 15141 0001:0006013A 15143 0001:0006014D
 15150 0001:00060154 15151 0001:00060158 15152 0001:00060161 15151 0001:0006016A
 15153 0001:0006016D 15154 0001:00060174 15160 0001:00060178 15161 0001:0006017E
 15163 0001:00060187 15164 0001:00060192 15165 0001:0006019B 15168 0001:000601A0
 15169 0001:000601AB 15170 0001:000601B2 15171 0001:000601C9 15174 0001:000601CC
 15175 0001:000601D2 15176 0001:000601DB 15185 0001:000601E0 15186 0001:000601E3
 15187 0001:00060201 15189 0001:00060204 15191 0001:0006021C 15193 0001:00060221
 15194 0001:00060222 15195 0001:00060225 15197 0001:00060228 15198 0001:00060243
 15204 0001:0006024C 15205 0001:00060251 15215 0001:00060254 15216 0001:00060270
 15217 0001:000602C0 15218 0001:000602CC 15219 0001:00060317 15220 0001:00060346
 15309 0001:00060440 15310 0001:0006046D 15311 0001:0006047C 15312 0001:0006048B
 15313 0001:00060499 15314 0001:000604A3 15316 0001:000604BA 15317 0001:000604C2
 15318 0001:000604E1 15320 0001:000604F2 15321 0001:000604FE 15322 0001:0006050C
 15323 0001:00060510 15324 0001:00060518 15325 0001:00060532 15326 0001:0006053E
 15327 0001:00060553 15328 0001:00060561 15329 0001:0006057F 15330 0001:0006059F
 15331 0001:000605C2 15332 0001:000605E5 15333 0001:00060605 15334 0001:00060625
 15335 0001:0006062A 15337 0001:0006063C 15338 0001:0006064D 15337 0001:0006065B
 15340 0001:0006065E 15342 0001:00060664 15343 0001:0006067F 15345 0001:0006069D
 15346 0001:000606AB 15348 0001:000606AE 15350 0001:000606B8 15314 0001:000606B9
 15352 0001:000606CF 15353 0001:000606D7 15355 0001:00060709 15357 0001:00060730
 15358 0001:00060766 15359 0001:0006076D 15360 0001:0006077B 15361 0001:00060789
 15363 0001:00060796 15364 0001:000607AC 15365 0001:000607BA 15367 0001:000607D9
 15370 0001:00060804 15373 0001:00060821 15375 0001:00060852 15378 0001:0006085C
 15379 0001:00060861 15380 0001:00060868 15382 0001:0006086C 15383 0001:00060873
 15384 0001:0006087C 15386 0001:0006088B 15388 0001:0006089A 15546 0001:000608A0
 15547 0001:000608A7 15548 0001:000608B1 15549 0001:000608BF 15551 0001:000608DD
 15553 0001:000608F2 15574 0001:000608F8 15575 0001:000608FD 15579 0001:00060900
 15580 0001:00060905 15616 0001:00060908 15617 0001:0006090A 15618 0001:0006090D
 15620 0001:00060910 15621 0001:0006091E 15623 0001:00060922 15624 0001:0006092C
 15625 0001:0006093A 15627 0001:00060943 15628 0001:00060957 15630 0001:0006095B
 15631 0001:0006096D 15635 0001:00060977 15642 0001:000609AB 15644 0001:000609B6
 15645 0001:000609BC 15647 0001:000609C2 15648 0001:000609E4 15652 0001:00060A19
 15654 0001:00060A2E 15662 0001:00060A4C 15663 0001:00060A52 15664 0001:00060A6F
 15665 0001:00060A79 15671 0001:00060A7C 15672 0001:00060A82 15673 0001:00060A9F
 15674 0001:00060AA9 15697 0001:00060AAC 15698 0001:00060AB5 15701 0001:00060ADB
 15702 0001:00060AE5 15703 0001:00060AF3 15705 0001:00060B0A 15708 0001:00060B19
 15711 0001:00060B20 15712 0001:00060B26 15714 0001:00060B52 15715 0001:00060B5C
 15742 0001:00060B60 15743 0001:00060B75 15744 0001:00060B7D 15746 0001:00060B83
 15747 0001:00060B9B 15749 0001:00060B9F 15750 0001:00060BB0 15753 0001:00060BC7
 15754 0001:00060BDF 15755 0001:00060BE3 15757 0001:00060C01 15758 0001:00060C10
 15759 0001:00060C26 15760 0001:00060C4A 15771 0001:00060C94 15772 0001:00060CA8
 15774 0001:00060CFC 15788 0001:00060D14 15789 0001:00060D34 15790 0001:00060D43
 15792 0001:00060D49 15793 0001:00060D57 15795 0001:00060D6C 15796 0001:00060D87
 15797 0001:00060D92 15798 0001:00060DA0 15799 0001:00060DB5 15800 0001:00060DBD
 15802 0001:00060DC9 15803 0001:00060DDB 15804 0001:00060DE9 15806 0001:00060E04
 15809 0001:00060E24 15811 0001:00060E54 15813 0001:00060E5C 15814 0001:00060E7C
 15816 0001:00060E8B 15817 0001:00060E9A 15818 0001:00060EA8 15819 0001:00060EB6
 15820 0001:00060EC4 15821 0001:00060ED1 15822 0001:00060EEA 15823 0001:00060F02
 15826 0001:00060F20 15827 0001:00060F4A 15829 0001:00060F57 15830 0001:00060F66
 15831 0001:00060F74 15832 0001:00060F90 15833 0001:00060F9A 15834 0001:00060FA9
 15835 0001:00060FB7 15836 0001:00060FC2 15837 0001:00060FCC 15838 0001:00060FDE
 15840 0001:00061007 15843 0001:00061024 15846 0001:00061034 15849 0001:0006104E
 15852 0001:00061071 15855 0001:00061081 15856 0001:000610AC 15864 0001:000610C0
 15865 0001:000610E3 15868 0001:00061104 15869 0001:00061108 15872 0001:0006111F
 15873 0001:00061138 15875 0001:0006116A 15880 0001:00061174 15881 0001:0006117A
 15882 0001:00061194 15883 0001:0006119E 15889 0001:000611A4 15890 0001:000611AB
 15892 0001:000611AD 15893 0001:000611B2 15894 0001:000611B5 15896 0001:000611B7
 15897 0001:000611BD 15898 0001:000611C3 15899 0001:000611C4 15900 0001:000611CA
 15901 0001:000611CC 15902 0001:000611CE 15903 0001:000611D0 15904 0001:000611D6
 15905 0001:000611D8 15906 0001:000611DA 15907 0001:000611DC 15908 0001:000611E1
 15909 0001:000611E3 15910 0001:000611E8 15911 0001:000611EA 15912 0001:000611EB
 15913 0001:000611F0 15914 0001:000611F1 15917 0001:000611F6 15918 0001:000611FC
 15923 0001:00061200 15924 0001:00061212 15925 0001:00061234 15936 0001:00061238
 15937 0001:0006125B 15939 0001:00061260 15942 0001:00061269 15943 0001:00061276
 15944 0001:00061283 15948 0001:00061292 15950 0001:00061294 15951 0001:0006129D
 15955 0001:000612CD 15956 0001:000612D4 15958 0001:000612D9 15961 0001:000612E2
 15963 0001:000612E4 15964 0001:000612EB 15965 0001:000612EC 15966 0001:000612FA
 15968 0001:000612FC 15969 0001:00061319 15970 0001:00061338 15972 0001:00061340
 15973 0001:0006134B 15974 0001:00061357 15975 0001:00061365 15976 0001:00061377
 15977 0001:00061381 15980 0001:000613AF 15982 0001:000613D6 15985 0001:000613E4
 15987 0001:0006141F 15991 0001:0006143C 15992 0001:00061447 15995 0001:0006145B
 15996 0001:00061488 16001 0001:00061490 16002 0001:00061493 16005 0001:000614AE
 16006 0001:000614B5 16007 0001:000614C3 16008 0001:000614E0 16010 0001:000614E7
 16011 0001:000614F8 16012 0001:00061501 16013 0001:0006150D 16015 0001:00061517
 16017 0001:0006152B 16019 0001:0006153A 16023 0001:0006153C 16025 0001:0006154E
 16026 0001:00061558 16027 0001:00061566 16029 0001:00061578 16030 0001:00061588
 16031 0001:00061592 16032 0001:00061599 16039 0001:0006159C 16040 0001:000615A2
 16042 0001:000615AB 16044 0001:000615B3 16045 0001:000615BC 16046 0001:000615C6
 16048 0001:000615CD 16052 0001:000615D5 16053 0001:000615DE 16056 0001:000615E4
 16057 0001:000615EA 16059 0001:000615F3 16061 0001:000615F8 16062 0001:00061601
 16063 0001:0006160E 16065 0001:00061615 16069 0001:0006161D 16070 0001:00061626
 16074 0001:0006162C 16075 0001:00061631 16079 0001:00061634 16080 0001:00061639
 16087 0001:0006163C 16088 0001:00061660 16091 0001:0006169C 16092 0001:000616B3
 16096 0001:000616C2 16097 0001:000616D9 16101 0001:000616E8 16102 0001:000616FF
 16106 0001:0006170E 16107 0001:00061725 16111 0001:00061734 16112 0001:0006174B
 16116 0001:0006175A 16117 0001:00061771 16121 0001:00061796 16122 0001:000617AD
 16126 0001:000617CF 16130 0001:000617E8 16134 0001:00061801 16137 0001:00061847
 16240 0001:00061854 16241 0001:0006186F 16242 0001:0006187D 16243 0001:00061886
 16245 0001:00061890 16246 0001:000618A4 16243 0001:000618A7 16247 0001:000618C7
 16257 0001:000618D0 16258 0001:000618E8 16260 0001:000618F5 16262 0001:00061903
 16263 0001:0006190A 16265 0001:00061921 16269 0001:0006193C 16270 0001:0006194A
 16271 0001:00061951 16273 0001:00061968 16277 0001:00061983 16278 0001:00061991
 16279 0001:00061998 16280 0001:0006199F 16282 0001:000619AB 16283 0001:000619B2
 16285 0001:000619C3 16286 0001:000619DC 16288 0001:000619E4 16291 0001:000619F5
 16292 0001:00061A01 16294 0001:00061A1F 16296 0001:00061A32 16297 0001:00061A43
 16298 0001:00061A56 16299 0001:00061A69 16300 0001:00061A7A 16301 0001:00061A84
 16302 0001:00061A8E 16303 0001:00061A98 16304 0001:00061AA2 16305 0001:00061AB1
 16306 0001:00061AB8 16308 0001:00061ADA 16310 0001:00061AE8 16311 0001:00061AF1
 16312 0001:00061AF9 16314 0001:00061B01 16315 0001:00061B12 16316 0001:00061B23
 16317 0001:00061B34 16318 0001:00061B39 16319 0001:00061B4A 16320 0001:00061B5B
 16321 0001:00061B6C 16323 0001:00061B80 16325 0001:00061BB1 16333 0001:00061C24
 16334 0001:00061C4B 16336 0001:00061C58 16337 0001:00061C5C 16338 0001:00061C6A
 16340 0001:00061C72 16341 0001:00061C7E 16342 0001:00061C91 16345 0001:00061CAB
 16347 0001:00061CB1 16348 0001:00061CB5 16350 0001:00061CB9 16351 0001:00061CC5
 16354 0001:00061CD2 16355 0001:00061CD6 16356 0001:00061CF9 16357 0001:00061CFF
 16358 0001:00061D05 16360 0001:00061D11 16338 0001:00061D15 16362 0001:00061D1E
 16363 0001:00061D27 16364 0001:00061D30 16366 0001:00061D4C 16368 0001:00061D70
 16370 0001:00061D7F 16376 0001:00061DA4 16377 0001:00061DC6 16379 0001:00061DD3
 16381 0001:00061DEF 16385 0001:00061DFD 16387 0001:00061E04 16390 0001:00061E23
 16394 0001:00061EA0 16396 0001:00061EAE 16398 0001:00061EE5 16401 0001:00061F04
 16406 0001:00061F15 16407 0001:00061F1F 16410 0001:00061F26 16411 0001:00061F34
 16412 0001:00061F3B 16413 0001:00061F45 16414 0001:00061F4C 16415 0001:00061F56
 16416 0001:00061F5D 16417 0001:00061F67 16418 0001:00061F6E 16419 0001:00061F78
 16420 0001:00061F82 16421 0001:00061F8C 16422 0001:00061F96 16423 0001:00061FA0
 16424 0001:00061FA7 16425 0001:00061FB1 16426 0001:00061FB8 16427 0001:00061FC2
 16428 0001:00061FC9 16429 0001:00061FD3 16430 0001:00061FDA 16431 0001:00061FE4
 16432 0001:00061FEB 16433 0001:00061FF5 16434 0001:00061FFC 16435 0001:00062006
 16436 0001:0006200D 16437 0001:00062017 16438 0001:0006201E 16439 0001:00062028
 16440 0001:0006202F 16441 0001:0006203A 16442 0001:00062049 16445 0001:0006204E
 16446 0001:00062058 16447 0001:00062062 16448 0001:0006206C 16449 0001:00062076
 16450 0001:00062080 16451 0001:0006208A 16452 0001:00062094 16453 0001:0006209E
 16454 0001:000620A8 16455 0001:000620B2 16456 0001:000620BC 16457 0001:000620C6
 16458 0001:000620D0 16459 0001:000620DA 16460 0001:000620E4 16461 0001:000620EE
 16462 0001:000620F8 16463 0001:00062102 16464 0001:0006210C 16465 0001:00062116
 16466 0001:00062120 16467 0001:0006212A 16468 0001:00062134 16469 0001:0006213E
 16470 0001:00062148 16471 0001:00062152 16472 0001:0006215C 16473 0001:00062166
 16474 0001:00062170 16475 0001:0006217A 16476 0001:00062184 16478 0001:00062189
 16481 0001:000621A2 16485 0001:000621BD 16487 0001:000621CB 16488 0001:000621D2
 16490 0001:000621E9 16494 0001:00062204 16495 0001:00062212 16496 0001:00062219
 16498 0001:00062230 16501 0001:0006226D 16505 0001:00062324 16506 0001:0006233B
 16510 0001:0006233C 16511 0001:00062353 16518 0001:00062354 16519 0001:0006235E
 16522 0001:00062360 16524 0001:00062373 16525 0001:0006237E 16526 0001:00062389
 16529 0001:00062394 16530 0001:0006239F 16533 0001:000623AA 16534 0001:000623C6
 16535 0001:000623EE 16552 0001:000623F4 16556 0001:000623F8 16557 0001:000623FF
 16558 0001:00062405 16563 0001:00062408 16564 0001:0006240F 16566 0001:0006242C
 16568 0001:00062431 16570 0001:00062436 16571 0001:00062437 16572 0001:0006243A
 16574 0001:0006243D 16575 0001:0006244D 16580 0001:00062454 16581 0001:0006245B
 16586 0001:00062489 16588 0001:0006248E 16589 0001:0006248F 16590 0001:00062492
 16592 0001:00062495 16593 0001:000624A5 16598 0001:000624AC 16599 0001:000624B2
 16600 0001:000624C1 16601 0001:000624CF 16603 0001:000624F4 16605 0001:00062507
 16610 0001:0006250C 16611 0001:00062513 16613 0001:00062530 16615 0001:00062535
 16617 0001:0006253A 16618 0001:0006253B 16619 0001:0006253E 16621 0001:00062541
 16622 0001:00062551 16634 0001:00062558 16635 0001:00062561 16638 0001:00062568
 16639 0001:00062577 16640 0001:00062585 16641 0001:0006258F 16642 0001:0006259E
 16644 0001:000625A9 16645 0001:000625B3 16646 0001:000625C2 16648 0001:000625CD
 16649 0001:000625D7 16650 0001:000625E6 16652 0001:000625F1 16657 0001:000625FB
 16659 0001:00062602 16660 0001:00062611 16661 0001:0006261B 16652 0001:0006261C
 16663 0001:0006261F 16666 0001:00062629 16667 0001:00062643 16668 0001:00062654
 16663 0001:00062655 16670 0001:00062665 16672 0001:00062675 16684 0001:0006267C
 16685 0001:00062682 16697 0001:00062689 16698 0001:00062696 16702 0001:00062698
 16703 0001:0006269F 16704 0001:000626A5 16706 0001:000626A8 16707 0001:000626AE
 16709 0001:000626B5 16710 0001:000626BA 16711 0001:000626C8 16713 0001:000626D1
 16714 0001:000626DC 16716 0001:000626F5 16717 0001:00062705 16719 0001:00062712
 16720 0001:00062717 16721 0001:00062726 16723 0001:00062730 16724 0001:0006273C
 16726 0001:00062756 16728 0001:00062762 16738 0001:00062768 16739 0001:00062783
 16740 0001:00062790 16741 0001:000627AC 16742 0001:000627F9 16744 0001:00062848
 16746 0001:00062866 16757 0001:00062881 16767 0001:0006289C 16770 0001:000628A9
 16773 0001:000628BA 16797 0001:000628CB 16800 0001:000628D0 16804 0001:000628F0
 16807 0001:00062910 16808 0001:00062911 16810 0001:0006291B 16815 0001:0006293B
 16820 0001:00062956 16825 0001:00062971 16826 0001:0006297A 16831 0001:00062995
 16833 0001:000629A3 16836 0001:000629E0 16840 0001:00062C08 16841 0001:00062C23
 16844 0001:00062C24 16845 0001:00062C27 16846 0001:00062C38 16849 0001:00062C3C
 16853 0001:00062C3F 16855 0001:00062C46 16870 0001:00062C48 16871 0001:00062C4B
 16873 0001:00062C52 16878 0001:00062C54 16879 0001:00062C5C 16881 0001:00062C6B
 16882 0001:00062C70 16884 0001:00062C7D 16887 0001:00062CA5 16888 0001:00062CB8
 16890 0001:00062CBA 16882 0001:00062CBB 16891 0001:00062CBE 16902 0001:00062CC4
 16903 0001:00062CCB 16904 0001:00062CDE 16905 0001:00062CEC 16907 0001:00062D03
 16909 0001:00062D13 16911 0001:00062D18 16912 0001:00062D35 16913 0001:00062D39
 16915 0001:00062D56 16916 0001:00062D65 16917 0001:00062D73 16918 0001:00062D8B
 16920 0001:00062D9F 16921 0001:00062DB1 16922 0001:00062DB4 16923 0001:00062DB9
 16924 0001:00062DCE 16926 0001:00062DE1 16928 0001:00062E16 16930 0001:00062E1C
 16931 0001:00062E3B 16932 0001:00062E59 16934 0001:00062E63 16936 0001:00062E6E
 16939 0001:00062E98 16942 0001:00062EB5 16943 0001:00062EBC 16944 0001:00062EC3
 16945 0001:00062ECA 16946 0001:00062ED1 16947 0001:00062EE6 16948 0001:00062EED
 16949 0001:00062EF4 16950 0001:00062EFB 16951 0001:00062F02 16952 0001:00062F09
 16953 0001:00062F10 16954 0001:00062F17 16955 0001:00062F1E 16956 0001:00062F25
 16957 0001:00062F3C 16958 0001:00062F53 16959 0001:00062F5A 16960 0001:00062F64
 16961 0001:00062F6B 16962 0001:00062F7A 16963 0001:00062F81 16964 0001:00062F92
 16965 0001:00062F9C 16967 0001:00062FA3 16968 0001:00062FAD 16969 0001:00062FB7
 16971 0001:00062FC1 16973 0001:00062FC6 16976 0001:00062FCF 16979 0001:00062FD4
 16981 0001:00062FE2 16982 0001:00062FE9 16986 0001:00062FEE 16987 0001:00062FFF
 16989 0001:00063010 16990 0001:00063029 16992 0001:00063031 17021 0001:00063044
 17023 0001:00063049 17024 0001:0006305A 17025 0001:0006306B 17026 0001:0006307C
 17027 0001:0006308D 17029 0001:0006309E 17030 0001:000630A5 17031 0001:000630B1
 17032 0001:000630B8 17033 0001:000630BF 17034 0001:000630C9 17035 0001:000630D0
 17036 0001:000630D7 17039 0001:000630F9 17040 0001:0006310C 17042 0001:0006311A
 17043 0001:00063123 17044 0001:0006312B 17047 0001:00063133 17048 0001:00063138
 17049 0001:00063142 17050 0001:0006314C 17052 0001:0006315D 17053 0001:0006316E
 17054 0001:00063173 17055 0001:0006317A 17056 0001:00063184 17057 0001:0006318E
 17058 0001:00063195 17059 0001:0006319C 17060 0001:000631A3 17061 0001:000631AA
 17062 0001:000631B1 17064 0001:000631B8 17065 0001:000631BF 17066 0001:000631C6
 17068 0001:000631CD 17070 0001:000631D4 17073 0001:000631DC 17075 0001:000631E6
 17077 0001:00063200 17078 0001:0006320C 17079 0001:00063217 17080 0001:00063223
 17082 0001:0006322E 17085 0001:00063233 17091 0001:00063280 17097 0001:000632CD
 17103 0001:0006331A 17104 0001:0006332F 17106 0001:00063338 17120 0001:00063351
 17126 0001:0006339E 17132 0001:000633EB 17138 0001:00063438 17140 0001:00063446
 17142 0001:00063454 17144 0001:00063462 17145 0001:00063467 17149 0001:00063491
 17151 0001:0006349E 17154 0001:000634B2 17155 0001:000634E4 17159 0001:00063520
 17163 0001:00063527 17164 0001:0006352C 17167 0001:0006355B 17174 0001:0006362C
 17175 0001:00063640 17176 0001:0006364E 17178 0001:00063661 17179 0001:0006366B
 17181 0001:00063675 17182 0001:00063688 17184 0001:0006368F 17185 0001:00063699
 17186 0001:000636A0 17187 0001:000636AA 17188 0001:000636B1 17189 0001:000636BB
 17190 0001:000636C2 17191 0001:000636CC 17192 0001:000636D3 17193 0001:000636DD
 17195 0001:000636E4 17196 0001:000636E9 17198 0001:000636F4 17200 0001:00063706
 17201 0001:00063713 17204 0001:00063720 17205 0001:00063729 17207 0001:00063738
 17208 0001:00063742 17209 0001:00063749 17210 0001:00063753 17211 0001:0006375A
 17212 0001:00063764 17214 0001:0006376B 17215 0001:00063775 17216 0001:0006377F
 17217 0001:00063789 17218 0001:00063793 17221 0001:0006379A 17223 0001:000637A3
 17224 0001:000637AF 17225 0001:000637B9 17228 0001:000637CC 17229 0001:000637D6
 17230 0001:000637DD 17231 0001:000637E7 17232 0001:000637EE 17233 0001:000637F8
 17235 0001:000637FF 17236 0001:0006380E 17238 0001:00063815 17239 0001:0006381A
 17241 0001:0006382E 17242 0001:00063838 17243 0001:0006383F 17245 0001:0006386E
 17273 0001:00063884 17274 0001:000638B0 17276 0001:00063A16 17268 0001:00063A34
 17269 0001:00063A58 17270 0001:00063A67 17272 0001:00063A81

Line numbers for SubRange(C:\Users\sudiptas\Documents\epascal4code\epascalcode\04\SubRange.dpr) segment .text

    35 0001:00063BD0    36 0001:00063BEB    37 0001:00063BED    38 0001:00063BF4
    40 0001:00063BF8    41 0001:00063BFF    43 0001:00063C04    44 0001:00063C1A
    45 0001:00063C31    51 0001:00063C4D    52 0001:00063C62    57 0001:00063C7A
    58 0001:00063C90    63 0001:00063CA7    64 0001:00063CB6

Bound resource files

C:\Program Files (x86)\EurekaLog 6\Delphi5\DIALOG.RES
SubRange.drf


Program entry point at 0001:00063BD0
