
 Start         Length     Name                   Class
 0001:00000000 00063F00H .text                   CODE
 0002:00000000 000065D4H .data                   DATA
 0002:000065D4 0000426DH .bss                    BSS


Detailed map of segments

 0001:00000000 000050F8 C=CODE     S=.text    G=(none)   M=System   ACBP=A9
 0001:000050F8 00000174 C=CODE     S=.text    G=(none)   M=SysInit  ACBP=A9
 0001:0000526C 000007EC C=CODE     S=.text    G=(none)   M=Windows  ACBP=A9
 0001:00005A58 00001D0F C=CODE     S=.text    G=(none)   M=ELeaks   ACBP=A9
 0001:00007768 000002F0 C=CODE     S=.text    G=(none)   M=SysConst ACBP=A9
 0001:00007A58 00006510 C=CODE     S=.text    G=(none)   M=SysUtils ACBP=A9
 0001:0000DF68 00000038 C=CODE     S=.text    G=(none)   M=Messages ACBP=A9
 0001:0000DFA0 00000038 C=CODE     S=.text    G=(none)   M=ActiveX  ACBP=A9
 0001:0000DFD8 00000098 C=CODE     S=.text    G=(none)   M=Consts   ACBP=A9
 0001:0000E070 00000468 C=CODE     S=.text    G=(none)   M=TypInfo  ACBP=A9
 0001:0000E4D8 0000352F C=CODE     S=.text    G=(none)   M=Classes  ACBP=A9
 0001:00011A08 00000038 C=CODE     S=.text    G=(none)   M=ETypes   ACBP=A9
 0001:00011A40 00002944 C=CODE     S=.text    G=(none)   M=EConsts  ACBP=A9
 0001:00014384 00003E78 C=CODE     S=.text    G=(none)   M=ECore    ACBP=A9
 0001:000181FC 000045AC C=CODE     S=.text    G=(none)   M=EDebug   ACBP=A9
 0001:0001C7A8 00000040 C=CODE     S=.text    G=(none)   M=ShellAPI ACBP=A9
 0001:0001C7E8 000000A0 C=CODE     S=.text    G=(none)   M=WinSock  ACBP=A9
 0001:0001C888 000014F8 C=CODE     S=.text    G=(none)   M=EHook    ACBP=A9
 0001:0001DD80 000000E8 C=CODE     S=.text    G=(none)   M=ELang    ACBP=A9
 0001:0001DE68 00001588 C=CODE     S=.text    G=(none)   M=ESockets ACBP=A9
 0001:0001F3F0 00007A10 C=CODE     S=.text    G=(none)   M=EZlib    ACBP=A9
 0001:00026E00 00000AFC C=CODE     S=.text    G=(none)   M=EHash    ACBP=A9
 0001:000278FC 00000354 C=CODE     S=.text    G=(none)   M=EEncrypt ACBP=A9
 0001:00027C50 000002DC C=CODE     S=.text    G=(none)   M=EBase64  ACBP=A9
 0001:00027F2C 00000190 C=CODE     S=.text    G=(none)   M=EZip     ACBP=A9
 0001:000280BC 0000715C C=CODE     S=.text    G=(none)   M=EWebTools ACBP=A9
 0001:0002F218 000005A8 C=CODE     S=.text    G=(none)   M=EXMLBuilder ACBP=A9
 0001:0002F7C0 00004228 C=CODE     S=.text    G=(none)   M=ELogManager ACBP=A9
 0001:000339E8 0000132C C=CODE     S=.text    G=(none)   M=EListView ACBP=A9
 0001:00034D14 00007434 C=CODE     S=.text    G=(none)   M=EDisAsm  ACBP=A9
 0001:0003C148 00027920 C=CODE     S=.text    G=(none)   M=ExceptionLog ACBP=A9
 0001:00063A68 00000214 C=CODE     S=.text    G=(none)   M=TimeNow  ACBP=A9
 0002:00000000 000000A6 C=DATA     S=.data    G=DGROUP   M=System   ACBP=A9
 0002:000000A8 00000018 C=DATA     S=.data    G=DGROUP   M=SysInit  ACBP=A9
 0002:000000C0 00000014 C=DATA     S=.data    G=DGROUP   M=ELeaks   ACBP=A9
 0002:000000D4 0000022C C=DATA     S=.data    G=DGROUP   M=SysUtils ACBP=A9
 0002:00000300 0000000C C=DATA     S=.data    G=DGROUP   M=TypInfo  ACBP=A9
 0002:0000030C 00000044 C=DATA     S=.data    G=DGROUP   M=Classes  ACBP=A9
 0002:00000350 00000908 C=DATA     S=.data    G=DGROUP   M=EConsts  ACBP=A9
 0002:00000C58 00000044 C=DATA     S=.data    G=DGROUP   M=ECore    ACBP=A9
 0002:00000C9C 0000004C C=DATA     S=.data    G=DGROUP   M=EDebug   ACBP=A9
 0002:00000CE8 000001A0 C=DATA     S=.data    G=DGROUP   M=EHook    ACBP=A9
 0002:00000E88 00000001 C=DATA     S=.data    G=DGROUP   M=ESockets ACBP=A9
 0002:00000E8C 00000E5C C=DATA     S=.data    G=DGROUP   M=EZlib    ACBP=A9
 0002:00001CE8 00000212 C=DATA     S=.data    G=DGROUP   M=EHash    ACBP=A9
 0002:00001EFC 000000C0 C=DATA     S=.data    G=DGROUP   M=EBase64  ACBP=A9
 0002:00001FBC 00002B8C C=DATA     S=.data    G=DGROUP   M=EWebTools ACBP=A9
 0002:00004B48 00000020 C=DATA     S=.data    G=DGROUP   M=EXMLBuilder ACBP=A9
 0002:00004B68 00000020 C=DATA     S=.data    G=DGROUP   M=ELogManager ACBP=A9
 0002:00004B88 000012D5 C=DATA     S=.data    G=DGROUP   M=EDisAsm  ACBP=A9
 0002:00005E60 0000055C C=DATA     S=.data    G=DGROUP   M=ExceptionLog ACBP=A9
 0002:00007000 000004CC C=BSS      S=.bss     G=DGROUP   M=System   ACBP=A9
 0002:000074CC 00000018 C=BSS      S=.bss     G=DGROUP   M=SysInit  ACBP=A9
 0002:000074E4 00000004 C=BSS      S=.bss     G=DGROUP   M=Windows  ACBP=A9
 0002:000074E8 00000054 C=BSS      S=.bss     G=DGROUP   M=ELeaks   ACBP=A9
 0002:0000753C 00000004 C=BSS      S=.bss     G=DGROUP   M=SysConst ACBP=A9
 0002:00007540 00000118 C=BSS      S=.bss     G=DGROUP   M=SysUtils ACBP=A9
 0002:00007658 00000004 C=BSS      S=.bss     G=DGROUP   M=Messages ACBP=A9
 0002:0000765C 00000004 C=BSS      S=.bss     G=DGROUP   M=ActiveX  ACBP=A9
 0002:00007660 00000004 C=BSS      S=.bss     G=DGROUP   M=Consts   ACBP=A9
 0002:00007664 00000004 C=BSS      S=.bss     G=DGROUP   M=TypInfo  ACBP=A9
 0002:00007668 00000038 C=BSS      S=.bss     G=DGROUP   M=Classes  ACBP=A9
 0002:000076A0 00000004 C=BSS      S=.bss     G=DGROUP   M=ETypes   ACBP=A9
 0002:000076A4 00000004 C=BSS      S=.bss     G=DGROUP   M=EConsts  ACBP=A9
 0002:000076A8 00000009 C=BSS      S=.bss     G=DGROUP   M=ECore    ACBP=A9
 0002:000076B4 00000004 C=BSS      S=.bss     G=DGROUP   M=EDebug   ACBP=A9
 0002:000076B8 00000004 C=BSS      S=.bss     G=DGROUP   M=ShellAPI ACBP=A9
 0002:000076BC 00000004 C=BSS      S=.bss     G=DGROUP   M=WinSock  ACBP=A9
 0002:000076C0 00000010 C=BSS      S=.bss     G=DGROUP   M=EHook    ACBP=A9
 0002:000076D0 00000004 C=BSS      S=.bss     G=DGROUP   M=ELang    ACBP=A9
 0002:000076D4 00000004 C=BSS      S=.bss     G=DGROUP   M=ESockets ACBP=A9
 0002:000076D8 00002890 C=BSS      S=.bss     G=DGROUP   M=EZlib    ACBP=A9
 0002:00009F68 00000404 C=BSS      S=.bss     G=DGROUP   M=EHash    ACBP=A9
 0002:0000A36C 0000001C C=BSS      S=.bss     G=DGROUP   M=EEncrypt ACBP=A9
 0002:0000A388 00000004 C=BSS      S=.bss     G=DGROUP   M=EBase64  ACBP=A9
 0002:0000A38C 00000004 C=BSS      S=.bss     G=DGROUP   M=EZip     ACBP=A9
 0002:0000A390 00000048 C=BSS      S=.bss     G=DGROUP   M=EWebTools ACBP=A9
 0002:0000A3D8 00000004 C=BSS      S=.bss     G=DGROUP   M=EXMLBuilder ACBP=A9
 0002:0000A3DC 00000004 C=BSS      S=.bss     G=DGROUP   M=ELogManager ACBP=A9
 0002:0000A3E0 00000004 C=BSS      S=.bss     G=DGROUP   M=EListView ACBP=A9
 0002:0000A3E4 00000004 C=BSS      S=.bss     G=DGROUP   M=EDisAsm  ACBP=A9
 0002:0000A3E8 00000E78 C=BSS      S=.bss     G=DGROUP   M=ExceptionLog ACBP=A9
 0002:0000B260 0000000C C=BSS      S=.bss     G=DGROUP   M=TimeNow  ACBP=A9


  Address         Publics by Name

 0002:00000F10       .
 0001:00021454       .
 0002:00000F1C       .
 0001:0002151C       .
 0002:00000F24       .
 0002:000076DC       .
 0001:00021048       .
 0002:00000EB4       .
 0001:0001FB34       .
 0002:00000F3C       .
 0002:00000F90       .
 0002:00000FE0       .
 0002:000096DC       .
 0001:00004874       .
 0002:00000064       .
 0002:0000127C       .
 0001:000044F8       .
 0001:00024F84       .
 0001:0000D4E0       .
 0002:00001150       .
 0002:000074DC       .1
 0002:000076D0       .1
 0002:000076C0       .1
 0002:0000A388       .1
 0002:000076BC       .1
 0002:00007500       .1
 0002:000076B8       .1
 0002:00007658       .1
 0002:0000753C       .1
 0002:00007660       .1
 0002:00009F68       .1
 0002:0000A36C       .1
 0002:000076A0       .1
 0002:0000A3E0       .2
 0002:0000A3E4       .2
 0002:000076D8       .2
 0002:0000A40C       .21
 0002:0000765C       .3
 0002:00007428       .3
 0002:0000A3D8       .3
 0002:0000A38C       .3
 0002:000074E4       .3
 0002:0000A3DC       .3
 0002:000076AC       .4
 0002:000076D4       .4
 0002:00007648       .44
 0002:00007664       .5
 0002:000076A4       .5
 0002:0000A390       .7
 0002:0000766C       .84
 0002:000076B4       .92
 0001:000019B0       @AbstractError
 0001:00003330       @AddRef
 0001:00003270       @AddRefArray
 0001:00003244       @AddRefRecord
 0001:00001EE4       @AfterConstruction
 0001:000048BD       @Append
 0001:00001DD4       @AsClass
 0001:000028D4       @Assert
 0001:000046FA       @Assign
 0001:00001A48       @AStrCmp
 0001:00001EEC       @BeforeDestruction
 0001:00001E20       @CallDynaInst
 0001:000044D4       @CheckAutoResult
 0001:00001E8C       @ClassCreate
 0001:00001EDC       @ClassDestroy
 0001:0000479C       @Close
 0001:00001700       @Copy
 0001:00003458       @CopyArray
 0001:0000333C       @CopyRecord
 0001:00021EC8       @deflateInit2_
 0001:00003560       @Dispose
 0001:00002414       @DoneExcept
 0001:00003EB8       @DynArrayAddRef
 0001:00003E90       @DynArrayAsg
 0001:00003E54       @DynArrayClear
 0001:00003C94       @DynArrayHigh
 0001:00003C8C       @DynArrayLength
 0001:00003E48       @DynArraySetLength
 0001:00002508       @ExceptionHandler
 0001:00001AB8       @FillChar
 0001:00021114       @fill_fopen_filefunc
 0001:00003238       @Finalize
 0001:00003150       @FinalizeArray
 0001:00003124       @FinalizeRecord
 0001:00004775       @Flush
 0001:00001CB8       @FpuInit
 0001:00001BF4       @FpuMaskInit
 0001:000015E0       @FreeMem
 0001:000015C8       @GetMem
 0001:00005170       @GetTls
 0001:0002164C       @get_crc_table
 0001:000028BC       @Halt
 0001:0000279C       @Halt0
 0001:00001FF8       @HandleAnyException
 0001:000022E4       @HandleAutoException
 0001:000022AC       @HandleFinally
 0001:00002124       @HandleOnException
 0001:000235BC       @inflateInit2_
 0001:00023004       @inflate_fast
 0001:00024B14       @inflate_table
 0001:00005200       @InitExe
 0001:00003118       @Initialize
 0001:00003084       @InitializeArray
 0001:00003058       @InitializeRecord
 0001:000026F8       @InitImports
 0001:000026DC       @InitResStringImports
 0001:00001744       @Insert
 0001:000044C8       @IntfAddRef
 0001:00004494       @IntfClear
 0001:000044AC       @IntfCopy
 0001:00001DBC       @IsClass
 0001:00001BC4       @isNECWindows
 0001:00002DC4       @LStrAddRef
 0001:00002998       @LStrArrayClr
 0001:000029C8       @LStrAsg
 0001:00002C18       @LStrCat
 0001:00002C5C       @LStrCat3
 0001:00002CD0       @LStrCatN
 0001:00002974       @LStrClr
 0001:00002D20       @LStrCmp
 0001:00002E18       @LStrCopy
 0001:00002E58       @LStrDelete
 0001:00002BA4       @LStrFromArray
 0001:00002B1C       @LStrFromChar
 0001:00002B2C       @LStrFromPChar
 0001:00002A5C       @LStrFromPCharLen
 0001:00002B5C       @LStrFromPWChar
 0001:00002A8C       @LStrFromPWCharLen
 0001:00002B98       @LStrFromString
 0001:00002BBC       @LStrFromWArray
 0001:00002BD8       @LStrFromWStr
 0001:00002EA0       @LStrInsert
 0001:00002A0C       @LStrLAsg
 0001:00002C10       @LStrLen
 0001:00002EFC       @LStrPos
 0001:00002F44       @LStrSetLength
 0001:00002DD4       @LStrToPChar
 0001:00002BEC       @LStrToString
 0001:0000354C       @New
 0001:00002A38       @NewAnsiString
 0001:00001934       @Pos
 0001:00004A3C       @Pow10
 0001:000019FC       @PStrCpy
 0001:000019CC       @PStrNCat
 0001:00001A18       @PStrNCpy
 0001:000023C0       @RaiseAgain
 0001:000023A4       @RaiseExcept
 0001:00001AD8       @RandInt
 0001:000047D8       @ReadChar
 0001:0000484C       @ReadLn
 0001:000015F8       @ReallocMem
 0001:000048AF       @ResetText
 0001:000048B6       @RewritText
 0001:00001988       @ROUND
 0001:000028C8       @RunError
 0001:00001974       @SetLength
 0001:000026AC       @StartExe
 0001:00001994       @TRUNC
 0001:00002444       @TryFinallyExit
 0001:00003A68       @ValInt64
 0001:00001AF0       @ValLong
 0001:00003A44       @VarAddRef
 0001:0000390C       @VarCast
 0001:000036B4       @VarClear
 0001:00003A3C       @VarClr
 0001:000036F8       @VarCopy
 0001:00003A00       @VarToLStr
 0001:000049A3       @Write0Char
 0001:00004A0C       @Write0CString
 0001:00002FA8       @Write0LString
 0001:00004968       @Write0String
 0001:000048C4       @WriteBytes
 0001:000049F5       @WriteChar
 0001:00004A10       @WriteCString
 0001:0000498F       @WriteLn
 0001:00002FB0       @WriteLString
 0001:0000492F       @WriteSpaces
 0001:00004972       @WriteString
 0001:00003038       @WStrAddRef
 0001:00002FF0       @WStrArrayClr
 0001:00003014       @WStrAsg
 0001:00002FD8       @WStrClr
 0001:00004750       @_Flush
 0001:000016D0       @_IOTest
 0001:00004D56       @_lldiv
 0001:00004DCE       @_lldivo
 0001:00004E49       @_llmod
 0001:00004EC3       @_llmodo
 0001:00004D10       @_llmul
 0001:00004D33       @_llmulo
 0001:00004F43       @_llshl
 0001:00004E00       @_lludiv
 0001:00004EF5       @_llumod
 0001:00004F7B       @_llushr
 0001:00026184       @_tr_align
 0001:00026450       @_tr_flush_block
 0001:00024F88       @_tr_init
 0001:000260C8       @_tr_stored_block
 0001:0000BBD4       Abort
 0001:0000BF84       AbstractErrorHandler
 0002:0000701C       AbstractErrorProc
 0002:00000148       AccessMode
 0001:000566AC       AccessViolationModuleInLongFormat
 0001:0004D0D0       ActicatePage
 0002:0000A57C       ActivateEurekaLog
 0001:0000DFD0       ActiveX
 0001:000299D8       AddAuthenticationToURL
 0001:00000300       AddBlockAfter
 0001:0005C6C0       AddCallerCallStack
 0001:00050F44       AddColor
 0001:00048D1C       AddCustomHeadersToLog
 0001:00048BC0       AddCustomHeaderToLog
 0001:0001EB04       AddDNS
 0002:000074FC       AddLeak
 0001:00047914       AddModule
 0001:000042D0       AddModuleUnloadProc
 0001:000042E0       AddModuleUnloadProc
 0001:00041CCC       AddNewProcess
 0001:00042094       AddNewProcessEx
 0001:0001CE50       AddrSize
 0001:0005551C       AddStr
 0001:0001158C       AddThread
 0001:00047A94       AddToStack
 0001:00030F64       AddValueField
 0001:0001F94C       AddZipFile
 0001:0004D020       AdjustDialog
 0001:0004A500       AdjustFlatStyle
 0001:0002114C       adler32
 0001:00051B24       AfterScreenshot
 0001:00051838       AfterScreenshotToStream
 0002:00007518       AllocatedList_End
 0002:00007510       AllocatedList_Lock
 0002:00007514       AllocatedList_Start
 0001:00011504       AllocateWindow
 0001:0000861C       AllocMem
 0002:00007420       AllocMemCount
 0002:00007424       AllocMemSize
 0002:00004B28       AlphaNumerics
 0001:0000872C       AnsiCompareText
 0001:0000C718       AnsiPos
 0001:00008764       AnsiStrIComp
 0001:0000C750       AnsiStrPos
 0001:0000C7F0       AnsiStrRScan
 0001:0000C818       AnsiStrScan
 0001:00003794       AnyChangeType
 0001:00009F88       AppendChars
 0001:0000A350       AppendFormat
 0001:00009FEC       AppendNumber
 0001:00009FCC       AppendString
 0001:000480E8       ApplicationRestore
 0001:00006444       AreTheSameLeak
 0001:000469FC       ASMAssigned
 0002:00000D88       AsmConst
 0001:0004BA9C       AssemblerDialogProc
 0001:0003DC08       AssemblerToRTF
 0001:0000BF68       AssertErrorHandler
 0002:00007018       AssertErrorProc
 0001:0000E2D4       AssignLongStr
 0001:0004F4F8       AssignOnCloseData
 0001:00049530       AssignPriority
 0001:0004F358       AssignRequestData
 0001:0001C640       AssignValidDebugInfo
 0001:0000E328       AssignWideStr
 0001:0005296C       AttachedFile
 0001:00052BC8       AttachedFiles
 0002:0000A400       AttachedFilesRequest
 0001:00058258       AttrToString
 0002:0000A584       AutoCloseTimer
 0001:00048A94       AutoCloseTimerProc
 0002:00007474       avail
 0001:00009050       BackfillGetDiskFreeSpaceEx
 0001:00027D70       Base64Decode
 0001:00027E50       Base64DecodeStr
 0001:00027EB8       Base64DecodeString
 0001:00027CB4       Base64Encode
 0001:00052544       Base64EncodeFromFile
 0001:00027E04       Base64EncodeStr
 0001:00027EB0       Base64EncodeString
 0001:00027EC0       Base64EncodeToString
 0001:0000C4AC       Beep
 0001:00005704       BeginPaint
 0001:00002928       BeginThread
 0001:000162F8       BinToStr
 0001:0000560C       BitBlt
 0002:0000744C       blockDescBlockList
 0002:00007450       blockDescFreeList
 0001:000550AC       BlockingSendInternetMessage
 0002:000000C4       BlockOverFoot
 0002:000000C0       BlockOverHead
 0002:00000300       BooleanIdents
 0001:00042328       BuildListPS
 0001:000421F0       BuildListTH
 0002:00005E48       ByteRegs1
 0002:00005E4C       ByteRegs2
 0001:000510AC       BytesPerScanline
 0001:00050B18       BytesSwap
 0001:0000C590       ByteToCharIndex
 0001:0000C568       ByteToCharLen
 0001:0000C52C       ByteType
 0001:0000C4B4       ByteTypeTest
 0002:0000A780       Cached_LogFile
 0001:000601A8       CalcAddr
 0001:00050B48       CalcCRC
 0001:00027C7C       CalcDecodedSize
 0001:00044B1C       CalcDuplicatedException
 0001:00027C50       CalcEncodedSize
 0001:0001D1AC       CalculateRelocatedAsmSize
 0001:00045C18       CallAttachedFilesRequest
 0001:00045C88       CallAttachedFilesRequestEvents
 0001:00045DBC       CallCustomButtonClickEvent
 0001:00045E28       CallCustomButtonClickEvents
 0001:00045B48       CallCustomDataRequest
 0001:00045BB8       CallCustomDataRequestEvents
 0001:00045CEC       CallCustomWebFieldsRequest
 0001:00045D5C       CallCustomWebFieldsRequestEvents
 0001:00005B00       CallerOfReallocMem
 0001:000606F8       CallEurekaLog
 0001:0004584C       CallExceptionActionNotify
 0001:00058B64       CallExceptionActionNotify_atSavedLogFile
 0001:00058B40       CallExceptionActionNotify_atSavingLogFile
 0001:00053EEC       CallExceptionActionNotify_atSendingEmail
 0001:00053F34       CallExceptionActionNotify_atSendingWebMessage
 0001:00053F10       CallExceptionActionNotify_atSentEmail
 0001:00053F58       CallExceptionActionNotify_atSentWebMessage
 0001:00058E24       CallExceptionActionNotify_atShowedExceptionInfo
 0001:00058E00       CallExceptionActionNotify_atShowingExceptionInfo
 0001:00050448       CallExceptionActionNotify_atTerminating
 0001:000459C0       CallExceptionErrorNotify
 0001:00058B88       CallExceptionErrorNotify_atSavedLogFile
 0001:00053F7C       CallExceptionErrorNotify_atSentEmail
 0001:00053FA0       CallExceptionErrorNotify_atSentWebMessage
 0001:00045654       CallExceptionNotify
 0001:000456C0       CallExceptionNotifyEvents
 0002:00006388       CallFromCOMObject
 0001:00045724       CallHandledExceptionNotify
 0001:00045790       CallHandledExceptionNotifyEvents
 0001:00045BC4       CallModuleEvent_AttachedFilesRequest
 0001:00045D68       CallModuleEvent_CustomButtonClickNotify
 0001:00045AF4       CallModuleEvent_CustomDataRequest
 0001:00045C94       CallModuleEvent_CustomWebFieldsRequest
 0001:0004579C       CallModuleEvent_ExceptionActionNotify
 0001:00045914       CallModuleEvent_ExceptionErrorNotify
 0001:00045604       CallModuleEvent_ExceptionNotify
 0001:000456CC       CallModuleEvent_HandledExceptionNotify
 0001:00045E34       CallModuleEvent_PasswordRequest
 0001:00045A88       CallPasswordRequest
 0001:00047D78       CallStackByAddresses
 0001:0004BF68       CallStackDialogProc
 0001:00058E48       CallWriteIntraWebText
 0001:0005ED60       Call_HookedExceptionObject
 0001:0005EAFC       Call_HookedRaise
 0001:0005ED8C       Call_HookedRtlUnwind
 0001:000506B8       CalsCoordinates
 0002:0000A535       CanAttachScreenshot
 0002:0000A531       CanAttachScreenshot_Show
 0001:0006006C       CanCallUnhandledException
 0002:0000A536       CanCopy
 0002:0000A532       CanCopy_Show
 0001:000467E0       CanExit
 0002:0000A4F9       CanHookLibraries
 0002:0000635C       CannotProcessMessagesExceptions
 0002:0000A704       CannotUseThread
 0001:0005C734       CanPauseThisThread
 0002:0000A530       CanSendError_Show
 0002:0000A534       CanSendMessage
 0002:0000A533       CanSupport_Show
 0002:0000A7B0       CaptionFontName
 0002:0000A9EC       CAPTION_HEIGHT
 0002:00001F3C       cBase64Codec
 0002:00001EFC       cBase64Codec
 0001:00049F5C       CenterOnActiveWndMonitor
 0001:00048A14       CenterWindow
 0002:0000A4C0       CGIHandleException_D5Down
 0002:0000A468       CGIOutputFile
 0002:000073E8       ChangeAnyProc
 0001:00008BAC       ChangeFileExt
 0001:00062520       ChangeFinalizationOrder
 0001:0004F46C       ChangeLogUserEmail
 0001:00003800       ChangeSourceAny
 0001:00000134       CharNext
 0002:00004B68       chars
 0001:0000C654       CharToByteIndex
 0001:0000C6B8       CharToByteLen
 0001:00062CE0       CheckCrc32
 0001:0001554C       CheckDirectoryExists
 0001:00029944       CheckError
 0001:0001D780       CheckFail
 0001:00062328       CheckForMemoryLeaks
 0001:00043818       CheckForResult
 0001:00015398       CheckIntoIDE
 0001:00001F74       CheckJmp
 0001:000152BC       CheckKey
 0001:0003CC58       CheckMagicCode
 0001:00006194       CheckOurPointer
 0002:00007674       ClassAliasList
 0001:00011994       Classes
 0002:00007670       ClassList
 0002:000073E4       ClearAnyProc
 0001:00040754       ClearInternalError
 0002:0000A955       ClickLinkActive
 0001:000342F4       ClickOnSign
 0001:0003EAA4       CloneObject
 0001:0000570C       CloseClipboard
 0001:000052AC       CloseHandle
 0001:000000D4       CloseHandle
 0001:00044B00       CloseLogFile
 0001:0003CBFC       ClosePrinter
 0001:00052890       CloseSendDialog
 0001:0001C7E8       closesocket
 0001:0001FB0C       CloseZipFile
 0002:00007030       CmdLine
 0002:0000702C       CmdShow
 0002:000063A4       ColIdx
 0002:0000A988       ColWidths
 0001:00005614       CombineRgn
 0001:000005E0       Commit
 0002:00007490       committedRoot
 0001:0005177C       CommonSaveToStream
 0001:00046BC0       CompareEurekaFunctions
 0001:00041798       CompareModulesFunctions
 0001:00041B24       CompareProcessesFunctions
 0001:000052B4       CompareString
 0001:000086B4       CompareText
 0001:000570DC       CompleteIP
 0001:0002B5F4       CompleteNumber
 0001:0003D1F4       CompleteStr
 0001:0003017C       CompleteStr
 0001:000582AC       CompleteString
 0001:00026F08       Compress
 0001:00021508       compressBound
 0001:0003E5A4       ComputerName
 0001:00017E38       ComputerName
 0001:0001C7F0       connect
 0001:0000E068       Consts
 0001:0000B9C4       ConvertAddr
 0001:00014BD4       ConvertAddress
 0001:00005D94       ConvertAddress
 0001:0000A0DC       ConvertEraString
 0001:000085A4       ConvertError
 0001:000085BC       ConvertErrorFmt
 0001:0002F8D8       ConvertNotDosText
 0001:000283F8       ConvertSpecialHTMLChars
 0001:0000A248       ConvertYearString
 0001:00003C9C       CopyArray
 0001:0000595C       CopyMemory
 0001:00005714       CopyRect
 0001:00046128       CopyStrings
 0001:000069D4       CountAllLeaks
 0001:0000C5E0       CountChars
 0001:0004CDF4       CPUDialogProc
 0001:0003DFA4       CPUToRTF
 0002:00001CE8       Crc16Tab
 0001:00021660       crc32
 0002:00009F6C       crc_table
 0002:00001EE8       crc_table_computed
 0001:000512C0       Create8bitBitmap
 0001:0000BEAC       CreateAssertException
 0001:0000C044       CreateAVObject
 0001:0000561C       CreateBitmap
 0001:00005624       CreateCompatibleBitmap
 0001:0000562C       CreateCompatibleDC
 0001:00005A08       CreateDialog
 0001:000486A8       CreateDialogFonts
 0001:0000571C       CreateDialogParam
 0001:00005634       CreateDIBSection
 0001:00009158       CreateDir
 0001:000052BC       CreateDirectory
 0001:000052C4       CreateEvent
 0001:000497E4       CreateExceptionReport
 0001:000052CC       CreateFile
 0001:000000DC       CreateFileA
 0001:000052D4       CreateFileMapping
 0001:0000563C       CreateFont
 0001:00005644       CreateFontIndirect
 0001:00058E54       CreateGeneralText
 0001:00042C08       CreateHTMLByLayout
 0001:00045234       CreateHTMLFile
 0001:0000BDE8       CreateInOutError
 0001:00049AC8       CreateLeakReport
 0001:0005A0E0       CreateLogText
 0001:0001EF28       CreateMXQuery
 0001:00050EE0       CreateOctreeNode
 0001:0000564C       CreatePalette
 0001:000052DC       CreateProcess
 0001:00005654       CreateRectRgn
 0001:0000565C       CreateRectRgnIndirect
 0001:00005664       CreateSolidBrush
 0001:00042FE0       CreateTemplateFile
 0001:0000013C       CreateThread
 0001:00049C68       CreateThreadStr
 0001:000539EC       CreateTmpLogFile
 0001:0003EF68       CreateVirtualFile
 0001:000059D4       CreateWindow
 0001:00005724       CreateWindowEx
 0001:00045300       CreateXMLLogCopy
 0001:0001F8B8       CreateZipFile
 0001:00053FC4       CreateZIPFile
 0001:0006181C       Create_EurekaLogUnitsList
 0002:00000C58       CriticalError
 0002:00006380       CriticalExceptObject
 0002:00007488       curAlloc
 0002:00007548       CurrencyDecimals
 0002:00007544       CurrencyFormat
 0002:00007540       CurrencyString
 0002:0000A4E8       CurrentAsmErrorLine
 0002:0000A4F0       CurrentAsmErrorText
 0002:0000A4F4       CurrentCPUErrorText
 0002:0000A588       CurrentDialog
 0001:0006021C       CurrentEurekaLogOptions
 0002:0000A4EC       CurrentGeneralErrorText
 0002:0000A464       CurrentOptions
 0002:0000A5A0       CurrentProcessWindowsList
 0002:0000A554       CurrentRequestValue
 0002:0000636C       CurrentStackList
 0001:00009F74       CurrentYear
 0002:0000A408       CustomButtonClickNotify
 0002:0000A3FC       CustomDataRequest
 0002:0000A520       CustomExceptMessage
 0002:0000A404       CustomWebFieldsRequest
 0002:0000A370       CV
 0002:00000028       cwChop
 0001:00009EC4       Date
 0002:00007549       DateSeparator
 0001:0000AB20       DateTimeToStr
 0001:0000AAC4       DateTimeToString
 0001:000099CC       DateTimeToTimeStamp
 0001:00009E9C       DayOfWeek
 0002:0000A59C       DbgSection
 0002:00000008       DebugHook
 0002:0000A6DC       DebugHook_Assigned
 0001:0005556C       DebugToStr
 0002:00007547       DecimalSeparator
 0001:00009E0C       DecodeDate
 0001:00019BE8       DecodeNameString
 0001:00009AF4       DecodeTime
 0001:00000674       Decommit
 0001:00000C90       DecommitFree
 0002:00007464       decommittedRoot
 0001:00027B54       Decrypt
 0002:00000000       Default8087CW
 0001:00022498       deflate
 0001:0002275C       deflateEnd
 0001:00021EAC       deflateInit_
 0002:000001F8       DefLongDayNames
 0002:000001AC       DefLongMonthNames
 0002:000001DC       DefShortDayNames
 0002:0000017C       DefShortMonthNames
 0001:0000572C       DefWindowProc
 0001:00000330       DeleteBlock
 0001:000002A0       DeleteCriticalSection
 0001:000052E4       DeleteCriticalSection
 0001:0000566C       DeleteDC
 0001:00054134       DeleteExtraFiles
 0001:00008B44       DeleteFile
 0001:000052EC       DeleteFile
 0001:00000AD8       DeleteFree
 0001:00005674       DeleteObject
 0001:00050DEC       DeleteTree
 0001:0003F0D4       DeleteVirtualFile
 0001:000488F0       DestroyDialogFonts
 0001:00005734       DestroyWindow
 0002:0000A9C8       DetailsActive
 0001:0004A540       DetailsState
 0001:0000573C       DialogBoxParam
 0002:0000A9D4       DialogHeight
 0002:0000A6EC       DialogType
 0002:00000054       dig
 0002:00000C5C       Digits
 0001:00042FBC       DirectoryExists
 0001:000074A8       DisableMemoryLeaksCheck
 0001:00005744       DispatchMessage
 0001:00008588       DivMod
 0001:00048360       DlgTemplate
 0002:000076C8       DllList
 0001:00009B8C       DoEncodeDate
 0001:00009A0C       DoEncodeTime
 0001:000635F4       Done
 0001:00018174       Done
 0001:0001F35C       Done
 0001:00007694       Done
 0001:0001DC54       Done
 0001:00061504       DoneCheckFreeze
 0002:0000A4B8       DoneExcept
 0001:000624D4       DoneExceptAddr
 0001:0000C3E8       DoneExceptions
 0001:00029420       DoneLib
 0001:00007234       DoneShareMem
 0002:00000308       DotSep
 0001:0000F654       DoWrite
 0001:00033AB8       DrawBmp
 0001:00034644       DrawBottom
 0001:0004F288       DrawButton
 0001:0004F11C       DrawClickHere
 0001:0004F098       DrawControl
 0001:000345CC       DrawFrame
 0001:0000574C       DrawIconEx
 0001:000346EC       DrawItem
 0001:00034698       DrawLine
 0001:0004D3B0       DrawSupportLink
 0001:00005754       DrawText
 0002:0000A537       DuplicatedException
 0001:000052F4       DuplicateHandle
 0001:00003CB4       DynArrayClear
 0001:00003CBC       DynArraySetLength
 0001:00027F24       EBase64
 0001:0001437C       EConsts
 0001:000181CC       ECore
 0001:0001C7A0       EDebug
 0001:0003C140       EDisAsm
 0001:00027C48       EEncrypt
 0001:000278F4       EHash
 0001:0000BDBC       EHeapException.FreeInstance
 0001:0001DD50       EHook
 0001:0002FE10       ElaborateString
 0001:00029C04       ElaborateURL
 0001:00029D6C       ElaborateWebPage
 0001:0001DE60       ELang
 0001:00007754       ELeaks
 0001:00034D0C       EListView
 0001:000339E0       ELogManager
 0001:0000575C       EmptyClipboard
 0002:00007410       EmptyParam
 0002:000000D4       EmptyStr
 0002:00000358       EMsgs
 0001:0000731C       EnableMemoryLeaksCheck
 0001:00005764       EnableWindow
 0001:00050D10       Encode
 0001:00009C54       EncodeDate
 0002:00004B48       EncodedChars
 0001:00009A7C       EncodeTime
 0001:00053B50       EncodeURL
 0001:0000576C       EndDialog
 0001:00005774       EndPaint
 0001:0000296C       EndThread
 0001:000052FC       EnterCriticalSection
 0001:00000290       EnterCriticalSection
 0001:00005304       EnumCalendarInfoA
 0001:0000B610       EnumEraNames
 0001:0000B64C       EnumEraYearOffsets
 0001:0003CBEC       EnumPrinters
 0001:0000530C       EnumSystemLocales
 0001:0000577C       EnumWindows
 0001:00040B68       EnumWindowsProc
 0001:000409FC       EnumWindowsProc
 0001:00040A54       EnumWindowsProc
 0001:00019134       Eof
 0002:0000760C       EraNames
 0001:0000ADA0       EraToYear
 0002:00007628       EraYearOffsets
 0002:0000004C       errCaption
 0001:000070FC       Error
 0001:00051BF0       Error
 0001:0000168C       Error
 0002:0000703C       ErrorAddr
 0001:0000BE68       ErrorHandler
 0002:00000214       ErrorMap
 0002:00007004       ErrorProc
 0002:00000B30       EShowOptions
 0001:0001F3BC       ESockets
 0001:00011A38       ETypes
 0002:00000350       EurekaLogCurrentVersion
 0002:0000A550       EurekaLogList
 0001:000524A0       EurekaLogSendEmail
 0002:00005E64       EurekaLogUnits
 0002:0000A578       EurekaLogUnitsList
 0001:000465F4       EurekaLog_AttachedFilesRequestEvent
 0001:0005F3C0       EurekaLog_CallCreateThread
 0001:0005EC18       EurekaLog_CallExceptObject
 0001:0005F4F8       EurekaLog_CallExitThread
 0001:0005EAC8       EurekaLog_CallGeneralRaise
 0001:0005F454       EurekaLog_CallResumeThread
 0001:0004673C       EurekaLog_CustomButtonClickEvent
 0001:00046550       EurekaLog_CustomDataRequestEventEx
 0001:00046698       EurekaLog_CustomWebFieldsRequestEvent
 0001:00046408       EurekaLog_ExceptionActionNotifyEvent
 0001:000464AC       EurekaLog_ExceptionErrorNotifyEvent
 0001:000462C0       EurekaLog_ExceptionNotifyEvent
 0001:00046364       EurekaLog_HandledExceptionNotifyEvent
 0001:000461AC       EurekaLog_PasswordRequestEvent
 0001:000461F0       EurekaLog_PasswordRequestEventEx
 0002:000008B8       EVals
 0002:00000BF0       EVariablesOptions
 0001:0002F210       EWebTools
 0001:0000B9AC       ExceptAddr
 0002:00007008       ExceptClsProc
 0001:0000C30C       ExceptHandler
 0001:0000BC30       Exception.Create
 0001:0000BC6C       Exception.CreateFmt
 0001:0000BCEC       Exception.CreateRes
 0001:0000BD28       Exception.CreateResFmt
 0002:0000A3F0       ExceptionActionNotify
 0002:00007010       ExceptionClass
 0002:0000A438       ExceptionCriticalSection
 0001:0000B9D0       ExceptionErrorMessage
 0002:0000A3F4       ExceptionErrorNotify
 0001:0003FD10       ExceptionLine
 0001:000639FC       ExceptionLog
 0001:000608D8       ExceptionManager
 0002:0000A3E8       ExceptionNotify
 0002:0000A470       ExceptionNumber
 0002:0000A590       ExceptionsTime
 0002:0000A594       ExceptionTime
 0001:00043544       ExceptionTypeByAddr
 0002:0000024C       ExceptMap
 0001:0005E17C       ExceptNotify
 0001:00055394       ExceptNotifyAfter1
 0001:00055490       ExceptNotifyAfter2
 0001:000554A4       ExceptNotifyAfter3
 0001:0000B994       ExceptObject
 0002:0000700C       ExceptObjProc
 0002:00007000       ExceptProc
 0002:00007034       ExitCode
 0001:00002768       ExitDll
 0002:00007038       ExitProc
 0001:0000014C       ExitProcess
 0001:00005314       ExitThread
 0001:00000144       ExitThread
 0001:0002F7B8       EXMLBuilder
 0001:000146A4       ExpandEnvVars
 0001:00008D88       ExpandFileName
 0001:00046C44       ExportedFunctions
 0001:00044694       ExtractDebugData
 0001:00008C74       ExtractFileDrive
 0001:00008D40       ExtractFileExt
 0001:00008D08       ExtractFileName
 0001:00005A98       ExtractFileName
 0001:00008C40       ExtractFilePath
 0001:00008DC4       ExtractFilePathNoDrive
 0001:00060CDC       ExtractGZipStream
 0001:00044C70       ExtractList
 0001:00008E98       ExtractRelativePath
 0001:00044204       ExtractStr
 0001:00015088       ExtractStringsEx
 0001:00049618       ExtractThreadByList
 0001:0003147C       ExtractValue
 0001:000280B4       EZip
 0001:00026DF8       EZlib
 0002:0000A78C       fActive
 0002:0000639C       fActivePage
 0002:0000A7A8       fBigFont
 0002:0000A790       fCaptionFont
 0002:0000A784       fDlgBack
 0001:000585EC       FetchStr
 0002:0000A798       fFixedFont1
 0002:0000A79C       fFixedFont2
 0001:000089D8       FileAge
 0001:000089D0       FileClose
 0001:00008948       FileCreate
 0001:000090C4       FileDateToDateTime
 0001:00008A40       FileExists
 0002:00007046       FileMode
 0001:00008908       FileOpen
 0001:0000896C       FileRead
 0001:000089C4       FileSeek
 0001:0000531C       FileTimeToDosDateTime
 0001:00005324       FileTimeToLocalFileTime
 0001:00008998       FileWrite
 0001:00000BC0       FillAfterGap
 0001:0004548C       FillAttachedList
 0001:00000B6C       FillBeforeGap
 0001:00000C58       FillerSizeAfterGap
 0001:00000BE8       FillerSizeBeforeGap
 0001:00005784       FillRect
 0001:00041BE0       FillThreadsCount
 0001:00028084       Finalization
 0001:00027EF4       Finalization
 0001:00018178       Finalization
 0001:0001C704       Finalization
 0001:0001C7B0       Finalization
 0001:0001C850       Finalization
 0001:0002F788       Finalization
 0001:00063A68       Finalization
 0001:0001DCFC       Finalization
 0001:00027C18       Finalization
 0001:0002F1C0       Finalization
 0001:000339B0       Finalization
 0001:000118DC       Finalization
 0001:0001F364       Finalization
 0001:0000E480       Finalization
 0001:00005A20       Finalization
 0001:0006384C       Finalization
 0001:0001DE30       Finalization
 0001:000278C4       Finalization
 0001:00011A08       Finalization
 0001:0000E038       Finalization
 0001:00034CDC       Finalization
 0001:0000DFA0       Finalization
 0001:0000771C       Finalization
 0001:00005234       Finalization
 0001:00026DC8       Finalization
 0001:000142F8       Finalization
 0001:00007A20       Finalization
 0001:0000DF68       Finalization
 0001:00004F98       Finalization
 0001:0003C0A4       Finalization
 0001:0000DDA8       Finalization
 0002:000074F0       FinalizationProc
 0001:00003CAC       FinalizeArray
 0001:00003F18       FindBS
 0001:00003EEC       FindClassHInstance
 0001:00008B28       FindClose
 0001:0000015C       FindClose
 0001:0000532C       FindClose
 0001:00000B3C       FindCommitted
 0001:0005396C       FindEOFLine
 0001:00029834       FindErrorMessage
 0001:00058DAC       FindException
 0001:00008AB4       FindFirst
 0001:00000164       FindFirstFile
 0001:00005334       FindFirstFile
 0001:00041E84       FindFullPath
 0001:000445F4       FindFunction
 0001:0003CC6C       FindHandled
 0001:00003EC4       FindHInstance
 0001:00006510       FindLeakAddress
 0001:00006720       FindLeakClassName
 0001:00006468       FindLeakSons
 0001:00062C1C       FindMainInstance
 0001:00008A50       FindMatchingFile
 0001:00040F58       FindModuleType
 0001:00008B04       FindNext
 0001:0000533C       FindNextFile
 0001:000063C4       FindNextValidLeak
 0001:000192A4       FindParam
 0001:00041B2C       FindProcess
 0001:00005344       FindResource
 0001:00003EF4       FindResourceHInstance
 0001:00033624       FindSection
 0001:00028F94       FindSelected
 0001:0000578C       FindWindow
 0001:000025EC       FInitUnits
 0002:0000A7B4       FixedFontName1
 0002:0000A7B8       FixedFontName2
 0002:0000A7AC       FixedFontSize
 0002:0000A9F0       FixedTmpOptionsFile
 0002:00007654       FLanguages
 0002:0000A7A0       fLinkFont
 0002:0000A7A4       fLinkFont2
 0002:0000A930       fListViewItems
 0002:00005548       FloatingPointOpcodes
 0001:0000DAA5       FloatToDecimal
 0001:0000D502       FloatToText
 0001:0000D7D2       FloatToTextFmt
 0001:0000534C       FlushInstructionCache
 0002:0000A788       fMemoBack
 0002:0000A910       fMonitor
 0002:0000A918       fMonitorInfo
 0002:00000170       FMSecsPerDay
 0001:00009864       FmtStr
 0001:00060824       ForceApplicationTermination
 0001:00009850       Format
 0002:00000178       Format
 0002:0000B268       Format
 0001:00009424       FormatBuf
 0001:00009418       FormatClearStr
 0001:00058A80       FormatComplete
 0001:0000AB34       FormatDateTime
 0001:000093AC       FormatError
 0002:00000168       FormatErrorStrs
 0001:0000992C       FormatFloat
 0001:00005354       FormatMessage
 0001:0001C100       FormatProcName
 0001:00009404       FormatVarToStr
 0001:00004A3C       FPower10
 0001:00005794       FrameRect
 0001:000069A8       FreeAllLeaks
 0001:0000D200       FreeAndNil
 0001:0003EAD8       FreeClonedObject
 0001:000008A8       FreeCommitted
 0001:00000DB0       FreeCurAlloc
 0001:00011868       FreeIntConstList
 0001:0000016C       FreeLibrary
 0001:0000535C       FreeLibrary
 0001:0003CEDC       FreeOutOfMemoryCache
 0001:00051BB4       FreeScreenshot
 0001:00000528       FreeSpace
 0001:0000CD30       FreeTerminateProcs
 0001:000113EC       FreeThreadWindow
 0002:0000A4FC       FreezeThread
 0002:0000A914       fSendBmp
 0002:0000A3C4       FtpOpenFile
 0001:0002EBF0       FTPUploadFiles
 0002:0000A794       fVariableFont
 0001:0004CBEC       GeneralDialogProc
 0001:0005E8A8       GeneralRaise
 0001:0003D7A4       GeneralToRTF
 0001:00060408       GenerateCallStack
 0001:00054AE8       GenerateCustomWebFieldsString
 0001:00042E98       GenerateHTML
 0001:0002A4AC       GenerateMultipartBoundary
 0001:0002E044       GenerateMultipartBoundary
 0001:0002E174       GenerateRequestBody
 0001:0002A600       GenerateRequestBody
 0001:0000537C       GetACP
 0001:0005628C       GetActiveControlClass
 0001:000562A4       GetActiveControlText
 0001:000561AC       GetActiveFormClass
 0001:000561F8       GetActiveFormText
 0001:00049CD0       GetActiveMonitorData
 0001:00057218       GetAdapterInfo
 0001:00041BAC       GetAllocatedMemory
 0001:00056DA8       GetApplicationName
 0001:00040ACC       GetApplicationRect
 0001:0005618C       GetApplicationUpTime
 0001:0001CFB8       GetAsmSize
 0001:0004815C       GetBaseOfStack
 0001:000002A8       GetBlockDesc
 0001:0004F200       GetBottonWidth
 0001:000059D0       GetBValue
 0001:00048038       GetCallStackByAddresses
 0001:0003F9FC       GetCallStackDump
 0001:0000579C       GetClassInfo
 0001:000057A4       GetClassName
 0001:00000244       GetCmdShow
 0001:00034B5C       GetColumnAlign
 0001:00034B30       GetColumnCount
 0001:00000174       GetCommandLine
 0001:0000538C       GetCommandLine
 0001:000006F4       GetCommitted
 0001:00000784       GetCommittedAt
 0001:000584C4       GetCompanyName
 0001:00056130       GetCompilationDate
 0001:0003D27C       GetCompleteTimeStr
 0001:00005394       GetComputerName
 0001:0005DC80       GetControlClass
 0001:0005DCD8       GetControlText
 0001:0000A038       GetCount
 0001:00005384       GetCPInfo
 0001:00026EA4       GetCRC16
 0001:00026E5C       GetCRC32
 0001:00009130       GetCurrentDir
 0001:0000539C       GetCurrentDirectory
 0001:0000567C       GetCurrentObject
 0001:000588A4       GetCurrentPrinterHandle
 0001:000053A4       GetCurrentProcess
 0001:000053AC       GetCurrentProcessId
 0001:000608D0       GetCurrentStackPointer
 0001:00048164       GetCurrentStackPointer
 0001:000053B4       GetCurrentThread
 0001:000044F0       GetCurrentThreadId
 0001:000053BC       GetCurrentThreadId
 0001:0003EAF8       GetCurrentTopOfStack
 0001:000582EC       GetCurrentUserPrivileges
 0001:000057AC       GetCursor
 0001:000057B4       GetCursorPos
 0001:0000629C       GetDataCaller
 0001:0000A064       GetDate
 0001:000053C4       GetDateFormat
 0001:0000ACC4       GetDateOrder
 0001:000057BC       GetDC
 0001:00047A54       GetDebugDetail
 0001:0005560C       GetDebugInfoEx
 0001:0004498C       GetDebugInfosByAddr
 0001:000443E0       GetDebugPartialInfo
 0001:00058680       GetDefaultPrinter
 0001:000057C4       GetDesktopWindow
 0001:0000568C       GetDeviceCaps
 0001:0004CFFC       GetDialogState
 0001:00005684       GetDIBits
 0001:000053CC       GetDiskFreeSpaceA
 0002:00000144       GetDiskFreeSpaceEx
 0001:00056B6C       GetDiskInfo
 0001:00058200       GetDisplayDPI
 0001:0005703C       GetDisplayMode
 0001:000057CC       GetDlgItem
 0001:0001EB28       GetDNSList
 0001:0001ECE4       GetDomain
 0001:0001EE50       GetDomainName
 0001:00059DC8       GetDump
 0001:00001DF0       GetDynaMethod
 0001:00059B08       GetEAX
 0001:00059B60       GetEBX
 0001:00059BB8       GetECX
 0001:00059CC0       GetEDI
 0001:0004F2F0       GetEditText
 0001:00059C10       GetEDX
 0001:000469F4       GetEF
 0001:0003AAC0       GetEffectiveAddress
 0001:00059D70       GetEIP
 0001:0005A038       GetEmptySection
 0001:0000E0A8       GetEnumName
 0001:000053D4       GetEnvironmentVariable
 0001:00014638       GetEnvVariable
 0001:0000B6C4       GetEraNamesAndYearOffsets
 0001:0000AD4C       GetEraYearOffset
 0001:00059C68       GetESI
 0001:00059D18       GetESP
 0001:0003F9EC       GetESP
 0001:000470EC       GetEurekaLogModuleVersion
 0001:000564A0       GetExceptionAddress
 0001:0000C030       GetExceptionClass
 0001:00056488       GetExceptionDate
 0001:00056978       GetExceptionMessage
 0001:000564D4       GetExceptionModuleName
 0001:00056594       GetExceptionModuleVersion
 0001:0000C210       GetExceptionObject
 0001:00056608       GetExceptionType
 0001:00048270       GetExceptMessage
 0001:000053DC       GetExitCodeProcess
 0001:000053E4       GetExitCodeThread
 0001:00028834       GetFieldValue
 0001:000053EC       GetFileAttributes
 0001:000297C8       GetFileContents
 0001:0002E108       GetFileContents
 0001:0001F910       GetFileSize
 0001:00041764       GetFileSize
 0001:0002EBB4       GetFileSize
 0001:000000EC       GetFileSize
 0001:000000E4       GetFileType
 0001:000576E4       GetFileVersionEx
 0001:000055F4       GetFileVersionInfo
 0001:000055FC       GetFileVersionInfoSize
 0001:000057D4       GetFocus
 0001:000057DC       GetForegroundWindow
 0001:0000C910       GetFormatSettings
 0001:00005E0C       GetFramesCallStackDump
 0001:00056C50       GetFreeDisk
 0001:00056ADC       GetFreeMemory
 0001:000053F4       GetFullPathName
 0001:000558D4       GetFunctionAsm
 0001:0001D0F0       GetFunctionSize
 0001:00015350       GetGMT
 0001:000059CC       GetGValue
 0001:000053FC       GetHandleInformation
 0001:0001C820       gethostbyname
 0001:0001C828       gethostname
 0001:00029E24       GetHTTPResponse
 0001:0002E448       GetHTTPResponse
 0001:000057E4       GetIconInfo
 0001:0001C420       GetImageNtHeaders
 0001:000578D8       GetIndexKeyName
 0001:0005E574       GetIntraWebExceptionType
 0001:00033A90       GetItemRect
 0001:0004BF1C       GetItemText
 0001:00001BBC       GetKeyboardType
 0001:0005643C       GetLanguageString
 0001:00005404       GetLastError
 0001:0000017C       GetLastError
 0001:000064C4       GetLeakCount
 0001:000291A4       GetListDefault
 0001:00028E20       GetListValue
 0001:0000B488       GetLocaleChar
 0001:00056310       GetLocaleDataA
 0001:000562D0       GetLocaleDataW
 0001:00000184       GetLocaleInfo
 0001:00005424       GetLocaleInfo
 0001:00005414       GetLocaleInfoA
 0001:0000541C       GetLocaleInfoW
 0001:0000B43C       GetLocaleStr
 0001:0000540C       GetLocalTime
 0001:00014CB0       GetLongNameFromShort
 0001:0000E2E8       GetLongStrProp
 0001:00040A34       GetMainWindow
 0001:00005694       GetMapMode
 0001:000277C4       GetMD5
 0001:00001648       GetMemoryManager
 0001:0000E408       GetMethodProp
 0001:0001F7B4       GetModifiedDate
 0001:00014C0C       GetModifiedDate
 0001:00041324       GetModuleDescriptionAndVersion
 0001:0000542C       GetModuleFileName
 0001:000050F8       GetModuleFileName
 0001:0000018C       GetModuleFileName
 0001:00000194       GetModuleHandle
 0001:00005100       GetModuleHandle
 0001:00005434       GetModuleHandle
 0001:00041118       GetModulePath
 0001:000411F4       GetModuleSize
 0001:00041A94       GetModulesList
 0001:00041904       GetModulesWin9X
 0001:000417A0       GetModulesWinNT
 0001:00041284       GetModuleVer
 0001:000455B0       GetModule_ProcedureEvent
 0001:00049F38       GetMonitorWorkAreaFromActiveWnd
 0001:00049F14       GetMonitorWorkAreaFromWnd
 0001:00049E2C       GetMonitorWorkAreaFromWndEx
 0001:0000B4EC       GetMonthDayNames
 0001:0001F050       GetMXBestRecord
 0001:0001EFB0       GetMXRecord
 0001:0001F140       GetMXServerFromEmail
 0001:00057560       GetNetworkData
 0001:00058620       GetNTDefPrinter
 0001:0000569C       GetObject
 0001:000062B0       GetObjectCaller
 0001:00051250       GetOptimizedPalette
 0001:00029080       GetOptionsDefault
 0001:000070B8       GetOptionsFromExeFile
 0001:00028C20       GetOptionsValue
 0001:0000E1F4       GetOrdProp
 0001:0003F5D8       GetOSBuild
 0001:00056470       GetOSCharset
 0001:00056464       GetOSLanguage
 0001:0003F2F4       GetOSType
 0001:000562BC       GetOSUpdate
 0001:0003CEC0       GetOutOfMemoryCache
 0001:00050E28       GetPaletteColors
 0001:0005608C       GetParameters
 0001:00001804       GetParamStr
 0001:00047418       GetPassword
 0001:000056A4       GetPixel
 0001:0003CC04       GetPrinterDriver
 0001:00058918       GetPrinterStr
 0001:0000543C       GetPriorityClass
 0001:00005444       GetPrivateProfileString
 0001:0000544C       GetProcAddress
 0001:0000019C       GetProcAddress
 0001:00042388       GetProcessesList
 0001:00056E5C       GetProcessor
 0001:000416D0       GetProcessThreads
 0001:000147A0       GetProfileFolder
 0001:00005454       GetProfileString
 0001:0000E188       GetPropInfo
 0001:00005E84       GetRawCallStackDump
 0001:0000701C       GetRawOptions
 0001:00014B34       GetReadableSize
 0001:00005B14       GetReadableSize
 0001:00044D9C       GetRealFileName
 0001:0003A468       GetRefAddress
 0001:0003A5C8       GetRegName
 0001:00043628       GetResourceData
 0001:00006FD4       GetResourceData
 0001:000059C8       GetRValue
 0001:0000E268       GetShortStrProp
 0001:0000E2AC       GetShortStrPropAsLongStr
 0001:00043970       GetSourceInfoByAddr
 0001:0000044C       GetSpace
 0001:000004B0       GetSpaceAt
 0001:00059FA8       GetStack
 0001:00056D90       GetStartDate
 0001:0000545C       GetStartupInfo
 0001:000001A4       GetStartupInfo
 0001:000000F4       GetStdHandle
 0001:000056AC       GetStockObject
 0001:0000E3C8       GetStrProp
 0001:000440A4       GetSymbolAddr
 0001:000057EC       GetSysColor
 0001:00005464       GetSystemDefaultLangID
 0001:000057F4       GetSystemMetrics
 0001:000056B4       GetSystemPaletteEntries
 0001:0000546C       GetSystemTime
 0001:00057000       GetSystemUpTime
 0001:000285E8       GetTagValue
 0001:00005474       GetTempPath
 0001:00028A14       GetTextAreaValue
 0001:000056BC       GetTextExtentPoint32
 0001:00048ED0       GetTextHeight
 0001:00049028       GetTextWidth
 0001:0000547C       GetThreadContext
 0001:000496B4       GetThreadData
 0001:000001AC       GetThreadLocale
 0001:00005484       GetThreadLocale
 0001:0005E4FC       GetThreadParams
 0001:0000548C       GetThreadPriority
 0001:00005494       GetTickCount
 0001:0000A09C       GetTime
 0001:0000526C       GetTokenInformation
 0001:0003F9F4       GetTopOfStack
 0001:00056CF0       GetTotalDisk
 0001:00056A4C       GetTotalMemory
 0001:0000E09C       GetTypeData
 0001:000584B0       GetUserEmail
 0001:00005274       GetUserName
 0001:0001485C       GetUserPath
 0001:0002A570       GetValueFromIndex
 0001:0000549C       GetVersionEx
 0001:00041708       GetVersionNumber
 0001:00057AA8       GetVideoCardStr
 0001:0001CBBC       GetVirtualMethod
 0001:0000E33C       GetWideStrProp
 0001:0000E37C       GetWideStrPropAsLongStr
 0001:000408A0       GetWindowClassName
 0001:000057FC       GetWindowDC
 0001:00005804       GetWindowLong
 0001:0000580C       GetWindowPlacement
 0001:00005814       GetWindowRect
 0001:000054A4       GetWindowsDirectory
 0001:0000581C       GetWindowText
 0001:00005824       GetWindowThreadProcessId
 0001:0001558C       GetWorkingFile
 0001:000054AC       GlobalAlloc
 0001:0000596C       GlobalAllocPtr
 0002:0000767C       GlobalFixupList
 0001:000054B4       GlobalFree
 0001:00005998       GlobalFreePtr
 0001:000054C4       GlobalHandle
 0001:000054BC       GlobalLock
 0001:000054CC       GlobalMemoryStatus
 0002:00007668       GlobalNameSpace
 0001:000054D4       GlobalReAlloc
 0001:0000597C       GlobalReAllocPtr
 0002:0000ADF0       GlobalSendValues
 0001:000054DC       GlobalUnlock
 0002:0000A768       Global_AttachedFiles
 0002:0000A70F       Global_CloseDialog
 0002:0000A75C       Global_CurrentEvent
 0002:0000A770       Global_DataFields
 0002:0000A734       Global_ExceptionRecord
 0002:0000A70C       Global_Execute
 0002:0000A70D       Global_Handled
 0002:00006394       Global_IntoHandleException
 0002:0000A778       Global_IntraWebText
 0002:0000A764       Global_LastInitPassword
 0002:0000A774       Global_Module
 0002:0000A760       Global_Password
 0002:0000A70E       Global_Retry
 0002:0000A76C       Global_WebFields
 0002:0000A77C       Global_WebTextID
 0001:0005E73C       GoNotify
 0002:00005388       GroupsOpcodes
 0002:000054C8       GroupsOperands
 0001:000623D0       HandleAnyExceptionAddr
 0002:0000A474       HandleAnyExceptionAddr_Variable
 0001:000069FC       HandleAnyLeak
 0001:00062474       HandleAutoExceptionAddr
 0002:0000A47C       HandleAutoExceptionAddr_Variable
 0001:00034554       HandleBackgroundState
 0002:0000A5D4       HandledCache
 0002:0000A5D0       HandledCacheCount
 0002:0000A6C4       HandledCacheCriticalSection
 0002:0000A3EC       HandledExceptionNotify
 0001:00006274       HandleError
 0001:0006241C       HandleOnExceptionAddr
 0002:0000A478       HandleOnExceptionAddr_Variable
 0001:00040864       HasWindowASize
 0002:00000004       HeapAllocFlags
 0002:00007430       heapErrorCode
 0002:00007434       heapLock
 0002:00000140       HexDisplayPrefix
 0002:000074D8       HInstance
 0001:00005958       HiWord
 0001:00046958       HookBPLProcedureByAddr
 0001:000469CC       HookBPLProcedureBySymbol
 0001:0001D7E4       HookDllProcedure
 0001:0005F518       HookedCreateThread
 0001:0005ED68       HookedExceptionObject
 0001:0005EF38       HookedExceptProc
 0001:0005F990       HookedExitThread
 0001:0005FA80       HookedHttpExtensionProc
 0002:000076CC       HookedMethodsList
 0002:000076C4       HookedProcedures
 0001:0005EBF8       HookedRaise
 0001:0005F774       HookedResumeThread
 0001:0005F15C       HookedRTLThreadProc
 0001:0005EE80       HookedRtlUnwind
 0001:0005F004       HookedThreadExecute
 0001:0005F28C       HookedThreadProc
 0001:0005FA4C       HookedWriteClientProc
 0001:0005EEA8       HookedWriteFile
 0001:00060A14       Hooked_CGIHandleServerException_D5Down
 0001:0006116C       Hooked_DoneExcept
 0001:0006113C       Hooked_IndyThreadHandleException
 0001:00060B28       Hooked_IntraWebCreateServer
 0001:00060E24       Hooked_IntraWebSendResponse
 0001:00060A44       Hooked_ISAPIHandleServerException_D5Down
 0001:00061088       Hooked_NTServiceLogMessage
 0001:00060A74       Hooked_VCLHandleException
 0001:00060AE8       Hooked_VCLShowException
 0001:00062BEC       HookingModuleName
 0001:00062C10       HookingRTLModuleName
 0001:00062660       HookLastFInit
 0001:00062644       HookLastInit
 0001:0001D3CC       HookProcedure
 0001:0001D4E0       HookProcedureEx
 0001:000468C0       HookSymbolProcedure
 0001:0001CC08       HookVirtualMethod
 0001:00062670       Hook_InitializationAndFinalization
 0001:00062810       Hook_OnExceptionEvents
 0001:000528CC       HostName
 0002:00003A04       HTMLChars
 0002:00003704       HTMLDelimiters
 0001:0001C7F8       htons
 0002:0000A3A0       HttpAddRequestHeaders
 0002:0000A3B0       HttpEndRequest
 0002:0000A39C       HttpOpenRequest
 0002:0000A3B4       HttpQueryInfo
 0002:0000A3A4       HttpSendRequest
 0002:0000A3A8       HttpSendRequestEx
 0001:0002E6FC       HTTPUploadFiles
 0002:000063AC       IDATHeader
 0001:00050CC8       IDATWrite
 0002:0000A700       IDC_CURSOR
 0001:0003D044       ifelseStr
 0001:0003D0BC       ifStr
 0002:000063B8       iLevel
 0001:00033D48       ImageList_Add
 0001:00033D40       ImageList_Create
 0001:00033D50       ImageList_Destroy
 0001:00055774       ImmidiateDataProc
 0002:00000174       IMSecsPerDay
 0002:0000A574       InactiveThreads
 0001:00017C4C       IncludeLastBackslash
 0002:0000A5A4       IndyHooked
 0002:0000A4B4       IndyThread_HandleException
 0002:0000A498       Indy_OnException
 0001:000238C0       inflate
 0001:00024778       inflateEnd
 0001:0001F4E0       InflateInit
 0001:00023688       inflateInit_
 0001:00023500       inflateReset
 0001:000148DC       IniDir
 0001:0001F354       Init
 0001:00018168       Init
 0001:0001DC20       Init
 0001:000074C8       Init
 0001:00062DE4       Init
 0001:00000934       InitAllocator
 0001:00061458       InitCheckFreeze
 0002:000074A0       InitContext
 0001:00050BCC       InitDeflate
 0001:0000CD50       InitDriveSpacePtr
 0001:0000C31C       InitExceptions
 0001:000054E4       InitializeCriticalSection
 0001:00000288       InitializeCriticalSection
 0002:0000742C       initialized
 0002:00000E88       Initialized
 0002:00006374       Initialized
 0001:000051B4       InitializeModule
 0001:00027AB4       InitKey
 0001:00029438       InitLib
 0001:0000C454       InitPlatformId
 0001:00051408       InitScreenshot
 0001:00007140       InitShareMem
 0001:0000C858       InitSysLocale
 0001:00005120       InitThreadTLS
 0001:0000264C       InitUnits
 0002:0000704C       Input
 0001:00049FB0       InsertColumn
 0001:00000D28       InsertFree
 0001:0003CDC4       InsertHandled
 0002:00007524       InstallNewMemoryManager
 0001:00062C04       InstanceModuleName
 0002:00007678       IntConstList
 0001:00005364       InterlockedDecrement
 0001:0000536C       InterlockedExchange
 0001:00005374       InterlockedIncrement
 0001:0001DFE4       InternalCleanup
 0001:0003FE94       InternalCriticalError
 0001:00009CC8       InternalDecodeDate
 0002:0000A548       InternalErrorCode
 0002:0000A54C       InternalErrorMsg
 0001:0005C990       InternalExceptNotify
 0001:000425A4       InternalFileExists
 0001:00000B9C       InternalFreeMem
 0002:000076B0       InternalIntoIDE
 0001:00051BFC       InternalSendMail
 0001:0001DFB4       InternalStartup
 0001:00061BEC       Internal_AddLeak
 0001:0000683C       Internal_AddLeak
 0001:0006231C       Internal_Finalization
 0001:00062304       Internal_MultiFreeProc
 0001:000622EC       Internal_OverrunProc
 0001:00061898       Internal_ResetLeaks
 0001:00006828       Internal_ResetLeaks
 0001:000068EC       Internal_ShowLeaks
 0001:00061D6C       Internal_ShowLeaks
 0002:0000A3B8       InternetCloseHandle
 0002:0000A398       InternetConnect
 0002:0000A3D4       InternetGetConnectedState
 0002:0000A3C8       InternetGetLastResponseInfo
 0002:0000A394       InternetOpen
 0002:0000A3CC       InternetOpenUrl
 0002:0000A3BC       InternetQueryOption
 0002:0000A3D0       InternetReadFile
 0002:0000A3C0       InternetSetOption
 0002:0000A3AC       InternetWriteFile
 0002:0000A4CD       IntoFinalization
 0001:00015390       IntoIDE
 0002:0000A4CC       IntoInitialization
 0002:0000A4D4       IntraWebApplication
 0002:0000A4DC       IntraWebCompressedPage
 0002:0000A4D8       IntraWebServerController
 0001:00062730       IntraWeb_BPL
 0002:0000A48C       IntraWeb_CreateServer
 0002:0000A4E4       IntraWeb_NewEvent
 0001:0005E6D8       IntraWeb_OnExceptionEvent
 0001:0005E658       IntraWeb_OnExceptionEvent_New
 0001:0005E5D0       IntraWeb_OnExceptionEvent_Old
 0002:0000A494       IntraWeb_OnException_New
 0002:0000A490       IntraWeb_OnException_Old
 0002:0000A4A4       IntraWeb_SendResponse
 0002:0000A4A0       IntraWeb_ShowMessage
 0002:0000A4E0       IntraWeb_Version
 0001:00008838       IntToHex
 0001:00008874       IntToHex
 0001:000087D4       IntToStr
 0001:00008804       IntToStr
 0001:0000582C       InvalidateRect
 0001:00005834       InvalidateRgn
 0002:00007650       InvalidPointer
 0001:0001C800       ioctlsocket
 0001:000017AC       IOResult
 0001:000063D4       IsALeakChild
 0001:00040B50       IsANewProcessWindow
 0001:0003ED70       IsAParent
 0001:00005CC8       IsAParentClassStr
 0001:0003EC60       IsAParentClassStr
 0001:0003EE34       IsAParentClassStr_Unsafe
 0001:0003EDE0       IsAParents
 0001:0003ED48       IsAParentStr
 0001:0003EF14       IsAParentStr_Unsafe
 0002:0000A4BC       ISAPIHandleException_D5Down
 0002:0000A428       ISAPI_HttpExtensionProc
 0002:0000A430       ISAPI_Proc
 0002:00006360       ISAPI_SendError
 0002:0000A42C       ISAPI_WriteClientProc
 0001:000408EC       IsApplicationWindow
 0001:000054EC       IsBadReadPtr
 0001:0005C708       IsBorlandThread
 0001:00042570       IsCGI
 0001:00058D14       IsCompatibleException
 0001:0003EA74       IsCompatibleVersion
 0001:00043530       IsCompiledWithPackages
 0001:00007304       IsCompiledWithPackages
 0002:00007044       IsConsole
 0001:00040B38       IsCurrentProcessWindow
 0001:0003E974       IsDebugged
 0001:00019148       IsDecDigit
 0001:0003F9D8       IsDelphiException
 0002:0000A9D0       IsDialogShowed
 0001:00028554       IsEnd
 0001:000608C8       IsEurekaLogActive
 0001:00060868       IsEurekaLogActiveInThread
 0001:000470B8       IsEurekaLogCompatibleModule
 0001:00060214       IsEurekaLogInstalled
 0001:00047094       IsEurekaLogModule
 0001:00047004       IsEurekaLogModule_New
 0001:00046EEC       IsEurekaLogModule_Old
 0001:00046A04       IsExceptionHandled
 0001:00015570       IsFileOK
 0002:0000A6ED       IsFilterDialog
 0001:000427E4       IsGUI
 0001:0005E108       IsHandledSafeCallException
 0001:00060C5C       IsHTMLPage
 0001:0000583C       IsIconic
 0001:00006EF0       IsIntoIDE
 0001:000427AC       IsIntraWeb
 0001:00042770       IsISAPI
 0001:00009B50       IsLeapYear
 0002:00007028       IsLibrary
 0001:000434D4       IsLocalStorageProc
 0001:0005C6F8       IsMainThread
 0001:0004095C       IsMainWindow
 0001:0003EF30       IsManageableObject
 0002:0000752C       IsMMHost
 0001:00040E7C       IsModuleLibrary
 0002:00007045       IsMultiThread
 0001:00005ADC       IsObjectCreation
 0001:00048B84       ISODateTime
 0001:00015514       IsReadableFile
 0001:000297AC       IsRealFile
 0001:00043524       IsRTLCompiledWithStackFrames
 0001:000434F4       IsStackFramesProc
 0001:00005B9C       IsValidBlockAddr
 0001:00014BBC       IsValidBlockAddr
 0001:00005C78       IsValidClass
 0001:0003EB60       IsValidClass
 0001:0001EA9C       IsValidDNS
 0001:0004F428       IsValidEmail
 0001:0003E9E4       IsValidHandle
 0001:0003CFE4       IsValidModule
 0001:0003EC34       IsValidObject
 0001:0003EA44       IsValidRunningThread
 0001:000427B8       IsWeb
 0001:0003F2A0       IsWin95
 0001:0001D720       IsWin9xDebugThunk
 0001:00042614       IsWinCGI
 0001:00005844       IsWindow
 0001:0005C724       IsWindowsThread
 0001:0000584C       IsWindowVisible
 0001:0003F2BC       IsWinNT4
 0001:00017CFC       IsWinVista
 0001:0003F2D8       IsWinVista
 0001:0001547C       IsWritableFile
 0001:00043590       Is_HandleOnException_Handled
 0002:0000000C       JITEnable
 0001:0001CE00       JumpToMem
 0002:0000A418       Kernel_CreateThread
 0002:0000A420       Kernel_ExitThread
 0002:0000A410       Kernel_RaiseException
 0002:0000A41C       Kernel_ResumeThread
 0002:0000A414       Kernel_RtlUnwind
 0002:0000A424       Kernel_WriteFile
 0002:0000A378       KeyData
 0001:00040C98       KillApplication
 0001:00005854       KillTimer
 0002:0000A46C       LanguageStr
 0002:0000A6E8       LastBugID
 0001:00008B5C       LastDelimiter
 0002:0000A518       LastDelphiException
 0002:0000A5A8       LastDumpCriticalSection
 0002:000076A8       LastEurekaVersion
 0002:0000A508       LastExceptAddr
 0002:00006378       LastExceptionAddress
 0002:0000A5C4       LastExceptionCallStackAddress
 0002:0000A5CC       LastExceptionCallStackDump
 0002:0000A5C8       LastExceptionCallStackSize
 0002:0000A528       LastExceptionLog
 0002:0000A6E4       LastExceptionMessage
 0002:0000637C       LastExceptionObject
 0002:0000A524       LastExceptionRecord
 0002:0000A5C0       LastExceptionThreadID
 0002:0000A6E0       LastExceptionType
 0002:0000A51C       LastExceptMessage
 0002:0000A514       LastExceptObject
 0002:0000A510       LastExceptThreadID
 0002:0000A488       LastFinalizationPtr
 0002:0000A4C4       LastHTMLPage
 0002:0000A484       LastInitializationPtr
 0002:0000A4C8       LastInitPointer
 0002:0000A52C       LastLog
 0002:00000120       LeadBytes
 0002:0000A6F8       LeakAddr
 0001:00006A84       LeaksCheck
 0002:00007526       LeaksOptions
 0002:00006370       LeaksStackList
 0002:0000A6F4       LeakTotalCount
 0002:0000A6F0       LeakTotalSize
 0001:000054F4       LeaveCriticalSection
 0001:00000298       LeaveCriticalSection
 0002:0000A97C       LeftButton
 0002:00000014       LibModuleList
 0002:0000A974       ListHeight
 0002:00007644       ListSeparator
 0002:0000A970       ListWidth
 0001:0003D53C       Load
 0001:0000585C       LoadBitmap
 0001:00005864       LoadCursor
 0001:000474A8       LoadData
 0001:000472BC       LoadData_Old
 0001:000478B4       LoadDebugInformation
 0001:00062C8C       LoadFromFile
 0001:000054FC       LoadLibrary
 0001:000001B4       LoadLibraryEx
 0001:00005504       LoadLibraryEx
 0001:0000550C       LoadResource
 0001:000040D4       LoadResourceModule
 0001:0000443C       LoadResString
 0001:0003F1CC       LoadSharedDataEx
 0001:000001BC       LoadString
 0001:0000586C       LoadString
 0001:000453F4       LoadTextFile
 0001:00005108       LocalAlloc
 0001:00000268       LocalAlloc
 0001:00056354       LocalesCallback
 0001:00000270       LocalFree
 0001:0000B4B0       LocalGetLocaleStr
 0001:00005DD0       LockCheck
 0001:0005E730       LockCheck
 0001:00005514       LockResource
 0001:00005DDC       LockVariable
 0001:00053AFC       LogFileMessage
 0001:00052904       LoggedUserName
 0001:00042564       LogicToPhysicAddr
 0002:00007550       LongDateFormat
 0002:000075E4       LongDayNames
 0002:00007598       LongMonthNames
 0002:00007564       LongTimeFormat
 0001:0000527C       LookupPrivilegeName
 0001:00008678       LowerCase
 0001:00026EF0       LRot32
 0001:000001C4       lstrcpy
 0001:000001CC       lstrcpyn
 0001:000001D4       lstrlen
 0001:0004BCA4       MailSlotSend
 0002:0000A9CC       MainDialog
 0002:00007020       MainInstance
 0002:0000A500       MainThreadHandle
 0002:00007024       MainThreadID
 0002:0000A504       MainThreadTopOfStack
 0001:000002F8       MakeEmpty
 0001:00002718       MakeErrorMessage
 0001:0000594C       MakeLong
 0001:00026E00       make_crc_table
 0002:0000A6FC       ManualAntiFreeze
 0001:0000BFB0       MapException
 0001:00045F1C       MappedExceptionObject
 0001:00002468       MapToRunError
 0001:0000551C       MapViewOfFile
 0002:000063B0       Mask
 0001:00018DA4       Max
 0002:00001FBC       MaxBugOccurrences
 0001:00046BC8       MaxReadableSize
 0002:0000001C       MemoryManager
 0002:00006390       MemoryOverrunExceptionText
 0002:00007528       MemoryPages
 0001:00000348       MergeBlockAfter
 0001:00000DFC       MergeCommit
 0001:00005874       MessageBeep
 0001:00000154       MessageBox
 0001:0000587C       MessageBox
 0001:0000DF98       Messages
 0001:00018DAC       Min
 0001:0003A570       ModRM
 0001:0001CE7C       ModRMByte
 0002:000000A8       Module
 0001:0004AAA4       ModuleBmp
 0001:0003CEF8       ModuleFileName
 0001:0001C4F4       ModuleFileName
 0001:0001CE20       ModuleFileName
 0001:00040E68       ModuleInfoByAddr
 0001:00040DAC       ModuleInfoByHandle
 0002:0000A580       ModuleInfoData
 0002:00006384       ModuleInfoHandle
 0001:00042554       ModuleInitTable
 0002:000074CD       ModuleIsCpp
 0002:000074CC       ModuleIsLib
 0001:0000727C       ModuleName
 0002:00006364       ModulesList
 0001:0004AB9C       ModulesListDialogProc
 0001:000118D4       ModuleUnload
 0002:00000018       ModuleUnloadList
 0002:0000A9DC       MonitorRect
 0002:000000F0       MonthDays
 0001:000017C4       Move
 0001:00005524       MoveFile
 0001:00005884       MoveWindow
 0001:0000588C       MsgWaitForMultipleObjects
 0001:0000552C       MulDiv
 0001:000001DC       MultiByteToWideChar
 0002:0000638C       MultiFreeExceptionText
 0002:000074EC       MultiFreeProc
 0002:0000A758       MustFreeGlobalMappedObject
 0001:0005C774       MustPauseThisThread
 0001:0005C5C8       MustRestoreApplication
 0001:0005C588       MustSendMessage
 0001:0002F898       NeedConvertNotDosText
 0002:00007545       NegCurrFormat
 0002:000036F0       NetLib
 0001:00000E88       NewCommit
 0001:00000EB4       NewCommitAt
 0001:000490EC       NewDialogProc
 0001:0004D48C       NewDialogProc
 0001:000507B0       NewDialogProc
 0001:00006328       NewFreeMem
 0001:000062BC       NewGetMem
 0002:000000C8       NewMemoryManager
 0001:0004F6F8       NewMSDialogProc
 0001:00006354       NewReallocMem
 0001:00047BE8       NextItem
 0002:00000C7C       NoChars
 0002:00000010       NoErrMsg
 0002:0000A7BC       NonClientMetrics
 0001:000335A4       NormalizePos
 0002:0000A705       NoSynchronizeEvent
 0001:00001F60       NotifyAnyExcept
 0001:00001F38       NotifyExcept
 0001:00001F94       NotifyExceptFinally
 0001:00004360       NotifyModuleUnload
 0001:00001F18       NotifyNonDelphiException
 0001:00001F4C       NotifyOnExcept
 0001:00001EFC       NotifyReRaise
 0001:00001FBC       NotifyTerminate
 0001:00001FD8       NotifyUnhandled
 0002:0000A57D       NotLoadDebugInfo
 0001:00009F24       Now
 0002:0000A4B0       NTService_LogMessage
 0002:00007400       Null
 0001:00005894       OffsetRect
 0002:0000A460       OldExceptObjProc
 0002:0000A450       OldExceptProc
 0002:0000A9D8       OldForegroundWnd
 0002:0000A710       OldGlobal_ExceptionRecord
 0002:00007504       OldMemoryManager
 0001:000035FC       OleStrToStrVar
 0001:0005565C       OnCallInstr
 0002:00004B88       OneByteOpcodes
 0001:0003D13C       OneString
 0002:0000A4F8       OnlySafeCallExceptions
 0001:0005576C       OnRefProc
 0002:00000D48       OpCodeLongJump1Byte
 0002:00000D68       OpCodeLongJump2Bytes
 0002:00000CE8       OpCodePrefixes
 0002:00000D28       OpCodeReturn
 0002:00000D08       OpCodeShortJump
 0001:0000589C       OpenClipboard
 0002:00006398       Opened_LogFile_Name
 0001:0004BD9C       OpenIDEEditor
 0001:00044A34       OpenLogFile
 0001:0003CBF4       OpenPrinter
 0001:00005534       OpenProcess
 0001:00005284       OpenProcessToken
 0001:0002E500       OpenRequest
 0001:0003B030       Operand
 0002:0000A95C       OriginalHeight
 0002:00007530       OriginalMemMgr
 0002:0000A4D0       OriginalThreadProc
 0002:0000A958       OriginalWidth
 0001:000578A4       OSSupportDisplayAPI
 0002:0000764C       OutOfMemory
 0002:0000A708       OutOfMemoryCache
 0002:00007218       Output
 0001:0000553C       OutputDebugString
 0002:000074E8       OverrunProc
 0002:00001EEC       p
 0001:0000187C       ParamCount
 0001:000018DC       ParamStr
 0001:00029310       ParserHTML
 0002:00003700       PassiveMode
 0002:0000A3F8       PasswordRequest
 0001:000058A4       PeekMessage
 0001:0001A874       PEInitialize
 0001:0001A7D8       PeMapImgFindSection
 0001:0001A830       PeMapImgNtHeaders
 0001:0001D734       PeMapImgNtHeaders
 0001:0001A7C4       PeMapImgSections
 0002:0000B254       PNG_Bitmap
 0002:0000AE0C       PNG_ColoursCount
 0002:0000AE38       PNG_CRCList
 0002:000063A0       PNG_CRCListed
 0002:0000B248       PNG_Cursor
 0002:0000AE1C       PNG_Data
 0002:0000AE14       PNG_DataSize
 0002:0000B250       PNG_DCCompatible
 0002:0000B24C       PNG_DCScreen
 0002:0000AE34       PNG_Encode_Data
 0002:0000AE30       PNG_Encode_Filter
 0002:0000B244       PNG_FocusWnd
 0002:0000AE20       PNG_HeaderData
 0002:0000B25C       PNG_Height
 0002:0000B240       PNG_HWindow
 0002:0000AE18       PNG_ImgData
 0002:0000B238       PNG_pal
 0002:0000AE10       PNG_RowBytes
 0002:0000B23C       PNG_UsePal
 0002:0000B258       PNG_Width
 0001:00040B98       PopulateCurrentProcessWindows
 0001:00014EDC       PosEx
 0001:000058AC       PostMessage
 0001:00054FEC       PrepareFilesToSend
 0002:00000334       Priorities
 0001:000415CC       PriorityToString
 0001:000526C4       ProcessDialogMessages
 0002:00006368       ProcessesList
 0001:0004B2D0       ProcessesListDialogProc
 0001:000510CC       ProcessImage
 0001:00048088       ProcessMessage
 0001:0005E004       ProcessMessages
 0001:00010E70       PropValueError
 0002:000036F8       ProxyPassword
 0002:000036FC       ProxyServer
 0002:000036F4       ProxyUserName
 0001:000058B4       PtInRect
 0002:00000CBC       PublicsByNameHeader
 0002:00000CCC       PublicsByValueHeader
 0001:00047C58       PurgeCallStack
 0001:00005EDC       PurgeCallStack
 0001:00006900       PurgeCallStacks
 0001:000283C4       PurgeHTMLCode
 0001:000067AC       PurgeInvalidLeaks
 0001:0005C620       PurgeModulesList
 0001:000287DC       PurgeQuotes
 0001:00055FC0       PurgeString
 0001:0000F134       QuickSort
 0001:00014F74       QuickStringReplace
 0001:0000BF58       RaiseAssertException
 0002:0000A50C       RaisedExceptAddr
 0001:000000FC       RaiseException
 0001:0000CC88       RaiseLastWin32Error
 0001:00001680       RaiseList
 0002:00007040       RandSeed
 0002:0000A944       rClick
 0001:00046C24       ReadAddr
 0001:00019238       ReadAddress
 0001:0003A448       ReadByte
 0001:00019188       ReadDecValue
 0001:0003A408       ReadDWord
 0001:000579C0       ReadDWordKey
 0001:00043670       ReadEncodeString
 0001:00010E58       ReadError
 0001:00000104       ReadFile
 0001:00005544       ReadFile
 0001:000191BC       ReadHexValue
 0001:000151A8       ReadKey
 0001:0003A6DC       ReadSib
 0001:0004A07C       ReadState
 0001:00014954       ReadString
 0001:00019274       ReadString
 0001:00016428       ReadString
 0001:0001915C       ReadTextLine
 0001:0003A428       ReadWord
 0001:000623BC       RealAddr
 0002:0000A96C       RealHeight
 0002:0000A960       RealLeft
 0001:00041E38       RealPriority
 0001:000450D8       RealTmpLastHTMLPage
 0002:0000A964       RealTop
 0002:0000A968       RealWidth
 0001:0000EDCC       Rect
 0001:0001C808       recv
 0001:00051014       ReduceTree
 0002:000073EC       RefAnyProc
 0001:0000528C       RegCloseKey
 0001:000001E4       RegCloseKey
 0001:00005294       RegEnumKeyEx
 0001:000058BC       RegisterClass
 0001:000043BC       RegisterModule
 0001:0000529C       RegOpenKeyEx
 0001:000001EC       RegOpenKeyEx
 0001:000052A4       RegQueryValueEx
 0001:000001F4       RegQueryValueEx
 0001:000058C4       ReleaseDC
 0001:0001D248       RelocateMemory
 0002:00007484       remBytes
 0001:000003BC       RemoveBlock
 0001:00006800       RemoveExtraLeaks
 0001:00010D28       RemoveFixupReferences
 0001:00010DD4       RemoveFixups
 0001:000574E0       RemoveLastSeparator
 0001:00006980       RemoveLeaksSons
 0001:00006650       RemoveMemBlock
 0001:000042D8       RemoveModuleUnloadProc
 0001:00004300       RemoveModuleUnloadProc
 0001:000115E4       RemoveThread
 0001:0003B9CC       Replacer
 0001:00048B08       ResetAutoCloseTimer
 0001:00052940       ResetCounting
 0001:0000554C       ResetEvent
 0001:0005DFC0       ResetGlobalVars
 0002:000074F4       ResetLeaks
 0001:00001334       ResizeInPlace
 0002:00000CDC       ResourceFilesHeader
 0001:000460B8       RestoreGlobalExceptionRecord
 0001:00005554       ResumeThread
 0001:0000EF7C       ReturnAddr
 0001:0000BBD0       ReturnAddr
 0001:0000F7B4       ReturnAddr
 0001:0003F60C       RFCDate
 0001:000059AC       RGB
 0001:000468A0       RoundMatch
 0001:000468B8       RoundMatchPtr
 0002:00007480       rover
 0002:0000A934       rSupport
 0001:0003D588       RTF_LoadFromStream
 0001:0003D5B4       RTF_LoadFromText
 0001:0000010C       RtlUnwind
 0002:0000002C       runErrMsg
 0001:0000245C       RunErrorAt
 0002:00007014       SafeCallErrorProc
 0001:00017F94       SafeExec
 0001:00018E30       SafeLoadFromFileToStream
 0001:00008708       SameText
 0002:0000AE08       SavedLastHTMLPage
 0001:00044EB0       SavedScreenshot
 0001:00045FF0       SaveGlobalExceptionRecord
 0001:00058BAC       SaveLogFile
 0001:0004A330       SaveState
 0001:0000AB48       ScanBlanks
 0001:0000AC8C       ScanChar
 0001:0000ADFC       ScanDate
 0001:0000AB6C       ScanNumber
 0001:0000AC00       ScanString
 0001:0000B138       ScanTime
 0001:0000AD10       ScanToNumber
 0001:000058CC       ScreenToClient
 0001:00018DB4       SearchDynArray
 0001:0002FF84       SearchItem
 0001:0002FA78       SearchNextItem
 0001:00029B4C       SearchPort
 0001:00000EE8       SearchSmallBlocks
 0001:00029ABC       SearchWord
 0001:000197E4       Search_MapLineNumber
 0001:000199B0       Search_MapProcName
 0002:00000CAC       SegmentsHeader
 0001:000056C4       SelectObject
 0001:000056CC       SelectPalette
 0001:0001C810       send
 0001:00052CEC       SendCommandEx
 0001:000542B8       SendEmailMessage
 0001:00055340       SendInternetMessage
 0001:000058D4       SendMessage
 0001:000058DC       SendMessageTimeout
 0001:00054EA0       SendWebMessage
 0001:0002DF04       SendWebTrakerReport
 0002:0000A434       ServerECB
 0001:00048AC4       SetAutoCloseTimer
 0001:00048B54       SetAutoTopMost
 0001:000056D4       SetBkColor
 0001:000056DC       SetBkMode
 0001:000058E4       SetClipboardData
 0001:00040BB4       SetClipboardText
 0001:0005291C       SetCounting
 0001:000058EC       SetCursor
 0001:0004825C       SetCustomErrorMessage
 0001:00062BD0       SetDebugHook
 0001:0004A02C       SetDialogRect
 0001:0004A4C8       SetDialogState
 0001:000056E4       SetDIBColorTable
 0001:00000114       SetEndOfFile
 0001:0000555C       SetEndOfFile
 0001:00005564       SetEnvironmentVariable
 0001:0005C7CC       SetEnvVariables
 0001:0005447C       SetError
 0001:00040768       SetErrorType
 0001:000608C0       SetEurekaLogState
 0001:0000556C       SetEvent
 0001:0003E920       SetEventAddr
 0001:000025A4       SetExceptionHandler
 0001:00005574       SetFilePointer
 0001:0000011C       SetFilePointer
 0001:000058F4       SetFocus
 0001:000058FC       SetForegroundWindow
 0001:00054924       SetFullURL
 0001:0005E0A0       SetHandledWithEurekaLog
 0001:0005EFC0       SetIndyEvent
 0001:00048940       SetInitDialog
 0001:000016F0       SetInOutRes
 0001:00040618       SetInternalError
 0001:0005E6EC       SetIntraWebEvent
 0001:0003CD70       SetItem
 0001:0005EBE8       SetLastECX
 0001:0000557C       SetLastError
 0001:00048154       SetLastException
 0001:0004812C       SetLastExceptionData
 0001:000455A8       SetLastExceptionObject
 0001:0004816C       SetLastExceptStack
 0001:0005EBD8       SetLastStackPointer
 0001:000623C0       SetMainThreadTopOfStack
 0001:000056EC       SetMapMode
 0001:00001664       SetMemoryManager
 0001:0000E448       SetMethodProp
 0001:000060D8       SetOurPointer
 0001:0002E020       SetProxyAuthenticationData
 0001:0002DFB4       SetProxyServer
 0001:0004829C       SetRectangles
 0001:0004D2E4       SetRectangles
 0001:00050714       SetRectangles
 0001:0003D664       SetRTFBackColor
 0001:0005285C       SetSendDialogBar
 0001:00052730       SetSendDialogLabel
 0001:00052824       SetSendDialogSingleLabel
 0001:000056F4       SetTextColor
 0001:00005584       SetThreadPriority
 0001:00005904       SetTimer
 0001:0001CBC4       SetVirtualMethod
 0001:0005496C       SetWebTrakerError
 0001:0000590C       SetWindowLong
 0001:00005914       SetWindowPlacement
 0001:0000591C       SetWindowPos
 0002:00000154       ShareMode
 0001:0001C7E0       ShellAPI
 0001:0001C7A8       ShellExecute
 0001:00053C34       ShellSendMail
 0001:000490AC       ShiftWndBottom
 0002:0000754C       ShortDateFormat
 0002:000075C8       ShortDayNames
 0002:00007568       ShortMonthNames
 0002:00007560       ShortTimeFormat
 0001:0005046C       ShowDialog
 0002:00005E60       ShowEurekaLogUnits
 0001:0000BB58       ShowException
 0002:0000A9C9       ShowInDetailsMode
 0002:000074F8       ShowLeaks
 0001:0004949C       ShowRequestDialog
 0001:00050A78       ShowSendDialog
 0001:000509F4       ShowSendDialogThread
 0001:0005C678       ShowType
 0001:00005924       ShowWindow
 0001:0003A59C       Sib
 0001:0001CE64       SIDSize
 0001:0003A368       SignedIntToHex
 0001:0002DF9C       SimpleCheckError
 0001:00019BA8       SimpleCryptString
 0001:0003D234       SimpleWord
 0001:0000558C       SizeofResource
 0001:000110D0       SkipBinary
 0001:0001107C       SkipBytes
 0001:000110F8       SkipCollection
 0001:00019114       SkipEndLine
 0001:00011054       SkipList
 0001:000190F4       SkipWhiteSpace
 0001:00005594       Sleep
 0002:0000748C       smallTab
 0001:00053B3C       SMTPSend
 0001:00053598       SMTPSendEmail
 0001:00052D6C       SMTPSendSingleEmail
 0001:0001C818       socket
 0002:00007454       spaceRoot
 0001:00008E2C       SplitDirs
 0001:0003EB00       StandardIsValidClass
 0001:0005589C       StartComment
 0002:0000A538       StartDir
 0002:0000A458       StartingDate
 0001:0003F104       StoreSharedDataEx
 0001:0000936C       StrAlloc
 0001:0000C550       StrByteType
 0001:000091C8       StrCopy
 0001:00009248       StrIComp
 0001:00010738       StringListAnsiCompare
 0001:0001BFFC       StringReplace
 0001:00003620       StringToOleStr
 0001:00009288       StrLComp
 0001:000091F0       StrLCopy
 0001:00009174       StrLen
 0001:0000981C       StrLFmt
 0001:000092B0       StrLIComp
 0001:0000918C       StrMove
 0001:00009380       StrNew
 0001:00009224       StrPCopy
 0001:00009318       StrPos
 0001:000092F8       StrScan
 0001:0001638C       StrToBin
 0001:0000B32C       StrToDateTime
 0001:000088B4       StrToInt
 0001:000088F0       StrToIntDef
 0001:0001ECC8       StrToWord
 0002:0000A954       SupportLinkActive
 0001:0000559C       SuspendThread
 0001:00027920       SwapDWord
 0001:000467EC       SynchronizeEvent
 0002:0000A53C       SynchronizeExcept
 0002:0000A540       SynchronizeRaise
 0001:000192C4       SyncToHeader
 0001:0001938C       SyncToPrefix
 0001:0000020C       SysAllocStringLen
 0001:00007A50       SysConst
 0001:0000B3F0       SysErrorMessage
 0001:00001190       SysFreeMem
 0001:0000021C       SysFreeString
 0001:00001008       SysGetMem
 0001:00005264       SysInit
 0002:00007600       SysLocale
 0001:00001504       SysReallocMem
 0001:00000214       SysReAllocStringLen
 0001:00000224       SysStringLen
 0001:00005000       System
 0001:0000592C       SystemParametersInfo
 0001:00009E2C       SystemTimeToDateTime
 0001:0000DEE8       SysUtils
 0002:00000C9C       TableHeader
 0001:0003CC0C       TActiveXException.Create
 0001:00010A64       TCustomMemoryStream.Read
 0001:00010AD8       TCustomMemoryStream.SaveToFile
 0001:00010AC0       TCustomMemoryStream.SaveToStream
 0001:00010A9C       TCustomMemoryStream.Seek
 0001:00010A5C       TCustomMemoryStream.SetPointer
 0001:0003BD04       TDisAsm.GetInstruction
 0001:00027A04       TEA_Decrypt
 0001:00027954       TEA_Encrypt
 0001:00018EE8       TELAbstractMapParser.Create
 0001:00018F48       TELAbstractMapParser.Destroy
 0001:00018F7C       TELAbstractMapParser.MapStringToStr
 0001:0001945C       TELAbstractMapParser.Parse
 0001:00019D88       TELBinDebugScanner.CacheLineNumbers
 0001:00019E40       TELBinDebugScanner.CacheProcNames
 0001:00019F34       TELBinDebugScanner.CheckFormat
 0001:00019D30       TELBinDebugScanner.Create
[...]
 14941 0001:0005FC47 14944 0001:0005FC4C 14945 0001:0005FC57 14946 0001:0005FC5E
 14947 0001:0005FC75 14950 0001:0005FC78 14951 0001:0005FC7E 14952 0001:0005FC87
 14960 0001:0005FC8C 14961 0001:0005FCAA 14962 0001:0005FCB4 14963 0001:0005FCC1
 14966 0001:0005FCD9 14967 0001:0005FCE1 14968 0001:0005FCEF 14970 0001:0005FCFD
 14971 0001:0005FD09 14972 0001:0005FD24 14973 0001:0005FD2E 14968 0001:0005FD2F
 14975 0001:0005FD3F 14978 0001:0005FD6A 14981 0001:0005FD74 14982 0001:0005FD7F
 14983 0001:0005FD86 14984 0001:0005FD94 14985 0001:0005FDAB 14990 0001:0005FDB0
 14991 0001:0005FDB4 14992 0001:0005FDC9 14993 0001:0005FDD0 14999 0001:0005FDD4
 15000 0001:0005FDDB 15001 0001:0005FDE4 15002 0001:0005FDE6 15003 0001:0005FDF2
 15004 0001:0005FDFD 15005 0001:0005FE09 15006 0001:0005FE12 15011 0001:0005FE18
 15012 0001:0005FE1F 15013 0001:0005FE27 15014 0001:0005FE35 15015 0001:0005FE44
 15017 0001:0005FE60 15019 0001:0005FE70 15024 0001:0005FE74 15027 0001:0005FE7B
 15028 0001:0005FE81 15029 0001:0005FE94 15030 0001:0005FE9C 15031 0001:0005FE9F
 15036 0001:0005FEA4 15039 0001:0005FEAB 15040 0001:0005FEB1 15041 0001:0005FEC4
 15042 0001:0005FECC 15043 0001:0005FECF 15048 0001:0005FED4 15051 0001:0005FEDB
 15052 0001:0005FEE1 15053 0001:0005FEF3 15054 0001:0005FEFB 15055 0001:0005FEFE
 15058 0001:0005FF04 15059 0001:0005FF0A 15060 0001:0005FF13 15064 0001:0005FF18
 15065 0001:0005FF20 15069 0001:0005FF24 15070 0001:0005FF2C 15074 0001:0005FF30
 15075 0001:0005FF38 15079 0001:0005FF3C 15080 0001:0005FF44 15083 0001:0005FF48
 15084 0001:0005FF4F 15085 0001:0005FF5B 15086 0001:0005FF69 15087 0001:0005FF70
 15088 0001:0005FF7F 15093 0001:0005FF84 15094 0001:0005FF8C 15095 0001:0005FF94
 15098 0001:0005FFA2 15099 0001:0005FFA9 15101 0001:0005FFAD 15103 0001:0005FFC3
 15104 0001:0005FFCD 15106 0001:0005FFCE 15099 0001:0005FFCF 15109 0001:0005FFE0
 15111 0001:0005FFF0 15115 0001:0005FFF4 15116 0001:0005FFFE 15117 0001:00060002
 15118 0001:0006000D 15119 0001:0006001B 15120 0001:0006002C 15122 0001:00060050
 15124 0001:00060066 15127 0001:0006006C 15128 0001:0006006D 15130 0001:0006008F
 15131 0001:000600A8 15135 0001:000600AC 15136 0001:000600BB 15137 0001:000600C6
 15138 0001:000600D4 15139 0001:000600E0 15141 0001:00060102 15143 0001:00060115
 15150 0001:0006011C 15151 0001:00060120 15152 0001:00060129 15151 0001:00060132
 15153 0001:00060135 15154 0001:0006013C 15160 0001:00060140 15161 0001:00060146
 15163 0001:0006014F 15164 0001:0006015A 15165 0001:00060163 15168 0001:00060168
 15169 0001:00060173 15170 0001:0006017A 15171 0001:00060191 15174 0001:00060194
 15175 0001:0006019A 15176 0001:000601A3 15185 0001:000601A8 15186 0001:000601AB
 15187 0001:000601C9 15189 0001:000601CC 15191 0001:000601E4 15193 0001:000601E9
 15194 0001:000601EA 15195 0001:000601ED 15197 0001:000601F0 15198 0001:0006020B
 15204 0001:00060214 15205 0001:00060219 15215 0001:0006021C 15216 0001:00060238
 15217 0001:00060288 15218 0001:00060294 15219 0001:000602DF 15220 0001:0006030E
 15309 0001:00060408 15310 0001:00060435 15311 0001:00060444 15312 0001:00060453
 15313 0001:00060461 15314 0001:0006046B 15316 0001:00060482 15317 0001:0006048A
 15318 0001:000604A9 15320 0001:000604BA 15321 0001:000604C6 15322 0001:000604D4
 15323 0001:000604D8 15324 0001:000604E0 15325 0001:000604FA 15326 0001:00060506
 15327 0001:0006051B 15328 0001:00060529 15329 0001:00060547 15330 0001:00060567
 15331 0001:0006058A 15332 0001:000605AD 15333 0001:000605CD 15334 0001:000605ED
 15335 0001:000605F2 15337 0001:00060604 15338 0001:00060615 15337 0001:00060623
 15340 0001:00060626 15342 0001:0006062C 15343 0001:00060647 15345 0001:00060665
 15346 0001:00060673 15348 0001:00060676 15350 0001:00060680 15314 0001:00060681
 15352 0001:00060697 15353 0001:0006069F 15355 0001:000606D1 15357 0001:000606F8
 15358 0001:0006072E 15359 0001:00060735 15360 0001:00060743 15361 0001:00060751
 15363 0001:0006075E 15364 0001:00060774 15365 0001:00060782 15367 0001:000607A1
 15370 0001:000607CC 15373 0001:000607E9 15375 0001:0006081A 15378 0001:00060824
 15379 0001:00060829 15380 0001:00060830 15382 0001:00060834 15383 0001:0006083B
 15384 0001:00060844 15386 0001:00060853 15388 0001:00060862 15546 0001:00060868
 15547 0001:0006086F 15548 0001:00060879 15549 0001:00060887 15551 0001:000608A5
 15553 0001:000608BA 15574 0001:000608C0 15575 0001:000608C5 15579 0001:000608C8
 15580 0001:000608CD 15616 0001:000608D0 15617 0001:000608D2 15618 0001:000608D5
 15620 0001:000608D8 15621 0001:000608E6 15623 0001:000608EA 15624 0001:000608F4
 15625 0001:00060902 15627 0001:0006090B 15628 0001:0006091F 15630 0001:00060923
 15631 0001:00060935 15635 0001:0006093F 15642 0001:00060973 15644 0001:0006097E
 15645 0001:00060984 15647 0001:0006098A 15648 0001:000609AC 15652 0001:000609E1
 15654 0001:000609F6 15662 0001:00060A14 15663 0001:00060A1A 15664 0001:00060A37
 15665 0001:00060A41 15671 0001:00060A44 15672 0001:00060A4A 15673 0001:00060A67
 15674 0001:00060A71 15697 0001:00060A74 15698 0001:00060A7D 15701 0001:00060AA3
 15702 0001:00060AAD 15703 0001:00060ABB 15705 0001:00060AD2 15708 0001:00060AE1
 15711 0001:00060AE8 15712 0001:00060AEE 15714 0001:00060B1A 15715 0001:00060B24
 15742 0001:00060B28 15743 0001:00060B3D 15744 0001:00060B45 15746 0001:00060B4B
 15747 0001:00060B63 15749 0001:00060B67 15750 0001:00060B78 15753 0001:00060B8F
 15754 0001:00060BA7 15755 0001:00060BAB 15757 0001:00060BC9 15758 0001:00060BD8
 15759 0001:00060BEE 15760 0001:00060C12 15771 0001:00060C5C 15772 0001:00060C70
 15774 0001:00060CC4 15788 0001:00060CDC 15789 0001:00060CFC 15790 0001:00060D0B
 15792 0001:00060D11 15793 0001:00060D1F 15795 0001:00060D34 15796 0001:00060D4F
 15797 0001:00060D5A 15798 0001:00060D68 15799 0001:00060D7D 15800 0001:00060D85
 15802 0001:00060D91 15803 0001:00060DA3 15804 0001:00060DB1 15806 0001:00060DCC
 15809 0001:00060DEC 15811 0001:00060E1C 15813 0001:00060E24 15814 0001:00060E44
 15816 0001:00060E53 15817 0001:00060E62 15818 0001:00060E70 15819 0001:00060E7E
 15820 0001:00060E8C 15821 0001:00060E99 15822 0001:00060EB2 15823 0001:00060ECA
 15826 0001:00060EE8 15827 0001:00060F12 15829 0001:00060F1F 15830 0001:00060F2E
 15831 0001:00060F3C 15832 0001:00060F58 15833 0001:00060F62 15834 0001:00060F71
 15835 0001:00060F7F 15836 0001:00060F8A 15837 0001:00060F94 15838 0001:00060FA6
 15840 0001:00060FCF 15843 0001:00060FEC 15846 0001:00060FFC 15849 0001:00061016
 15852 0001:00061039 15855 0001:00061049 15856 0001:00061074 15864 0001:00061088
 15865 0001:000610AB 15868 0001:000610CC 15869 0001:000610D0 15872 0001:000610E7
 15873 0001:00061100 15875 0001:00061132 15880 0001:0006113C 15881 0001:00061142
 15882 0001:0006115C 15883 0001:00061166 15889 0001:0006116C 15890 0001:00061173
 15892 0001:00061175 15893 0001:0006117A 15894 0001:0006117D 15896 0001:0006117F
 15897 0001:00061185 15898 0001:0006118B 15899 0001:0006118C 15900 0001:00061192
 15901 0001:00061194 15902 0001:00061196 15903 0001:00061198 15904 0001:0006119E
 15905 0001:000611A0 15906 0001:000611A2 15907 0001:000611A4 15908 0001:000611A9
 15909 0001:000611AB 15910 0001:000611B0 15911 0001:000611B2 15912 0001:000611B3
 15913 0001:000611B8 15914 0001:000611B9 15917 0001:000611BE 15918 0001:000611C4
 15923 0001:000611C8 15924 0001:000611DA 15925 0001:000611FC 15936 0001:00061200
 15937 0001:00061223 15939 0001:00061228 15942 0001:00061231 15943 0001:0006123E
 15944 0001:0006124B 15948 0001:0006125A 15950 0001:0006125C 15951 0001:00061265
 15955 0001:00061295 15956 0001:0006129C 15958 0001:000612A1 15961 0001:000612AA
 15963 0001:000612AC 15964 0001:000612B3 15965 0001:000612B4 15966 0001:000612C2
 15968 0001:000612C4 15969 0001:000612E1 15970 0001:00061300 15972 0001:00061308
 15973 0001:00061313 15974 0001:0006131F 15975 0001:0006132D 15976 0001:0006133F
 15977 0001:00061349 15980 0001:00061377 15982 0001:0006139E 15985 0001:000613AC
 15987 0001:000613E7 15991 0001:00061404 15992 0001:0006140F 15995 0001:00061423
 15996 0001:00061450 16001 0001:00061458 16002 0001:0006145B 16005 0001:00061476
 16006 0001:0006147D 16007 0001:0006148B 16008 0001:000614A8 16010 0001:000614AF
 16011 0001:000614C0 16012 0001:000614C9 16013 0001:000614D5 16015 0001:000614DF
 16017 0001:000614F3 16019 0001:00061502 16023 0001:00061504 16025 0001:00061516
 16026 0001:00061520 16027 0001:0006152E 16029 0001:00061540 16030 0001:00061550
 16031 0001:0006155A 16032 0001:00061561 16039 0001:00061564 16040 0001:0006156A
 16042 0001:00061573 16044 0001:0006157B 16045 0001:00061584 16046 0001:0006158E
 16048 0001:00061595 16052 0001:0006159D 16053 0001:000615A6 16056 0001:000615AC
 16057 0001:000615B2 16059 0001:000615BB 16061 0001:000615C0 16062 0001:000615C9
 16063 0001:000615D6 16065 0001:000615DD 16069 0001:000615E5 16070 0001:000615EE
 16074 0001:000615F4 16075 0001:000615F9 16079 0001:000615FC 16080 0001:00061601
 16087 0001:00061604 16088 0001:00061628 16091 0001:00061664 16092 0001:0006167B
 16096 0001:0006168A 16097 0001:000616A1 16101 0001:000616B0 16102 0001:000616C7
 16106 0001:000616D6 16107 0001:000616ED 16111 0001:000616FC 16112 0001:00061713
 16116 0001:00061722 16117 0001:00061739 16121 0001:0006175E 16122 0001:00061775
 16126 0001:00061797 16130 0001:000617B0 16134 0001:000617C9 16137 0001:0006180F
 16240 0001:0006181C 16241 0001:00061837 16242 0001:00061845 16243 0001:0006184E
 16245 0001:00061858 16246 0001:0006186C 16243 0001:0006186F 16247 0001:0006188F
 16257 0001:00061898 16258 0001:000618B0 16260 0001:000618BD 16262 0001:000618CB
 16263 0001:000618D2 16265 0001:000618E9 16269 0001:00061904 16270 0001:00061912
 16271 0001:00061919 16273 0001:00061930 16277 0001:0006194B 16278 0001:00061959
 16279 0001:00061960 16280 0001:00061967 16282 0001:00061973 16283 0001:0006197A
 16285 0001:0006198B 16286 0001:000619A4 16288 0001:000619AC 16291 0001:000619BD
 16292 0001:000619C9 16294 0001:000619E7 16296 0001:000619FA 16297 0001:00061A0B
 16298 0001:00061A1E 16299 0001:00061A31 16300 0001:00061A42 16301 0001:00061A4C
 16302 0001:00061A56 16303 0001:00061A60 16304 0001:00061A6A 16305 0001:00061A79
 16306 0001:00061A80 16308 0001:00061AA2 16310 0001:00061AB0 16311 0001:00061AB9
 16312 0001:00061AC1 16314 0001:00061AC9 16315 0001:00061ADA 16316 0001:00061AEB
 16317 0001:00061AFC 16318 0001:00061B01 16319 0001:00061B12 16320 0001:00061B23
 16321 0001:00061B34 16323 0001:00061B48 16325 0001:00061B79 16333 0001:00061BEC
 16334 0001:00061C13 16336 0001:00061C20 16337 0001:00061C24 16338 0001:00061C32
 16340 0001:00061C3A 16341 0001:00061C46 16342 0001:00061C59 16345 0001:00061C73
 16347 0001:00061C79 16348 0001:00061C7D 16350 0001:00061C81 16351 0001:00061C8D
 16354 0001:00061C9A 16355 0001:00061C9E 16356 0001:00061CC1 16357 0001:00061CC7
 16358 0001:00061CCD 16360 0001:00061CD9 16338 0001:00061CDD 16362 0001:00061CE6
 16363 0001:00061CEF 16364 0001:00061CF8 16366 0001:00061D14 16368 0001:00061D38
 16370 0001:00061D47 16376 0001:00061D6C 16377 0001:00061D8E 16379 0001:00061D9B
 16381 0001:00061DB7 16385 0001:00061DC5 16387 0001:00061DCC 16390 0001:00061DEB
 16394 0001:00061E68 16396 0001:00061E76 16398 0001:00061EAD 16401 0001:00061ECC
 16406 0001:00061EDD 16407 0001:00061EE7 16410 0001:00061EEE 16411 0001:00061EFC
 16412 0001:00061F03 16413 0001:00061F0D 16414 0001:00061F14 16415 0001:00061F1E
 16416 0001:00061F25 16417 0001:00061F2F 16418 0001:00061F36 16419 0001:00061F40
 16420 0001:00061F4A 16421 0001:00061F54 16422 0001:00061F5E 16423 0001:00061F68
 16424 0001:00061F6F 16425 0001:00061F79 16426 0001:00061F80 16427 0001:00061F8A
 16428 0001:00061F91 16429 0001:00061F9B 16430 0001:00061FA2 16431 0001:00061FAC
 16432 0001:00061FB3 16433 0001:00061FBD 16434 0001:00061FC4 16435 0001:00061FCE
 16436 0001:00061FD5 16437 0001:00061FDF 16438 0001:00061FE6 16439 0001:00061FF0
 16440 0001:00061FF7 16441 0001:00062002 16442 0001:00062011 16445 0001:00062016
 16446 0001:00062020 16447 0001:0006202A 16448 0001:00062034 16449 0001:0006203E
 16450 0001:00062048 16451 0001:00062052 16452 0001:0006205C 16453 0001:00062066
 16454 0001:00062070 16455 0001:0006207A 16456 0001:00062084 16457 0001:0006208E
 16458 0001:00062098 16459 0001:000620A2 16460 0001:000620AC 16461 0001:000620B6
 16462 0001:000620C0 16463 0001:000620CA 16464 0001:000620D4 16465 0001:000620DE
 16466 0001:000620E8 16467 0001:000620F2 16468 0001:000620FC 16469 0001:00062106
 16470 0001:00062110 16471 0001:0006211A 16472 0001:00062124 16473 0001:0006212E
 16474 0001:00062138 16475 0001:00062142 16476 0001:0006214C 16478 0001:00062151
 16481 0001:0006216A 16485 0001:00062185 16487 0001:00062193 16488 0001:0006219A
 16490 0001:000621B1 16494 0001:000621CC 16495 0001:000621DA 16496 0001:000621E1
 16498 0001:000621F8 16501 0001:00062235 16505 0001:000622EC 16506 0001:00062303
 16510 0001:00062304 16511 0001:0006231B 16518 0001:0006231C 16519 0001:00062326
 16522 0001:00062328 16524 0001:0006233B 16525 0001:00062346 16526 0001:00062351
 16529 0001:0006235C 16530 0001:00062367 16533 0001:00062372 16534 0001:0006238E
 16535 0001:000623B6 16552 0001:000623BC 16556 0001:000623C0 16557 0001:000623C7
 16558 0001:000623CD 16563 0001:000623D0 16564 0001:000623D7 16566 0001:000623F4
 16568 0001:000623F9 16570 0001:000623FE 16571 0001:000623FF 16572 0001:00062402
 16574 0001:00062405 16575 0001:00062415 16580 0001:0006241C 16581 0001:00062423
 16586 0001:00062451 16588 0001:00062456 16589 0001:00062457 16590 0001:0006245A
 16592 0001:0006245D 16593 0001:0006246D 16598 0001:00062474 16599 0001:0006247A
 16600 0001:00062489 16601 0001:00062497 16603 0001:000624BC 16605 0001:000624CF
 16610 0001:000624D4 16611 0001:000624DB 16613 0001:000624F8 16615 0001:000624FD
 16617 0001:00062502 16618 0001:00062503 16619 0001:00062506 16621 0001:00062509
 16622 0001:00062519 16634 0001:00062520 16635 0001:00062529 16638 0001:00062530
 16639 0001:0006253F 16640 0001:0006254D 16641 0001:00062557 16642 0001:00062566
 16644 0001:00062571 16645 0001:0006257B 16646 0001:0006258A 16648 0001:00062595
 16649 0001:0006259F 16650 0001:000625AE 16652 0001:000625B9 16657 0001:000625C3
 16659 0001:000625CA 16660 0001:000625D9 16661 0001:000625E3 16652 0001:000625E4
 16663 0001:000625E7 16666 0001:000625F1 16667 0001:0006260B 16668 0001:0006261C
 16663 0001:0006261D 16670 0001:0006262D 16672 0001:0006263D 16684 0001:00062644
 16685 0001:0006264A 16697 0001:00062651 16698 0001:0006265E 16702 0001:00062660
 16703 0001:00062667 16704 0001:0006266D 16706 0001:00062670 16707 0001:00062676
 16709 0001:0006267D 16710 0001:00062682 16711 0001:00062690 16713 0001:00062699
 16714 0001:000626A4 16716 0001:000626BD 16717 0001:000626CD 16719 0001:000626DA
 16720 0001:000626DF 16721 0001:000626EE 16723 0001:000626F8 16724 0001:00062704
 16726 0001:0006271E 16728 0001:0006272A 16738 0001:00062730 16739 0001:0006274B
 16740 0001:00062758 16741 0001:00062774 16742 0001:000627C1 16744 0001:00062810
 16746 0001:0006282E 16757 0001:00062849 16767 0001:00062864 16770 0001:00062871
 16773 0001:00062882 16797 0001:00062893 16800 0001:00062898 16804 0001:000628B8
 16807 0001:000628D8 16808 0001:000628D9 16810 0001:000628E3 16815 0001:00062903
 16820 0001:0006291E 16825 0001:00062939 16826 0001:00062942 16831 0001:0006295D
 16833 0001:0006296B 16836 0001:000629A8 16840 0001:00062BD0 16841 0001:00062BEB
 16844 0001:00062BEC 16845 0001:00062BEF 16846 0001:00062C00 16849 0001:00062C04
 16853 0001:00062C07 16855 0001:00062C0E 16870 0001:00062C10 16871 0001:00062C13
 16873 0001:00062C1A 16878 0001:00062C1C 16879 0001:00062C24 16881 0001:00062C33
 16882 0001:00062C38 16884 0001:00062C45 16887 0001:00062C6D 16888 0001:00062C80
 16890 0001:00062C82 16882 0001:00062C83 16891 0001:00062C86 16902 0001:00062C8C
 16903 0001:00062C93 16904 0001:00062CA6 16905 0001:00062CB4 16907 0001:00062CCB
 16909 0001:00062CDB 16911 0001:00062CE0 16912 0001:00062CFD 16913 0001:00062D01
 16915 0001:00062D1E 16916 0001:00062D2D 16917 0001:00062D3B 16918 0001:00062D53
 16920 0001:00062D67 16921 0001:00062D79 16922 0001:00062D7C 16923 0001:00062D81
 16924 0001:00062D96 16926 0001:00062DA9 16928 0001:00062DDE 16930 0001:00062DE4
 16931 0001:00062E03 16932 0001:00062E21 16934 0001:00062E2B 16936 0001:00062E36
 16939 0001:00062E60 16942 0001:00062E7D 16943 0001:00062E84 16944 0001:00062E8B
 16945 0001:00062E92 16946 0001:00062E99 16947 0001:00062EAE 16948 0001:00062EB5
 16949 0001:00062EBC 16950 0001:00062EC3 16951 0001:00062ECA 16952 0001:00062ED1
 16953 0001:00062ED8 16954 0001:00062EDF 16955 0001:00062EE6 16956 0001:00062EED
 16957 0001:00062F04 16958 0001:00062F1B 16959 0001:00062F22 16960 0001:00062F2C
 16961 0001:00062F33 16962 0001:00062F42 16963 0001:00062F49 16964 0001:00062F5A
 16965 0001:00062F64 16967 0001:00062F6B 16968 0001:00062F75 16969 0001:00062F7F
 16971 0001:00062F89 16973 0001:00062F8E 16976 0001:00062F97 16979 0001:00062F9C
 16981 0001:00062FAA 16982 0001:00062FB1 16986 0001:00062FB6 16987 0001:00062FC7
 16989 0001:00062FD8 16990 0001:00062FF1 16992 0001:00062FF9 17021 0001:0006300C
 17023 0001:00063011 17024 0001:00063022 17025 0001:00063033 17026 0001:00063044
 17027 0001:00063055 17029 0001:00063066 17030 0001:0006306D 17031 0001:00063079
 17032 0001:00063080 17033 0001:00063087 17034 0001:00063091 17035 0001:00063098
 17036 0001:0006309F 17039 0001:000630C1 17040 0001:000630D4 17042 0001:000630E2
 17043 0001:000630EB 17044 0001:000630F3 17047 0001:000630FB 17048 0001:00063100
 17049 0001:0006310A 17050 0001:00063114 17052 0001:00063125 17053 0001:00063136
 17054 0001:0006313B 17055 0001:00063142 17056 0001:0006314C 17057 0001:00063156
 17058 0001:0006315D 17059 0001:00063164 17060 0001:0006316B 17061 0001:00063172
 17062 0001:00063179 17064 0001:00063180 17065 0001:00063187 17066 0001:0006318E
 17068 0001:00063195 17070 0001:0006319C 17073 0001:000631A4 17075 0001:000631AE
 17077 0001:000631C8 17078 0001:000631D4 17079 0001:000631DF 17080 0001:000631EB
 17082 0001:000631F6 17085 0001:000631FB 17091 0001:00063248 17097 0001:00063295
 17103 0001:000632E2 17104 0001:000632F7 17106 0001:00063300 17120 0001:00063319
 17126 0001:00063366 17132 0001:000633B3 17138 0001:00063400 17140 0001:0006340E
 17142 0001:0006341C 17144 0001:0006342A 17145 0001:0006342F 17149 0001:00063459
 17151 0001:00063466 17154 0001:0006347A 17155 0001:000634AC 17159 0001:000634E8
 17163 0001:000634EF 17164 0001:000634F4 17167 0001:00063523 17174 0001:000635F4
 17175 0001:00063608 17176 0001:00063616 17178 0001:00063629 17179 0001:00063633
 17181 0001:0006363D 17182 0001:00063650 17184 0001:00063657 17185 0001:00063661
 17186 0001:00063668 17187 0001:00063672 17188 0001:00063679 17189 0001:00063683
 17190 0001:0006368A 17191 0001:00063694 17192 0001:0006369B 17193 0001:000636A5
 17195 0001:000636AC 17196 0001:000636B1 17198 0001:000636BC 17200 0001:000636CE
 17201 0001:000636DB 17204 0001:000636E8 17205 0001:000636F1 17207 0001:00063700
 17208 0001:0006370A 17209 0001:00063711 17210 0001:0006371B 17211 0001:00063722
 17212 0001:0006372C 17214 0001:00063733 17215 0001:0006373D 17216 0001:00063747
 17217 0001:00063751 17218 0001:0006375B 17221 0001:00063762 17223 0001:0006376B
 17224 0001:00063777 17225 0001:00063781 17228 0001:00063794 17229 0001:0006379E
 17230 0001:000637A5 17231 0001:000637AF 17232 0001:000637B6 17233 0001:000637C0
 17235 0001:000637C7 17236 0001:000637D6 17238 0001:000637DD 17239 0001:000637E2
 17241 0001:000637F6 17242 0001:00063800 17243 0001:00063807 17245 0001:00063836
 17273 0001:0006384C 17274 0001:00063878 17276 0001:000639DE 17268 0001:000639FC
 17269 0001:00063A20 17270 0001:00063A2F 17272 0001:00063A49

Line numbers for TimeNow(C:\Users\sudiptas\Documents\epascal4code\epascalcode\03\TimeNow.dpr) segment .text

    26 0001:00063B98    28 0001:00063BC3    32 0001:00063BCA    36 0001:00063BD1
    43 0001:00063BD8    47 0001:00063BE4    49 0001:00063BF3    52 0001:00063C23
    53 0001:00063C4F

Bound resource files

C:\Program Files (x86)\EurekaLog 6\Delphi5\DIALOG.RES
TimeNow.drf


Program entry point at 0001:00063B98
